[0.014s] Invoking command in '/home/giacomo/IR_LABS/Assignments/ws_07_assignments/build/ir_movit_config': CMAKE_PREFIX_PATH=/home/giacomo/IR_LABS/Assignments/ws_07_assignments/install/ir_desription:/home/giacomo/IR_LABS/Assignments/ws_07_assignments/install/ir_movit_config:/home/giacomo/IR_LABS/Assignments/ws_07_assignments/install/ir_launch:/home/giacomo/IR_LABS/Assignments/ws_07_assignments/install/ir_base:/home/giacomo/IR_LABS/Assignments/ws_07_assignments/install/assignment_1_07:/home/giacomo/IR_LABS/Assignments/ws_07_assignments/install/apriltag_ros:/opt/ros/jazzy/opt/gz_sim_vendor:/opt/ros/jazzy/opt/gz_sensors_vendor:/opt/ros/jazzy/opt/gz_physics_vendor:/opt/ros/jazzy/opt/sdformat_vendor:/opt/ros/jazzy/opt/gz_gui_vendor:/opt/ros/jazzy/opt/gz_transport_vendor:/opt/ros/jazzy/opt/gz_rendering_vendor:/opt/ros/jazzy/opt/gz_plugin_vendor:/opt/ros/jazzy/opt/gz_fuel_tools_vendor:/opt/ros/jazzy/opt/gz_msgs_vendor:/opt/ros/jazzy/opt/gz_common_vendor:/opt/ros/jazzy/opt/gz_math_vendor:/opt/ros/jazzy/opt/gz_utils_vendor:/opt/ros/jazzy/opt/gz_tools_vendor:/opt/ros/jazzy/opt/gz_ogre_next_vendor:/opt/ros/jazzy/opt/gz_dartsim_vendor:/opt/ros/jazzy/opt/gz_cmake_vendor:/opt/ros/jazzy DEBUGINFOD_URLS=https://debuginfod.ubuntu.com /usr/bin/cmake /home/giacomo/IR_LABS/Assignments/ws_07_assignments/src/ir_2526/ir_movit_config -DCMAKE_INSTALL_PREFIX=/home/giacomo/IR_LABS/Assignments/ws_07_assignments/install/ir_movit_config
[0.054s] -- The C compiler identification is GNU 13.3.0
[0.094s] -- The CXX compiler identification is GNU 13.3.0
[0.107s] -- Detecting C compiler ABI info
[0.179s] -- Detecting C compiler ABI info - done
[0.189s] -- Check for working C compiler: /usr/bin/cc - skipped
[0.189s] -- Detecting C compile features
[0.189s] -- Detecting C compile features - done
[0.198s] -- Detecting CXX compiler ABI info
[0.277s] -- Detecting CXX compiler ABI info - done
[0.283s] -- Check for working CXX compiler: /usr/bin/c++ - skipped
[0.284s] -- Detecting CXX compile features
[0.284s] -- Detecting CXX compile features - done
[0.287s] -- Found ament_cmake: 2.5.4 (/opt/ros/jazzy/share/ament_cmake/cmake)
[0.405s] -- Found Python3: /usr/bin/python3 (found version "3.12.3") found components: Interpreter 
[0.499s] -- Found rclcpp: 28.1.12 (/opt/ros/jazzy/share/rclcpp/cmake)
[0.538s] -- Found rosidl_generator_c: 4.6.6 (/opt/ros/jazzy/share/rosidl_generator_c/cmake)
[0.551s] -- Found rosidl_generator_cpp: 4.6.6 (/opt/ros/jazzy/share/rosidl_generator_cpp/cmake)
[0.566s] -- Using all available rosidl_typesupport_c: rosidl_typesupport_fastrtps_c;rosidl_typesupport_introspection_c
[0.582s] -- Using all available rosidl_typesupport_cpp: rosidl_typesupport_fastrtps_cpp;rosidl_typesupport_introspection_cpp
[0.649s] -- Found rmw_implementation_cmake: 7.3.2 (/opt/ros/jazzy/share/rmw_implementation_cmake/cmake)
[0.653s] -- Found rmw_fastrtps_cpp: 8.4.3 (/opt/ros/jazzy/share/rmw_fastrtps_cpp/cmake)
[0.728s] -- Found OpenSSL: /usr/lib/x86_64-linux-gnu/libcrypto.so (found version "3.0.13")  
[0.745s] -- Found FastRTPS: /opt/ros/jazzy/include (Required is at least version "2.13") 
[0.771s] -- Using RMW implementation 'rmw_fastrtps_cpp' as default
[0.884s] -- Found sensor_msgs: 5.3.6 (/opt/ros/jazzy/share/sensor_msgs/cmake)
[1.067s] -- Configuring done (1.0s)
[1.075s] -- Generating done (0.0s)
[1.078s] -- Build files have been written to: /home/giacomo/IR_LABS/Assignments/ws_07_assignments/build/ir_movit_config
[1.086s] Invoked command in '/home/giacomo/IR_LABS/Assignments/ws_07_assignments/build/ir_movit_config' returned '0': CMAKE_PREFIX_PATH=/home/giacomo/IR_LABS/Assignments/ws_07_assignments/install/ir_desription:/home/giacomo/IR_LABS/Assignments/ws_07_assignments/install/ir_movit_config:/home/giacomo/IR_LABS/Assignments/ws_07_assignments/install/ir_launch:/home/giacomo/IR_LABS/Assignments/ws_07_assignments/install/ir_base:/home/giacomo/IR_LABS/Assignments/ws_07_assignments/install/assignment_1_07:/home/giacomo/IR_LABS/Assignments/ws_07_assignments/install/apriltag_ros:/opt/ros/jazzy/opt/gz_sim_vendor:/opt/ros/jazzy/opt/gz_sensors_vendor:/opt/ros/jazzy/opt/gz_physics_vendor:/opt/ros/jazzy/opt/sdformat_vendor:/opt/ros/jazzy/opt/gz_gui_vendor:/opt/ros/jazzy/opt/gz_transport_vendor:/opt/ros/jazzy/opt/gz_rendering_vendor:/opt/ros/jazzy/opt/gz_plugin_vendor:/opt/ros/jazzy/opt/gz_fuel_tools_vendor:/opt/ros/jazzy/opt/gz_msgs_vendor:/opt/ros/jazzy/opt/gz_common_vendor:/opt/ros/jazzy/opt/gz_math_vendor:/opt/ros/jazzy/opt/gz_utils_vendor:/opt/ros/jazzy/opt/gz_tools_vendor:/opt/ros/jazzy/opt/gz_ogre_next_vendor:/opt/ros/jazzy/opt/gz_dartsim_vendor:/opt/ros/jazzy/opt/gz_cmake_vendor:/opt/ros/jazzy DEBUGINFOD_URLS=https://debuginfod.ubuntu.com /usr/bin/cmake /home/giacomo/IR_LABS/Assignments/ws_07_assignments/src/ir_2526/ir_movit_config -DCMAKE_INSTALL_PREFIX=/home/giacomo/IR_LABS/Assignments/ws_07_assignments/install/ir_movit_config
[1.087s] Invoking command in '/home/giacomo/IR_LABS/Assignments/ws_07_assignments/build/ir_movit_config': CMAKE_PREFIX_PATH=/home/giacomo/IR_LABS/Assignments/ws_07_assignments/install/ir_desription:/home/giacomo/IR_LABS/Assignments/ws_07_assignments/install/ir_movit_config:/home/giacomo/IR_LABS/Assignments/ws_07_assignments/install/ir_launch:/home/giacomo/IR_LABS/Assignments/ws_07_assignments/install/ir_base:/home/giacomo/IR_LABS/Assignments/ws_07_assignments/install/assignment_1_07:/home/giacomo/IR_LABS/Assignments/ws_07_assignments/install/apriltag_ros:/opt/ros/jazzy/opt/gz_sim_vendor:/opt/ros/jazzy/opt/gz_sensors_vendor:/opt/ros/jazzy/opt/gz_physics_vendor:/opt/ros/jazzy/opt/sdformat_vendor:/opt/ros/jazzy/opt/gz_gui_vendor:/opt/ros/jazzy/opt/gz_transport_vendor:/opt/ros/jazzy/opt/gz_rendering_vendor:/opt/ros/jazzy/opt/gz_plugin_vendor:/opt/ros/jazzy/opt/gz_fuel_tools_vendor:/opt/ros/jazzy/opt/gz_msgs_vendor:/opt/ros/jazzy/opt/gz_common_vendor:/opt/ros/jazzy/opt/gz_math_vendor:/opt/ros/jazzy/opt/gz_utils_vendor:/opt/ros/jazzy/opt/gz_tools_vendor:/opt/ros/jazzy/opt/gz_ogre_next_vendor:/opt/ros/jazzy/opt/gz_dartsim_vendor:/opt/ros/jazzy/opt/gz_cmake_vendor:/opt/ros/jazzy DEBUGINFOD_URLS=https://debuginfod.ubuntu.com /usr/bin/cmake --build /home/giacomo/IR_LABS/Assignments/ws_07_assignments/build/ir_movit_config -- -j16 -l16
[1.137s] [ 50%] [32mBuilding CXX object CMakeFiles/short_joint_state_publisher.dir/src/short_joint_state_publisher.cpp.o[0m
[4.180s] [100%] [32m[1mLinking CXX executable short_joint_state_publisher[0m
[4.318s] [100%] Built target short_joint_state_publisher
[4.329s] Invoked command in '/home/giacomo/IR_LABS/Assignments/ws_07_assignments/build/ir_movit_config' returned '0': CMAKE_PREFIX_PATH=/home/giacomo/IR_LABS/Assignments/ws_07_assignments/install/ir_desription:/home/giacomo/IR_LABS/Assignments/ws_07_assignments/install/ir_movit_config:/home/giacomo/IR_LABS/Assignments/ws_07_assignments/install/ir_launch:/home/giacomo/IR_LABS/Assignments/ws_07_assignments/install/ir_base:/home/giacomo/IR_LABS/Assignments/ws_07_assignments/install/assignment_1_07:/home/giacomo/IR_LABS/Assignments/ws_07_assignments/install/apriltag_ros:/opt/ros/jazzy/opt/gz_sim_vendor:/opt/ros/jazzy/opt/gz_sensors_vendor:/opt/ros/jazzy/opt/gz_physics_vendor:/opt/ros/jazzy/opt/sdformat_vendor:/opt/ros/jazzy/opt/gz_gui_vendor:/opt/ros/jazzy/opt/gz_transport_vendor:/opt/ros/jazzy/opt/gz_rendering_vendor:/opt/ros/jazzy/opt/gz_plugin_vendor:/opt/ros/jazzy/opt/gz_fuel_tools_vendor:/opt/ros/jazzy/opt/gz_msgs_vendor:/opt/ros/jazzy/opt/gz_common_vendor:/opt/ros/jazzy/opt/gz_math_vendor:/opt/ros/jazzy/opt/gz_utils_vendor:/opt/ros/jazzy/opt/gz_tools_vendor:/opt/ros/jazzy/opt/gz_ogre_next_vendor:/opt/ros/jazzy/opt/gz_dartsim_vendor:/opt/ros/jazzy/opt/gz_cmake_vendor:/opt/ros/jazzy DEBUGINFOD_URLS=https://debuginfod.ubuntu.com /usr/bin/cmake --build /home/giacomo/IR_LABS/Assignments/ws_07_assignments/build/ir_movit_config -- -j16 -l16
[4.330s] Invoking command in '/home/giacomo/IR_LABS/Assignments/ws_07_assignments/build/ir_movit_config': CMAKE_PREFIX_PATH=/home/giacomo/IR_LABS/Assignments/ws_07_assignments/install/ir_desription:/home/giacomo/IR_LABS/Assignments/ws_07_assignments/install/ir_movit_config:/home/giacomo/IR_LABS/Assignments/ws_07_assignments/install/ir_launch:/home/giacomo/IR_LABS/Assignments/ws_07_assignments/install/ir_base:/home/giacomo/IR_LABS/Assignments/ws_07_assignments/install/assignment_1_07:/home/giacomo/IR_LABS/Assignments/ws_07_assignments/install/apriltag_ros:/opt/ros/jazzy/opt/gz_sim_vendor:/opt/ros/jazzy/opt/gz_sensors_vendor:/opt/ros/jazzy/opt/gz_physics_vendor:/opt/ros/jazzy/opt/sdformat_vendor:/opt/ros/jazzy/opt/gz_gui_vendor:/opt/ros/jazzy/opt/gz_transport_vendor:/opt/ros/jazzy/opt/gz_rendering_vendor:/opt/ros/jazzy/opt/gz_plugin_vendor:/opt/ros/jazzy/opt/gz_fuel_tools_vendor:/opt/ros/jazzy/opt/gz_msgs_vendor:/opt/ros/jazzy/opt/gz_common_vendor:/opt/ros/jazzy/opt/gz_math_vendor:/opt/ros/jazzy/opt/gz_utils_vendor:/opt/ros/jazzy/opt/gz_tools_vendor:/opt/ros/jazzy/opt/gz_ogre_next_vendor:/opt/ros/jazzy/opt/gz_dartsim_vendor:/opt/ros/jazzy/opt/gz_cmake_vendor:/opt/ros/jazzy DEBUGINFOD_URLS=https://debuginfod.ubuntu.com /usr/bin/cmake --install /home/giacomo/IR_LABS/Assignments/ws_07_assignments/build/ir_movit_config
[4.353s] -- Install configuration: ""
[4.353s] -- Installing: /home/giacomo/IR_LABS/Assignments/ws_07_assignments/install/ir_movit_config/share/ament_index/resource_index/package_run_dependencies/ir_movit_config
[4.353s] -- Installing: /home/giacomo/IR_LABS/Assignments/ws_07_assignments/install/ir_movit_config/share/ament_index/resource_index/parent_prefix_path/ir_movit_config
[4.353s] -- Installing: /home/giacomo/IR_LABS/Assignments/ws_07_assignments/install/ir_movit_config/share/ir_movit_config/environment/ament_prefix_path.sh
[4.353s] -- Installing: /home/giacomo/IR_LABS/Assignments/ws_07_assignments/install/ir_movit_config/share/ir_movit_config/environment/ament_prefix_path.dsv
[4.353s] -- Installing: /home/giacomo/IR_LABS/Assignments/ws_07_assignments/install/ir_movit_config/share/ir_movit_config/environment/path.sh
[4.353s] -- Installing: /home/giacomo/IR_LABS/Assignments/ws_07_assignments/install/ir_movit_config/share/ir_movit_config/environment/path.dsv
[4.354s] -- Installing: /home/giacomo/IR_LABS/Assignments/ws_07_assignments/install/ir_movit_config/share/ir_movit_config/local_setup.bash
[4.354s] -- Installing: /home/giacomo/IR_LABS/Assignments/ws_07_assignments/install/ir_movit_config/share/ir_movit_config/local_setup.sh
[4.354s] -- Installing: /home/giacomo/IR_LABS/Assignments/ws_07_assignments/install/ir_movit_config/share/ir_movit_config/local_setup.zsh
[4.354s] -- Installing: /home/giacomo/IR_LABS/Assignments/ws_07_assignments/install/ir_movit_config/share/ir_movit_config/local_setup.dsv
[4.354s] -- Installing: /home/giacomo/IR_LABS/Assignments/ws_07_assignments/install/ir_movit_config/share/ir_movit_config/package.dsv
[4.354s] -- Installing: /home/giacomo/IR_LABS/Assignments/ws_07_assignments/install/ir_movit_config/share/ament_index/resource_index/packages/ir_movit_config
[4.354s] -- Installing: /home/giacomo/IR_LABS/Assignments/ws_07_assignments/install/ir_movit_config/share/ir_movit_config/cmake/ir_movit_configConfig.cmake
[4.354s] -- Installing: /home/giacomo/IR_LABS/Assignments/ws_07_assignments/install/ir_movit_config/share/ir_movit_config/cmake/ir_movit_configConfig-version.cmake
[4.354s] -- Installing: /home/giacomo/IR_LABS/Assignments/ws_07_assignments/install/ir_movit_config/share/ir_movit_config/package.xml
[4.354s] -- Installing: /home/giacomo/IR_LABS/Assignments/ws_07_assignments/install/ir_movit_config/share/ir_movit_config/launch
[4.354s] -- Installing: /home/giacomo/IR_LABS/Assignments/ws_07_assignments/install/ir_movit_config/share/ir_movit_config/launch/ir_ur.py
[4.354s] -- Installing: /home/giacomo/IR_LABS/Assignments/ws_07_assignments/install/ir_movit_config/share/ir_movit_config/launch/ir_base.launch.py
[4.354s] -- Installing: /home/giacomo/IR_LABS/Assignments/ws_07_assignments/install/ir_movit_config/share/ir_movit_config/launch/test.launch.py
[4.354s] -- Installing: /home/giacomo/IR_LABS/Assignments/ws_07_assignments/install/ir_movit_config/share/ir_movit_config/launch/fake_hw.launch.py
[4.354s] -- Installing: /home/giacomo/IR_LABS/Assignments/ws_07_assignments/install/ir_movit_config/share/ir_movit_config/launch/gazebo.launch.py
[4.354s] -- Installing: /home/giacomo/IR_LABS/Assignments/ws_07_assignments/install/ir_movit_config/share/ir_movit_config/launch/tmp.py
[4.354s] -- Installing: /home/giacomo/IR_LABS/Assignments/ws_07_assignments/install/ir_movit_config/share/ir_movit_config/launch/ir_movit.launch.py
[4.354s] -- Installing: /home/giacomo/IR_LABS/Assignments/ws_07_assignments/install/ir_movit_config/share/ir_movit_config/launch/simulation_complete.launch.py
[4.354s] -- Installing: /home/giacomo/IR_LABS/Assignments/ws_07_assignments/install/ir_movit_config/share/ir_movit_config/config
[4.355s] -- Installing: /home/giacomo/IR_LABS/Assignments/ws_07_assignments/install/ir_movit_config/share/ir_movit_config/config/joint_limits_old.yaml
[4.355s] -- Installing: /home/giacomo/IR_LABS/Assignments/ws_07_assignments/install/ir_movit_config/share/ir_movit_config/config/controllers.yaml
[4.355s] -- Installing: /home/giacomo/IR_LABS/Assignments/ws_07_assignments/install/ir_movit_config/share/ir_movit_config/config/ur_gripper.srdf
[4.355s] -- Installing: /home/giacomo/IR_LABS/Assignments/ws_07_assignments/install/ir_movit_config/share/ir_movit_config/config/robot_with_environment.urdf.xacro
[4.355s] -- Installing: /home/giacomo/IR_LABS/Assignments/ws_07_assignments/install/ir_movit_config/share/ir_movit_config/config/pilz_cartesian_limits.yaml
[4.355s] -- Installing: /home/giacomo/IR_LABS/Assignments/ws_07_assignments/install/ir_movit_config/share/ir_movit_config/config/initial_positions.yaml
[4.355s] -- Installing: /home/giacomo/IR_LABS/Assignments/ws_07_assignments/install/ir_movit_config/share/ir_movit_config/config/moveit_config.yaml
[4.355s] -- Installing: /home/giacomo/IR_LABS/Assignments/ws_07_assignments/install/ir_movit_config/share/ir_movit_config/config/fake_joint_driver.yaml
[4.355s] -- Installing: /home/giacomo/IR_LABS/Assignments/ws_07_assignments/install/ir_movit_config/share/ir_movit_config/config/joint_limits.yaml
[4.355s] -- Installing: /home/giacomo/IR_LABS/Assignments/ws_07_assignments/install/ir_movit_config/share/ir_movit_config/config/kinematics.yaml
[4.355s] -- Installing: /home/giacomo/IR_LABS/Assignments/ws_07_assignments/install/ir_movit_config/share/ir_movit_config/config/ur_gripper.urdf.xacro
[4.355s] -- Installing: /home/giacomo/IR_LABS/Assignments/ws_07_assignments/install/ir_movit_config/share/ir_movit_config/config/r_controller.yaml
[4.355s] -- Installing: /home/giacomo/IR_LABS/Assignments/ws_07_assignments/install/ir_movit_config/share/ir_movit_config/config/ur_servo.yaml
[4.355s] -- Installing: /home/giacomo/IR_LABS/Assignments/ws_07_assignments/install/ir_movit_config/share/ir_movit_config/config/moveit_controllers.yaml
[4.355s] -- Installing: /home/giacomo/IR_LABS/Assignments/ws_07_assignments/install/ir_movit_config/share/ir_movit_config/config/moveit.rviz
[4.355s] -- Installing: /home/giacomo/IR_LABS/Assignments/ws_07_assignments/install/ir_movit_config/share/ir_movit_config/config/old_ros2_controllers.yaml
[4.355s] -- Installing: /home/giacomo/IR_LABS/Assignments/ws_07_assignments/install/ir_movit_config/share/ir_movit_config/config/ur_gripper.ros2_control.xacro
[4.355s] -- Installing: /home/giacomo/IR_LABS/Assignments/ws_07_assignments/install/ir_movit_config/share/ir_movit_config/config/ros2_controllers.yaml
[4.355s] -- Installing: /home/giacomo/IR_LABS/Assignments/ws_07_assignments/install/ir_movit_config/share/ir_movit_config/.setup_assistant
[4.356s] -- Up-to-date: /home/giacomo/IR_LABS/Assignments/ws_07_assignments/install/ir_movit_config/share/ir_movit_config/config
[4.356s] -- Up-to-date: /home/giacomo/IR_LABS/Assignments/ws_07_assignments/install/ir_movit_config/share/ir_movit_config/config/joint_limits_old.yaml
[4.356s] -- Up-to-date: /home/giacomo/IR_LABS/Assignments/ws_07_assignments/install/ir_movit_config/share/ir_movit_config/config/controllers.yaml
[4.356s] -- Up-to-date: /home/giacomo/IR_LABS/Assignments/ws_07_assignments/install/ir_movit_config/share/ir_movit_config/config/ur_gripper.srdf
[4.356s] -- Up-to-date: /home/giacomo/IR_LABS/Assignments/ws_07_assignments/install/ir_movit_config/share/ir_movit_config/config/robot_with_environment.urdf.xacro
[4.356s] -- Up-to-date: /home/giacomo/IR_LABS/Assignments/ws_07_assignments/install/ir_movit_config/share/ir_movit_config/config/pilz_cartesian_limits.yaml
[4.356s] -- Up-to-date: /home/giacomo/IR_LABS/Assignments/ws_07_assignments/install/ir_movit_config/share/ir_movit_config/config/initial_positions.yaml
[4.356s] -- Up-to-date: /home/giacomo/IR_LABS/Assignments/ws_07_assignments/install/ir_movit_config/share/ir_movit_config/config/moveit_config.yaml
[4.356s] -- Up-to-date: /home/giacomo/IR_LABS/Assignments/ws_07_assignments/install/ir_movit_config/share/ir_movit_config/config/fake_joint_driver.yaml
[4.356s] -- Up-to-date: /home/giacomo/IR_LABS/Assignments/ws_07_assignments/install/ir_movit_config/share/ir_movit_config/config/joint_limits.yaml
[4.356s] -- Up-to-date: /home/giacomo/IR_LABS/Assignments/ws_07_assignments/install/ir_movit_config/share/ir_movit_config/config/kinematics.yaml
[4.356s] -- Up-to-date: /home/giacomo/IR_LABS/Assignments/ws_07_assignments/install/ir_movit_config/share/ir_movit_config/config/ur_gripper.urdf.xacro
[4.356s] -- Up-to-date: /home/giacomo/IR_LABS/Assignments/ws_07_assignments/install/ir_movit_config/share/ir_movit_config/config/r_controller.yaml
[4.356s] -- Up-to-date: /home/giacomo/IR_LABS/Assignments/ws_07_assignments/install/ir_movit_config/share/ir_movit_config/config/ur_servo.yaml
[4.356s] -- Up-to-date: /home/giacomo/IR_LABS/Assignments/ws_07_assignments/install/ir_movit_config/share/ir_movit_config/config/moveit_controllers.yaml
[4.357s] -- Up-to-date: /home/giacomo/IR_LABS/Assignments/ws_07_assignments/install/ir_movit_config/share/ir_movit_config/config/moveit.rviz
[4.357s] -- Up-to-date: /home/giacomo/IR_LABS/Assignments/ws_07_assignments/install/ir_movit_config/share/ir_movit_config/config/old_ros2_controllers.yaml
[4.357s] -- Up-to-date: /home/giacomo/IR_LABS/Assignments/ws_07_assignments/install/ir_movit_config/share/ir_movit_config/config/ur_gripper.ros2_control.xacro
[4.357s] -- Up-to-date: /home/giacomo/IR_LABS/Assignments/ws_07_assignments/install/ir_movit_config/share/ir_movit_config/config/ros2_controllers.yaml
[4.357s] -- Installing: /home/giacomo/IR_LABS/Assignments/ws_07_assignments/install/ir_movit_config/lib/ir_movit_config/short_joint_state_publisher
[4.357s] -- Set non-toolchain portion of runtime path of "/home/giacomo/IR_LABS/Assignments/ws_07_assignments/install/ir_movit_config/lib/ir_movit_config/short_joint_state_publisher" to ""
[4.357s] Invoked command in '/home/giacomo/IR_LABS/Assignments/ws_07_assignments/build/ir_movit_config' returned '0': CMAKE_PREFIX_PATH=/home/giacomo/IR_LABS/Assignments/ws_07_assignments/install/ir_desription:/home/giacomo/IR_LABS/Assignments/ws_07_assignments/install/ir_movit_config:/home/giacomo/IR_LABS/Assignments/ws_07_assignments/install/ir_launch:/home/giacomo/IR_LABS/Assignments/ws_07_assignments/install/ir_base:/home/giacomo/IR_LABS/Assignments/ws_07_assignments/install/assignment_1_07:/home/giacomo/IR_LABS/Assignments/ws_07_assignments/install/apriltag_ros:/opt/ros/jazzy/opt/gz_sim_vendor:/opt/ros/jazzy/opt/gz_sensors_vendor:/opt/ros/jazzy/opt/gz_physics_vendor:/opt/ros/jazzy/opt/sdformat_vendor:/opt/ros/jazzy/opt/gz_gui_vendor:/opt/ros/jazzy/opt/gz_transport_vendor:/opt/ros/jazzy/opt/gz_rendering_vendor:/opt/ros/jazzy/opt/gz_plugin_vendor:/opt/ros/jazzy/opt/gz_fuel_tools_vendor:/opt/ros/jazzy/opt/gz_msgs_vendor:/opt/ros/jazzy/opt/gz_common_vendor:/opt/ros/jazzy/opt/gz_math_vendor:/opt/ros/jazzy/opt/gz_utils_vendor:/opt/ros/jazzy/opt/gz_tools_vendor:/opt/ros/jazzy/opt/gz_ogre_next_vendor:/opt/ros/jazzy/opt/gz_dartsim_vendor:/opt/ros/jazzy/opt/gz_cmake_vendor:/opt/ros/jazzy DEBUGINFOD_URLS=https://debuginfod.ubuntu.com /usr/bin/cmake --install /home/giacomo/IR_LABS/Assignments/ws_07_assignments/build/ir_movit_config
