[0.033s] Invoking command in '/home/salvatore/Desktop/IR_assignment_1_07/build/ir_launch': CMAKE_PREFIX_PATH=${CMAKE_PREFIX_PATH}:/opt/ros/jazzy DEBUGINFOD_URLS=https://debuginfod.ubuntu.com /usr/bin/cmake /home/salvatore/Desktop/IR_assignment_1_07/src/ir_2526/ir_launch -DCMAKE_INSTALL_PREFIX=/home/salvatore/Desktop/IR_assignment_1_07/install/ir_launch
[0.092s] -- The C compiler identification is GNU 13.3.0
[0.154s] -- The CXX compiler identification is GNU 13.3.0
[0.170s] -- Detecting C compiler ABI info
[0.256s] -- Detecting C compiler ABI info - done
[0.265s] -- Check for working C compiler: /usr/bin/cc - skipped
[0.266s] -- Detecting C compile features
[0.266s] -- Detecting C compile features - done
[0.277s] -- Detecting CXX compiler ABI info
[0.376s] -- Detecting CXX compiler ABI info - done
[0.398s] -- Check for working CXX compiler: /usr/bin/c++ - skipped
[0.398s] -- Detecting CXX compile features
[0.399s] -- Detecting CXX compile features - done
[0.407s] -- Found ament_cmake: 2.5.4 (/opt/ros/jazzy/share/ament_cmake/cmake)
[0.571s] -- Found Python3: /usr/bin/python3 (found version "3.12.3") found components: Interpreter 
[0.714s] -- Found ament_lint_auto: 0.17.3 (/opt/ros/jazzy/share/ament_lint_auto/cmake)
[0.856s] -- Added test 'flake8' to check Python code syntax and style conventions
[0.856s] -- Configured 'flake8' exclude dirs and/or files: 
[0.857s] -- Added test 'lint_cmake' to check CMake code style
[0.858s] -- Added test 'pep257' to check Python code against some of the docstring style conventions in PEP 257
[0.859s] -- Added test 'xmllint' to check XML markup files
[0.861s] -- Configuring done (0.8s)
[0.864s] -- Generating done (0.0s)
[0.866s] -- Build files have been written to: /home/salvatore/Desktop/IR_assignment_1_07/build/ir_launch
[0.870s] Invoked command in '/home/salvatore/Desktop/IR_assignment_1_07/build/ir_launch' returned '0': CMAKE_PREFIX_PATH=${CMAKE_PREFIX_PATH}:/opt/ros/jazzy DEBUGINFOD_URLS=https://debuginfod.ubuntu.com /usr/bin/cmake /home/salvatore/Desktop/IR_assignment_1_07/src/ir_2526/ir_launch -DCMAKE_INSTALL_PREFIX=/home/salvatore/Desktop/IR_assignment_1_07/install/ir_launch
[0.872s] Invoking command in '/home/salvatore/Desktop/IR_assignment_1_07/build/ir_launch': CMAKE_PREFIX_PATH=${CMAKE_PREFIX_PATH}:/opt/ros/jazzy DEBUGINFOD_URLS=https://debuginfod.ubuntu.com /usr/bin/cmake --build /home/salvatore/Desktop/IR_assignment_1_07/build/ir_launch -- -j12 -l12
[0.952s] Invoked command in '/home/salvatore/Desktop/IR_assignment_1_07/build/ir_launch' returned '0': CMAKE_PREFIX_PATH=${CMAKE_PREFIX_PATH}:/opt/ros/jazzy DEBUGINFOD_URLS=https://debuginfod.ubuntu.com /usr/bin/cmake --build /home/salvatore/Desktop/IR_assignment_1_07/build/ir_launch -- -j12 -l12
[0.953s] Invoking command in '/home/salvatore/Desktop/IR_assignment_1_07/build/ir_launch': CMAKE_PREFIX_PATH=${CMAKE_PREFIX_PATH}:/opt/ros/jazzy DEBUGINFOD_URLS=https://debuginfod.ubuntu.com /usr/bin/cmake --install /home/salvatore/Desktop/IR_assignment_1_07/build/ir_launch
[0.961s] -- Install configuration: ""
[0.962s] -- Installing: /home/salvatore/Desktop/IR_assignment_1_07/install/ir_launch/share/ament_index/resource_index/package_run_dependencies/ir_launch
[0.962s] -- Installing: /home/salvatore/Desktop/IR_assignment_1_07/install/ir_launch/share/ament_index/resource_index/parent_prefix_path/ir_launch
[0.962s] -- Installing: /home/salvatore/Desktop/IR_assignment_1_07/install/ir_launch/share/ir_launch/environment/ament_prefix_path.sh
[0.962s] -- Installing: /home/salvatore/Desktop/IR_assignment_1_07/install/ir_launch/share/ir_launch/environment/ament_prefix_path.dsv
[0.962s] -- Installing: /home/salvatore/Desktop/IR_assignment_1_07/install/ir_launch/share/ir_launch/environment/path.sh
[0.962s] -- Installing: /home/salvatore/Desktop/IR_assignment_1_07/install/ir_launch/share/ir_launch/environment/path.dsv
[0.962s] -- Installing: /home/salvatore/Desktop/IR_assignment_1_07/install/ir_launch/share/ir_launch/local_setup.bash
[0.963s] -- Installing: /home/salvatore/Desktop/IR_assignment_1_07/install/ir_launch/share/ir_launch/local_setup.sh
[0.963s] -- Installing: /home/salvatore/Desktop/IR_assignment_1_07/install/ir_launch/share/ir_launch/local_setup.zsh
[0.963s] -- Installing: /home/salvatore/Desktop/IR_assignment_1_07/install/ir_launch/share/ir_launch/local_setup.dsv
[0.963s] -- Installing: /home/salvatore/Desktop/IR_assignment_1_07/install/ir_launch/share/ir_launch/package.dsv
[0.963s] -- Installing: /home/salvatore/Desktop/IR_assignment_1_07/install/ir_launch/share/ament_index/resource_index/packages/ir_launch
[0.963s] -- Installing: /home/salvatore/Desktop/IR_assignment_1_07/install/ir_launch/share/ir_launch/cmake/ir_launchConfig.cmake
[0.963s] -- Installing: /home/salvatore/Desktop/IR_assignment_1_07/install/ir_launch/share/ir_launch/cmake/ir_launchConfig-version.cmake
[0.963s] -- Installing: /home/salvatore/Desktop/IR_assignment_1_07/install/ir_launch/share/ir_launch/package.xml
[0.963s] -- Installing: /home/salvatore/Desktop/IR_assignment_1_07/install/ir_launch/share/ir_launch/launch
[0.964s] -- Installing: /home/salvatore/Desktop/IR_assignment_1_07/install/ir_launch/share/ir_launch/launch/spawn_tb3_launch.py
[0.964s] -- Installing: /home/salvatore/Desktop/IR_assignment_1_07/install/ir_launch/share/ir_launch/launch/assignment_1.launch.py
[0.964s] -- Installing: /home/salvatore/Desktop/IR_assignment_1_07/install/ir_launch/share/ir_launch/launch/exercise_4.launch.py
[0.964s] -- Installing: /home/salvatore/Desktop/IR_assignment_1_07/install/ir_launch/share/ir_launch/launch/assignment_2.launch.py
[0.966s] Invoked command in '/home/salvatore/Desktop/IR_assignment_1_07/build/ir_launch' returned '0': CMAKE_PREFIX_PATH=${CMAKE_PREFIX_PATH}:/opt/ros/jazzy DEBUGINFOD_URLS=https://debuginfod.ubuntu.com /usr/bin/cmake --install /home/salvatore/Desktop/IR_assignment_1_07/build/ir_launch
