[0.015s] Invoking command in '/home/giacomo/IR_LABS/Assignments/ws_07_assignments/build/ir_movit_config': CMAKE_PREFIX_PATH=/home/giacomo/IR_LABS/Assignments/ws_07_assignments/install/ir_desription:/home/giacomo/IR_LABS/ws_07_assignments/install/ir_movit_config:/home/giacomo/IR_LABS/ws_07_assignments/install/ir_launch:/home/giacomo/IR_LABS/ws_07_assignments/install/ir_desription:/home/giacomo/IR_LABS/ws_07_assignments/install/ir_base:/home/giacomo/IR_LABS/ws_07_assignments/install/ex4_07:/home/giacomo/IR_LABS/ws_07_assignments/install/apriltag_ros:/home/giacomo/IR_LABS/Assignments/ws_07_assignments/install/ir_movit_config:/home/giacomo/IR_LABS/Assignments/ws_07_assignments/install/ir_launch:/home/giacomo/IR_LABS/Assignments/ws_07_assignments/install/ir_base:/home/giacomo/IR_LABS/Assignments/ws_07_assignments/install/assignment_1_07:/home/giacomo/IR_LABS/Assignments/ws_07_assignments/install/apriltag_ros:/opt/ros/jazzy/opt/gz_sim_vendor:/opt/ros/jazzy/opt/gz_sensors_vendor:/opt/ros/jazzy/opt/gz_physics_vendor:/opt/ros/jazzy/opt/sdformat_vendor:/opt/ros/jazzy/opt/gz_gui_vendor:/opt/ros/jazzy/opt/gz_transport_vendor:/opt/ros/jazzy/opt/gz_rendering_vendor:/opt/ros/jazzy/opt/gz_plugin_vendor:/opt/ros/jazzy/opt/gz_fuel_tools_vendor:/opt/ros/jazzy/opt/gz_msgs_vendor:/opt/ros/jazzy/opt/gz_common_vendor:/opt/ros/jazzy/opt/gz_math_vendor:/opt/ros/jazzy/opt/gz_utils_vendor:/opt/ros/jazzy/opt/gz_tools_vendor:/opt/ros/jazzy/opt/gz_ogre_next_vendor:/opt/ros/jazzy/opt/gz_dartsim_vendor:/opt/ros/jazzy/opt/gz_cmake_vendor:/opt/ros/jazzy DEBUGINFOD_URLS=https://debuginfod.ubuntu.com /usr/bin/cmake /home/giacomo/IR_LABS/Assignments/ws_07_assignments/src/ir_2526/ir_movit_config -DCMAKE_INSTALL_PREFIX=/home/giacomo/IR_LABS/Assignments/ws_07_assignments/install/ir_movit_config
[0.054s] -- The C compiler identification is GNU 13.3.0
[0.099s] -- The CXX compiler identification is GNU 13.3.0
[0.113s] -- Detecting C compiler ABI info
[0.188s] -- Detecting C compiler ABI info - done
[0.194s] -- Check for working C compiler: /usr/bin/cc - skipped
[0.194s] -- Detecting C compile features
[0.195s] -- Detecting C compile features - done
[0.203s] -- Detecting CXX compiler ABI info
[0.284s] -- Detecting CXX compiler ABI info - done
[0.292s] -- Check for working CXX compiler: /usr/bin/c++ - skipped
[0.292s] -- Detecting CXX compile features
[0.293s] -- Detecting CXX compile features - done
[0.296s] -- Found ament_cmake: 2.5.4 (/opt/ros/jazzy/share/ament_cmake/cmake)
[0.415s] -- Found Python3: /usr/bin/python3 (found version "3.12.3") found components: Interpreter 
[0.511s] -- Found rclcpp: 28.1.12 (/opt/ros/jazzy/share/rclcpp/cmake)
[0.551s] -- Found rosidl_generator_c: 4.6.6 (/opt/ros/jazzy/share/rosidl_generator_c/cmake)
[0.565s] -- Found rosidl_generator_cpp: 4.6.6 (/opt/ros/jazzy/share/rosidl_generator_cpp/cmake)
[0.580s] -- Using all available rosidl_typesupport_c: rosidl_typesupport_fastrtps_c;rosidl_typesupport_introspection_c
[0.598s] -- Using all available rosidl_typesupport_cpp: rosidl_typesupport_fastrtps_cpp;rosidl_typesupport_introspection_cpp
[0.668s] -- Found rmw_implementation_cmake: 7.3.2 (/opt/ros/jazzy/share/rmw_implementation_cmake/cmake)
[0.671s] -- Found rmw_fastrtps_cpp: 8.4.3 (/opt/ros/jazzy/share/rmw_fastrtps_cpp/cmake)
[0.767s] -- Found OpenSSL: /usr/lib/x86_64-linux-gnu/libcrypto.so (found version "3.0.13")  
[0.785s] -- Found FastRTPS: /opt/ros/jazzy/include (Required is at least version "2.13") 
[0.807s] -- Using RMW implementation 'rmw_fastrtps_cpp' as default
[0.875s] -- Found sensor_msgs: 5.3.6 (/opt/ros/jazzy/share/sensor_msgs/cmake)
[1.000s] -- Configuring done (1.0s)
[1.008s] -- Generating done (0.0s)
[1.010s] -- Build files have been written to: /home/giacomo/IR_LABS/Assignments/ws_07_assignments/build/ir_movit_config
[1.019s] Invoked command in '/home/giacomo/IR_LABS/Assignments/ws_07_assignments/build/ir_movit_config' returned '0': CMAKE_PREFIX_PATH=/home/giacomo/IR_LABS/Assignments/ws_07_assignments/install/ir_desription:/home/giacomo/IR_LABS/ws_07_assignments/install/ir_movit_config:/home/giacomo/IR_LABS/ws_07_assignments/install/ir_launch:/home/giacomo/IR_LABS/ws_07_assignments/install/ir_desription:/home/giacomo/IR_LABS/ws_07_assignments/install/ir_base:/home/giacomo/IR_LABS/ws_07_assignments/install/ex4_07:/home/giacomo/IR_LABS/ws_07_assignments/install/apriltag_ros:/home/giacomo/IR_LABS/Assignments/ws_07_assignments/install/ir_movit_config:/home/giacomo/IR_LABS/Assignments/ws_07_assignments/install/ir_launch:/home/giacomo/IR_LABS/Assignments/ws_07_assignments/install/ir_base:/home/giacomo/IR_LABS/Assignments/ws_07_assignments/install/assignment_1_07:/home/giacomo/IR_LABS/Assignments/ws_07_assignments/install/apriltag_ros:/opt/ros/jazzy/opt/gz_sim_vendor:/opt/ros/jazzy/opt/gz_sensors_vendor:/opt/ros/jazzy/opt/gz_physics_vendor:/opt/ros/jazzy/opt/sdformat_vendor:/opt/ros/jazzy/opt/gz_gui_vendor:/opt/ros/jazzy/opt/gz_transport_vendor:/opt/ros/jazzy/opt/gz_rendering_vendor:/opt/ros/jazzy/opt/gz_plugin_vendor:/opt/ros/jazzy/opt/gz_fuel_tools_vendor:/opt/ros/jazzy/opt/gz_msgs_vendor:/opt/ros/jazzy/opt/gz_common_vendor:/opt/ros/jazzy/opt/gz_math_vendor:/opt/ros/jazzy/opt/gz_utils_vendor:/opt/ros/jazzy/opt/gz_tools_vendor:/opt/ros/jazzy/opt/gz_ogre_next_vendor:/opt/ros/jazzy/opt/gz_dartsim_vendor:/opt/ros/jazzy/opt/gz_cmake_vendor:/opt/ros/jazzy DEBUGINFOD_URLS=https://debuginfod.ubuntu.com /usr/bin/cmake /home/giacomo/IR_LABS/Assignments/ws_07_assignments/src/ir_2526/ir_movit_config -DCMAKE_INSTALL_PREFIX=/home/giacomo/IR_LABS/Assignments/ws_07_assignments/install/ir_movit_config
[1.020s] Invoking command in '/home/giacomo/IR_LABS/Assignments/ws_07_assignments/build/ir_movit_config': CMAKE_PREFIX_PATH=/home/giacomo/IR_LABS/Assignments/ws_07_assignments/install/ir_desription:/home/giacomo/IR_LABS/ws_07_assignments/install/ir_movit_config:/home/giacomo/IR_LABS/ws_07_assignments/install/ir_launch:/home/giacomo/IR_LABS/ws_07_assignments/install/ir_desription:/home/giacomo/IR_LABS/ws_07_assignments/install/ir_base:/home/giacomo/IR_LABS/ws_07_assignments/install/ex4_07:/home/giacomo/IR_LABS/ws_07_assignments/install/apriltag_ros:/home/giacomo/IR_LABS/Assignments/ws_07_assignments/install/ir_movit_config:/home/giacomo/IR_LABS/Assignments/ws_07_assignments/install/ir_launch:/home/giacomo/IR_LABS/Assignments/ws_07_assignments/install/ir_base:/home/giacomo/IR_LABS/Assignments/ws_07_assignments/install/assignment_1_07:/home/giacomo/IR_LABS/Assignments/ws_07_assignments/install/apriltag_ros:/opt/ros/jazzy/opt/gz_sim_vendor:/opt/ros/jazzy/opt/gz_sensors_vendor:/opt/ros/jazzy/opt/gz_physics_vendor:/opt/ros/jazzy/opt/sdformat_vendor:/opt/ros/jazzy/opt/gz_gui_vendor:/opt/ros/jazzy/opt/gz_transport_vendor:/opt/ros/jazzy/opt/gz_rendering_vendor:/opt/ros/jazzy/opt/gz_plugin_vendor:/opt/ros/jazzy/opt/gz_fuel_tools_vendor:/opt/ros/jazzy/opt/gz_msgs_vendor:/opt/ros/jazzy/opt/gz_common_vendor:/opt/ros/jazzy/opt/gz_math_vendor:/opt/ros/jazzy/opt/gz_utils_vendor:/opt/ros/jazzy/opt/gz_tools_vendor:/opt/ros/jazzy/opt/gz_ogre_next_vendor:/opt/ros/jazzy/opt/gz_dartsim_vendor:/opt/ros/jazzy/opt/gz_cmake_vendor:/opt/ros/jazzy DEBUGINFOD_URLS=https://debuginfod.ubuntu.com /usr/bin/cmake --build /home/giacomo/IR_LABS/Assignments/ws_07_assignments/build/ir_movit_config -- -j16 -l16
[1.070s] [ 50%] [32mBuilding CXX object CMakeFiles/short_joint_state_publisher.dir/src/short_joint_state_publisher.cpp.o[0m
[4.130s] [100%] [32m[1mLinking CXX executable short_joint_state_publisher[0m
[4.286s] [100%] Built target short_joint_state_publisher
[4.297s] Invoked command in '/home/giacomo/IR_LABS/Assignments/ws_07_assignments/build/ir_movit_config' returned '0': CMAKE_PREFIX_PATH=/home/giacomo/IR_LABS/Assignments/ws_07_assignments/install/ir_desription:/home/giacomo/IR_LABS/ws_07_assignments/install/ir_movit_config:/home/giacomo/IR_LABS/ws_07_assignments/install/ir_launch:/home/giacomo/IR_LABS/ws_07_assignments/install/ir_desription:/home/giacomo/IR_LABS/ws_07_assignments/install/ir_base:/home/giacomo/IR_LABS/ws_07_assignments/install/ex4_07:/home/giacomo/IR_LABS/ws_07_assignments/install/apriltag_ros:/home/giacomo/IR_LABS/Assignments/ws_07_assignments/install/ir_movit_config:/home/giacomo/IR_LABS/Assignments/ws_07_assignments/install/ir_launch:/home/giacomo/IR_LABS/Assignments/ws_07_assignments/install/ir_base:/home/giacomo/IR_LABS/Assignments/ws_07_assignments/install/assignment_1_07:/home/giacomo/IR_LABS/Assignments/ws_07_assignments/install/apriltag_ros:/opt/ros/jazzy/opt/gz_sim_vendor:/opt/ros/jazzy/opt/gz_sensors_vendor:/opt/ros/jazzy/opt/gz_physics_vendor:/opt/ros/jazzy/opt/sdformat_vendor:/opt/ros/jazzy/opt/gz_gui_vendor:/opt/ros/jazzy/opt/gz_transport_vendor:/opt/ros/jazzy/opt/gz_rendering_vendor:/opt/ros/jazzy/opt/gz_plugin_vendor:/opt/ros/jazzy/opt/gz_fuel_tools_vendor:/opt/ros/jazzy/opt/gz_msgs_vendor:/opt/ros/jazzy/opt/gz_common_vendor:/opt/ros/jazzy/opt/gz_math_vendor:/opt/ros/jazzy/opt/gz_utils_vendor:/opt/ros/jazzy/opt/gz_tools_vendor:/opt/ros/jazzy/opt/gz_ogre_next_vendor:/opt/ros/jazzy/opt/gz_dartsim_vendor:/opt/ros/jazzy/opt/gz_cmake_vendor:/opt/ros/jazzy DEBUGINFOD_URLS=https://debuginfod.ubuntu.com /usr/bin/cmake --build /home/giacomo/IR_LABS/Assignments/ws_07_assignments/build/ir_movit_config -- -j16 -l16
[4.298s] Invoking command in '/home/giacomo/IR_LABS/Assignments/ws_07_assignments/build/ir_movit_config': CMAKE_PREFIX_PATH=/home/giacomo/IR_LABS/Assignments/ws_07_assignments/install/ir_desription:/home/giacomo/IR_LABS/ws_07_assignments/install/ir_movit_config:/home/giacomo/IR_LABS/ws_07_assignments/install/ir_launch:/home/giacomo/IR_LABS/ws_07_assignments/install/ir_desription:/home/giacomo/IR_LABS/ws_07_assignments/install/ir_base:/home/giacomo/IR_LABS/ws_07_assignments/install/ex4_07:/home/giacomo/IR_LABS/ws_07_assignments/install/apriltag_ros:/home/giacomo/IR_LABS/Assignments/ws_07_assignments/install/ir_movit_config:/home/giacomo/IR_LABS/Assignments/ws_07_assignments/install/ir_launch:/home/giacomo/IR_LABS/Assignments/ws_07_assignments/install/ir_base:/home/giacomo/IR_LABS/Assignments/ws_07_assignments/install/assignment_1_07:/home/giacomo/IR_LABS/Assignments/ws_07_assignments/install/apriltag_ros:/opt/ros/jazzy/opt/gz_sim_vendor:/opt/ros/jazzy/opt/gz_sensors_vendor:/opt/ros/jazzy/opt/gz_physics_vendor:/opt/ros/jazzy/opt/sdformat_vendor:/opt/ros/jazzy/opt/gz_gui_vendor:/opt/ros/jazzy/opt/gz_transport_vendor:/opt/ros/jazzy/opt/gz_rendering_vendor:/opt/ros/jazzy/opt/gz_plugin_vendor:/opt/ros/jazzy/opt/gz_fuel_tools_vendor:/opt/ros/jazzy/opt/gz_msgs_vendor:/opt/ros/jazzy/opt/gz_common_vendor:/opt/ros/jazzy/opt/gz_math_vendor:/opt/ros/jazzy/opt/gz_utils_vendor:/opt/ros/jazzy/opt/gz_tools_vendor:/opt/ros/jazzy/opt/gz_ogre_next_vendor:/opt/ros/jazzy/opt/gz_dartsim_vendor:/opt/ros/jazzy/opt/gz_cmake_vendor:/opt/ros/jazzy DEBUGINFOD_URLS=https://debuginfod.ubuntu.com /usr/bin/cmake --install /home/giacomo/IR_LABS/Assignments/ws_07_assignments/build/ir_movit_config
[4.317s] -- Install configuration: ""
[4.317s] -- Installing: /home/giacomo/IR_LABS/Assignments/ws_07_assignments/install/ir_movit_config/share/ament_index/resource_index/package_run_dependencies/ir_movit_config
[4.317s] -- Installing: /home/giacomo/IR_LABS/Assignments/ws_07_assignments/install/ir_movit_config/share/ament_index/resource_index/parent_prefix_path/ir_movit_config
[4.317s] -- Installing: /home/giacomo/IR_LABS/Assignments/ws_07_assignments/install/ir_movit_config/share/ir_movit_config/environment/ament_prefix_path.sh
[4.317s] -- Installing: /home/giacomo/IR_LABS/Assignments/ws_07_assignments/install/ir_movit_config/share/ir_movit_config/environment/ament_prefix_path.dsv
[4.317s] -- Installing: /home/giacomo/IR_LABS/Assignments/ws_07_assignments/install/ir_movit_config/share/ir_movit_config/environment/path.sh
[4.317s] -- Installing: /home/giacomo/IR_LABS/Assignments/ws_07_assignments/install/ir_movit_config/share/ir_movit_config/environment/path.dsv
[4.317s] -- Installing: /home/giacomo/IR_LABS/Assignments/ws_07_assignments/install/ir_movit_config/share/ir_movit_config/local_setup.bash
[4.317s] -- Installing: /home/giacomo/IR_LABS/Assignments/ws_07_assignments/install/ir_movit_config/share/ir_movit_config/local_setup.sh
[4.317s] -- Installing: /home/giacomo/IR_LABS/Assignments/ws_07_assignments/install/ir_movit_config/share/ir_movit_config/local_setup.zsh
[4.318s] -- Installing: /home/giacomo/IR_LABS/Assignments/ws_07_assignments/install/ir_movit_config/share/ir_movit_config/local_setup.dsv
[4.318s] -- Installing: /home/giacomo/IR_LABS/Assignments/ws_07_assignments/install/ir_movit_config/share/ir_movit_config/package.dsv
[4.318s] -- Installing: /home/giacomo/IR_LABS/Assignments/ws_07_assignments/install/ir_movit_config/share/ament_index/resource_index/packages/ir_movit_config
[4.318s] -- Installing: /home/giacomo/IR_LABS/Assignments/ws_07_assignments/install/ir_movit_config/share/ir_movit_config/cmake/ir_movit_configConfig.cmake
[4.318s] -- Installing: /home/giacomo/IR_LABS/Assignments/ws_07_assignments/install/ir_movit_config/share/ir_movit_config/cmake/ir_movit_configConfig-version.cmake
[4.318s] -- Installing: /home/giacomo/IR_LABS/Assignments/ws_07_assignments/install/ir_movit_config/share/ir_movit_config/package.xml
[4.318s] -- Installing: /home/giacomo/IR_LABS/Assignments/ws_07_assignments/install/ir_movit_config/share/ir_movit_config/launch
[4.318s] -- Installing: /home/giacomo/IR_LABS/Assignments/ws_07_assignments/install/ir_movit_config/share/ir_movit_config/launch/ir_ur.py
[4.318s] -- Installing: /home/giacomo/IR_LABS/Assignments/ws_07_assignments/install/ir_movit_config/share/ir_movit_config/launch/ir_base.launch.py
[4.318s] -- Installing: /home/giacomo/IR_LABS/Assignments/ws_07_assignments/install/ir_movit_config/share/ir_movit_config/launch/test.launch.py
[4.318s] -- Installing: /home/giacomo/IR_LABS/Assignments/ws_07_assignments/install/ir_movit_config/share/ir_movit_config/launch/fake_hw.launch.py
[4.318s] -- Installing: /home/giacomo/IR_LABS/Assignments/ws_07_assignments/install/ir_movit_config/share/ir_movit_config/launch/gazebo.launch.py
[4.318s] -- Installing: /home/giacomo/IR_LABS/Assignments/ws_07_assignments/install/ir_movit_config/share/ir_movit_config/launch/tmp.py
[4.318s] -- Installing: /home/giacomo/IR_LABS/Assignments/ws_07_assignments/install/ir_movit_config/share/ir_movit_config/launch/ir_movit.launch.py
[4.318s] -- Installing: /home/giacomo/IR_LABS/Assignments/ws_07_assignments/install/ir_movit_config/share/ir_movit_config/launch/simulation_complete.launch.py
[4.318s] -- Installing: /home/giacomo/IR_LABS/Assignments/ws_07_assignments/install/ir_movit_config/share/ir_movit_config/config
[4.318s] -- Installing: /home/giacomo/IR_LABS/Assignments/ws_07_assignments/install/ir_movit_config/share/ir_movit_config/config/joint_limits_old.yaml
[4.318s] -- Installing: /home/giacomo/IR_LABS/Assignments/ws_07_assignments/install/ir_movit_config/share/ir_movit_config/config/controllers.yaml
[4.318s] -- Installing: /home/giacomo/IR_LABS/Assignments/ws_07_assignments/install/ir_movit_config/share/ir_movit_config/config/ur_gripper.srdf
[4.318s] -- Installing: /home/giacomo/IR_LABS/Assignments/ws_07_assignments/install/ir_movit_config/share/ir_movit_config/config/robot_with_environment.urdf.xacro
[4.318s] -- Installing: /home/giacomo/IR_LABS/Assignments/ws_07_assignments/install/ir_movit_config/share/ir_movit_config/config/pilz_cartesian_limits.yaml
[4.318s] -- Installing: /home/giacomo/IR_LABS/Assignments/ws_07_assignments/install/ir_movit_config/share/ir_movit_config/config/initial_positions.yaml
[4.318s] -- Installing: /home/giacomo/IR_LABS/Assignments/ws_07_assignments/install/ir_movit_config/share/ir_movit_config/config/moveit_config.yaml
[4.318s] -- Installing: /home/giacomo/IR_LABS/Assignments/ws_07_assignments/install/ir_movit_config/share/ir_movit_config/config/fake_joint_driver.yaml
[4.318s] -- Installing: /home/giacomo/IR_LABS/Assignments/ws_07_assignments/install/ir_movit_config/share/ir_movit_config/config/joint_limits.yaml
[4.319s] -- Installing: /home/giacomo/IR_LABS/Assignments/ws_07_assignments/install/ir_movit_config/share/ir_movit_config/config/kinematics.yaml
[4.319s] -- Installing: /home/giacomo/IR_LABS/Assignments/ws_07_assignments/install/ir_movit_config/share/ir_movit_config/config/ur_gripper.urdf.xacro
[4.319s] -- Installing: /home/giacomo/IR_LABS/Assignments/ws_07_assignments/install/ir_movit_config/share/ir_movit_config/config/r_controller.yaml
[4.319s] -- Installing: /home/giacomo/IR_LABS/Assignments/ws_07_assignments/install/ir_movit_config/share/ir_movit_config/config/ur_servo.yaml
[4.319s] -- Installing: /home/giacomo/IR_LABS/Assignments/ws_07_assignments/install/ir_movit_config/share/ir_movit_config/config/moveit_controllers.yaml
[4.319s] -- Installing: /home/giacomo/IR_LABS/Assignments/ws_07_assignments/install/ir_movit_config/share/ir_movit_config/config/moveit.rviz
[4.319s] -- Installing: /home/giacomo/IR_LABS/Assignments/ws_07_assignments/install/ir_movit_config/share/ir_movit_config/config/old_ros2_controllers.yaml
[4.319s] -- Installing: /home/giacomo/IR_LABS/Assignments/ws_07_assignments/install/ir_movit_config/share/ir_movit_config/config/ur_gripper.ros2_control.xacro
[4.319s] -- Installing: /home/giacomo/IR_LABS/Assignments/ws_07_assignments/install/ir_movit_config/share/ir_movit_config/config/ros2_controllers.yaml
[4.319s] -- Installing: /home/giacomo/IR_LABS/Assignments/ws_07_assignments/install/ir_movit_config/share/ir_movit_config/.setup_assistant
[4.319s] -- Up-to-date: /home/giacomo/IR_LABS/Assignments/ws_07_assignments/install/ir_movit_config/share/ir_movit_config/config
[4.319s] -- Up-to-date: /home/giacomo/IR_LABS/Assignments/ws_07_assignments/install/ir_movit_config/share/ir_movit_config/config/joint_limits_old.yaml
[4.319s] -- Up-to-date: /home/giacomo/IR_LABS/Assignments/ws_07_assignments/install/ir_movit_config/share/ir_movit_config/config/controllers.yaml
[4.319s] -- Up-to-date: /home/giacomo/IR_LABS/Assignments/ws_07_assignments/install/ir_movit_config/share/ir_movit_config/config/ur_gripper.srdf
[4.319s] -- Up-to-date: /home/giacomo/IR_LABS/Assignments/ws_07_assignments/install/ir_movit_config/share/ir_movit_config/config/robot_with_environment.urdf.xacro
[4.319s] -- Up-to-date: /home/giacomo/IR_LABS/Assignments/ws_07_assignments/install/ir_movit_config/share/ir_movit_config/config/pilz_cartesian_limits.yaml
[4.319s] -- Up-to-date: /home/giacomo/IR_LABS/Assignments/ws_07_assignments/install/ir_movit_config/share/ir_movit_config/config/initial_positions.yaml
[4.319s] -- Up-to-date: /home/giacomo/IR_LABS/Assignments/ws_07_assignments/install/ir_movit_config/share/ir_movit_config/config/moveit_config.yaml
[4.319s] -- Up-to-date: /home/giacomo/IR_LABS/Assignments/ws_07_assignments/install/ir_movit_config/share/ir_movit_config/config/fake_joint_driver.yaml
[4.319s] -- Up-to-date: /home/giacomo/IR_LABS/Assignments/ws_07_assignments/install/ir_movit_config/share/ir_movit_config/config/joint_limits.yaml
[4.319s] -- Up-to-date: /home/giacomo/IR_LABS/Assignments/ws_07_assignments/install/ir_movit_config/share/ir_movit_config/config/kinematics.yaml
[4.320s] -- Up-to-date: /home/giacomo/IR_LABS/Assignments/ws_07_assignments/install/ir_movit_config/share/ir_movit_config/config/ur_gripper.urdf.xacro
[4.320s] -- Up-to-date: /home/giacomo/IR_LABS/Assignments/ws_07_assignments/install/ir_movit_config/share/ir_movit_config/config/r_controller.yaml
[4.320s] -- Up-to-date: /home/giacomo/IR_LABS/Assignments/ws_07_assignments/install/ir_movit_config/share/ir_movit_config/config/ur_servo.yaml
[4.320s] -- Up-to-date: /home/giacomo/IR_LABS/Assignments/ws_07_assignments/install/ir_movit_config/share/ir_movit_config/config/moveit_controllers.yaml
[4.320s] -- Up-to-date: /home/giacomo/IR_LABS/Assignments/ws_07_assignments/install/ir_movit_config/share/ir_movit_config/config/moveit.rviz
[4.320s] -- Up-to-date: /home/giacomo/IR_LABS/Assignments/ws_07_assignments/install/ir_movit_config/share/ir_movit_config/config/old_ros2_controllers.yaml
[4.320s] -- Up-to-date: /home/giacomo/IR_LABS/Assignments/ws_07_assignments/install/ir_movit_config/share/ir_movit_config/config/ur_gripper.ros2_control.xacro
[4.320s] -- Up-to-date: /home/giacomo/IR_LABS/Assignments/ws_07_assignments/install/ir_movit_config/share/ir_movit_config/config/ros2_controllers.yaml
[4.320s] -- Installing: /home/giacomo/IR_LABS/Assignments/ws_07_assignments/install/ir_movit_config/lib/ir_movit_config/short_joint_state_publisher
[4.320s] -- Set non-toolchain portion of runtime path of "/home/giacomo/IR_LABS/Assignments/ws_07_assignments/install/ir_movit_config/lib/ir_movit_config/short_joint_state_publisher" to ""
[4.320s] Invoked command in '/home/giacomo/IR_LABS/Assignments/ws_07_assignments/build/ir_movit_config' returned '0': CMAKE_PREFIX_PATH=/home/giacomo/IR_LABS/Assignments/ws_07_assignments/install/ir_desription:/home/giacomo/IR_LABS/ws_07_assignments/install/ir_movit_config:/home/giacomo/IR_LABS/ws_07_assignments/install/ir_launch:/home/giacomo/IR_LABS/ws_07_assignments/install/ir_desription:/home/giacomo/IR_LABS/ws_07_assignments/install/ir_base:/home/giacomo/IR_LABS/ws_07_assignments/install/ex4_07:/home/giacomo/IR_LABS/ws_07_assignments/install/apriltag_ros:/home/giacomo/IR_LABS/Assignments/ws_07_assignments/install/ir_movit_config:/home/giacomo/IR_LABS/Assignments/ws_07_assignments/install/ir_launch:/home/giacomo/IR_LABS/Assignments/ws_07_assignments/install/ir_base:/home/giacomo/IR_LABS/Assignments/ws_07_assignments/install/assignment_1_07:/home/giacomo/IR_LABS/Assignments/ws_07_assignments/install/apriltag_ros:/opt/ros/jazzy/opt/gz_sim_vendor:/opt/ros/jazzy/opt/gz_sensors_vendor:/opt/ros/jazzy/opt/gz_physics_vendor:/opt/ros/jazzy/opt/sdformat_vendor:/opt/ros/jazzy/opt/gz_gui_vendor:/opt/ros/jazzy/opt/gz_transport_vendor:/opt/ros/jazzy/opt/gz_rendering_vendor:/opt/ros/jazzy/opt/gz_plugin_vendor:/opt/ros/jazzy/opt/gz_fuel_tools_vendor:/opt/ros/jazzy/opt/gz_msgs_vendor:/opt/ros/jazzy/opt/gz_common_vendor:/opt/ros/jazzy/opt/gz_math_vendor:/opt/ros/jazzy/opt/gz_utils_vendor:/opt/ros/jazzy/opt/gz_tools_vendor:/opt/ros/jazzy/opt/gz_ogre_next_vendor:/opt/ros/jazzy/opt/gz_dartsim_vendor:/opt/ros/jazzy/opt/gz_cmake_vendor:/opt/ros/jazzy DEBUGINFOD_URLS=https://debuginfod.ubuntu.com /usr/bin/cmake --install /home/giacomo/IR_LABS/Assignments/ws_07_assignments/build/ir_movit_config
