[0.065s] DEBUG:colcon:Command line arguments: ['/usr/bin/colcon', 'build']
[0.065s] DEBUG:colcon:Parsed command line arguments: Namespace(log_base=None, log_level=None, verb_name='build', build_base='build', install_base='install', merge_install=False, symlink_install=False, test_result_base=None, continue_on_error=False, executor='parallel', parallel_workers=16, event_handlers=None, ignore_user_meta=False, metas=['./colcon.meta'], base_paths=['.'], packages_ignore=None, packages_ignore_regex=None, paths=None, packages_up_to=None, packages_up_to_regex=None, packages_above=None, packages_above_and_dependencies=None, packages_above_depth=None, packages_select_by_dep=None, packages_skip_by_dep=None, packages_skip_up_to=None, packages_select_build_failed=False, packages_skip_build_finished=False, packages_select_test_failures=False, packages_skip_test_passed=False, packages_select=None, packages_skip=None, packages_select_regex=None, packages_skip_regex=None, packages_start=None, packages_end=None, allow_overriding=[], cmake_args=None, cmake_target=None, cmake_target_skip_unavailable=False, cmake_clean_cache=False, cmake_clean_first=False, cmake_force_configure=False, ament_cmake_args=None, catkin_cmake_args=None, catkin_skip_building_tests=False, verb_parser=<colcon_defaults.argument_parser.defaults.DefaultArgumentsDecorator object at 0x7b39a4c76240>, verb_extension=<colcon_core.verb.build.BuildVerb object at 0x7b39a4d96600>, main=<bound method BuildVerb.main of <colcon_core.verb.build.BuildVerb object at 0x7b39a4d96600>>)
[0.090s] Level 1:colcon.colcon_core.package_discovery:discover_packages(colcon_meta) check parameters
[0.091s] Level 1:colcon.colcon_core.package_discovery:discover_packages(recursive) check parameters
[0.091s] Level 1:colcon.colcon_core.package_discovery:discover_packages(ignore) check parameters
[0.091s] Level 1:colcon.colcon_core.package_discovery:discover_packages(path) check parameters
[0.091s] Level 1:colcon.colcon_core.package_discovery:discover_packages(colcon_meta) discover
[0.091s] Level 1:colcon.colcon_core.package_discovery:discover_packages(recursive) discover
[0.091s] INFO:colcon.colcon_core.package_discovery:Crawling recursively for packages in '/home/giacomo/IR_LABS/Assignments/ws_07_assignments'
[0.091s] Level 1:colcon.colcon_core.package_identification:_identify(.) by extensions ['ignore', 'ignore_ament_install']
[0.091s] Level 1:colcon.colcon_core.package_identification:_identify(.) by extension 'ignore'
[0.091s] Level 1:colcon.colcon_core.package_identification:_identify(.) by extension 'ignore_ament_install'
[0.091s] Level 1:colcon.colcon_core.package_identification:_identify(.) by extensions ['colcon_pkg']
[0.091s] Level 1:colcon.colcon_core.package_identification:_identify(.) by extension 'colcon_pkg'
[0.091s] Level 1:colcon.colcon_core.package_identification:_identify(.) by extensions ['colcon_meta']
[0.091s] Level 1:colcon.colcon_core.package_identification:_identify(.) by extension 'colcon_meta'
[0.091s] Level 1:colcon.colcon_core.package_identification:_identify(.) by extensions ['ros']
[0.091s] Level 1:colcon.colcon_core.package_identification:_identify(.) by extension 'ros'
[0.108s] Level 1:colcon.colcon_core.package_identification:_identify(.) by extensions ['cmake', 'python']
[0.108s] Level 1:colcon.colcon_core.package_identification:_identify(.) by extension 'cmake'
[0.108s] Level 1:colcon.colcon_core.package_identification:_identify(.) by extension 'python'
[0.108s] Level 1:colcon.colcon_core.package_identification:_identify(.) by extensions ['python_setup_py']
[0.108s] Level 1:colcon.colcon_core.package_identification:_identify(.) by extension 'python_setup_py'
[0.108s] Level 1:colcon.colcon_core.package_identification:_identify(build) by extensions ['ignore', 'ignore_ament_install']
[0.108s] Level 1:colcon.colcon_core.package_identification:_identify(build) by extension 'ignore'
[0.108s] Level 1:colcon.colcon_core.package_identification:_identify(build) ignored
[0.108s] Level 1:colcon.colcon_core.package_identification:_identify(install) by extensions ['ignore', 'ignore_ament_install']
[0.108s] Level 1:colcon.colcon_core.package_identification:_identify(install) by extension 'ignore'
[0.108s] Level 1:colcon.colcon_core.package_identification:_identify(install) ignored
[0.108s] Level 1:colcon.colcon_core.package_identification:_identify(log) by extensions ['ignore', 'ignore_ament_install']
[0.109s] Level 1:colcon.colcon_core.package_identification:_identify(log) by extension 'ignore'
[0.109s] Level 1:colcon.colcon_core.package_identification:_identify(log) ignored
[0.109s] Level 1:colcon.colcon_core.package_identification:_identify(src) by extensions ['ignore', 'ignore_ament_install']
[0.109s] Level 1:colcon.colcon_core.package_identification:_identify(src) by extension 'ignore'
[0.109s] Level 1:colcon.colcon_core.package_identification:_identify(src) by extension 'ignore_ament_install'
[0.109s] Level 1:colcon.colcon_core.package_identification:_identify(src) by extensions ['colcon_pkg']
[0.109s] Level 1:colcon.colcon_core.package_identification:_identify(src) by extension 'colcon_pkg'
[0.109s] Level 1:colcon.colcon_core.package_identification:_identify(src) by extensions ['colcon_meta']
[0.109s] Level 1:colcon.colcon_core.package_identification:_identify(src) by extension 'colcon_meta'
[0.109s] Level 1:colcon.colcon_core.package_identification:_identify(src) by extensions ['ros']
[0.109s] Level 1:colcon.colcon_core.package_identification:_identify(src) by extension 'ros'
[0.109s] Level 1:colcon.colcon_core.package_identification:_identify(src) by extensions ['cmake', 'python']
[0.109s] Level 1:colcon.colcon_core.package_identification:_identify(src) by extension 'cmake'
[0.109s] Level 1:colcon.colcon_core.package_identification:_identify(src) by extension 'python'
[0.109s] Level 1:colcon.colcon_core.package_identification:_identify(src) by extensions ['python_setup_py']
[0.109s] Level 1:colcon.colcon_core.package_identification:_identify(src) by extension 'python_setup_py'
[0.109s] Level 1:colcon.colcon_core.package_identification:_identify(src/assignment_1_07) by extensions ['ignore', 'ignore_ament_install']
[0.109s] Level 1:colcon.colcon_core.package_identification:_identify(src/assignment_1_07) by extension 'ignore'
[0.109s] Level 1:colcon.colcon_core.package_identification:_identify(src/assignment_1_07) by extension 'ignore_ament_install'
[0.109s] Level 1:colcon.colcon_core.package_identification:_identify(src/assignment_1_07) by extensions ['colcon_pkg']
[0.109s] Level 1:colcon.colcon_core.package_identification:_identify(src/assignment_1_07) by extension 'colcon_pkg'
[0.109s] Level 1:colcon.colcon_core.package_identification:_identify(src/assignment_1_07) by extensions ['colcon_meta']
[0.109s] Level 1:colcon.colcon_core.package_identification:_identify(src/assignment_1_07) by extension 'colcon_meta'
[0.109s] Level 1:colcon.colcon_core.package_identification:_identify(src/assignment_1_07) by extensions ['ros']
[0.109s] Level 1:colcon.colcon_core.package_identification:_identify(src/assignment_1_07) by extension 'ros'
[0.111s] DEBUG:colcon.colcon_core.package_identification:Package 'src/assignment_1_07' with type 'ros.ament_cmake' and name 'assignment_1_07'
[0.111s] Level 1:colcon.colcon_core.package_identification:_identify(src/ir_2526) by extensions ['ignore', 'ignore_ament_install']
[0.112s] Level 1:colcon.colcon_core.package_identification:_identify(src/ir_2526) by extension 'ignore'
[0.112s] Level 1:colcon.colcon_core.package_identification:_identify(src/ir_2526) by extension 'ignore_ament_install'
[0.112s] Level 1:colcon.colcon_core.package_identification:_identify(src/ir_2526) by extensions ['colcon_pkg']
[0.112s] Level 1:colcon.colcon_core.package_identification:_identify(src/ir_2526) by extension 'colcon_pkg'
[0.112s] Level 1:colcon.colcon_core.package_identification:_identify(src/ir_2526) by extensions ['colcon_meta']
[0.112s] Level 1:colcon.colcon_core.package_identification:_identify(src/ir_2526) by extension 'colcon_meta'
[0.112s] Level 1:colcon.colcon_core.package_identification:_identify(src/ir_2526) by extensions ['ros']
[0.112s] Level 1:colcon.colcon_core.package_identification:_identify(src/ir_2526) by extension 'ros'
[0.112s] Level 1:colcon.colcon_core.package_identification:_identify(src/ir_2526) by extensions ['cmake', 'python']
[0.112s] Level 1:colcon.colcon_core.package_identification:_identify(src/ir_2526) by extension 'cmake'
[0.112s] Level 1:colcon.colcon_core.package_identification:_identify(src/ir_2526) by extension 'python'
[0.112s] Level 1:colcon.colcon_core.package_identification:_identify(src/ir_2526) by extensions ['python_setup_py']
[0.112s] Level 1:colcon.colcon_core.package_identification:_identify(src/ir_2526) by extension 'python_setup_py'
[0.112s] Level 1:colcon.colcon_core.package_identification:_identify(src/ir_2526/apriltag_ros) by extensions ['ignore', 'ignore_ament_install']
[0.112s] Level 1:colcon.colcon_core.package_identification:_identify(src/ir_2526/apriltag_ros) by extension 'ignore'
[0.112s] Level 1:colcon.colcon_core.package_identification:_identify(src/ir_2526/apriltag_ros) by extension 'ignore_ament_install'
[0.112s] Level 1:colcon.colcon_core.package_identification:_identify(src/ir_2526/apriltag_ros) by extensions ['colcon_pkg']
[0.112s] Level 1:colcon.colcon_core.package_identification:_identify(src/ir_2526/apriltag_ros) by extension 'colcon_pkg'
[0.112s] Level 1:colcon.colcon_core.package_identification:_identify(src/ir_2526/apriltag_ros) by extensions ['colcon_meta']
[0.112s] Level 1:colcon.colcon_core.package_identification:_identify(src/ir_2526/apriltag_ros) by extension 'colcon_meta'
[0.112s] Level 1:colcon.colcon_core.package_identification:_identify(src/ir_2526/apriltag_ros) by extensions ['ros']
[0.112s] Level 1:colcon.colcon_core.package_identification:_identify(src/ir_2526/apriltag_ros) by extension 'ros'
[0.114s] DEBUG:colcon.colcon_core.package_identification:Package 'src/ir_2526/apriltag_ros' with type 'ros.ament_cmake' and name 'apriltag_ros'
[0.114s] Level 1:colcon.colcon_core.package_identification:_identify(src/ir_2526/ir_base) by extensions ['ignore', 'ignore_ament_install']
[0.114s] Level 1:colcon.colcon_core.package_identification:_identify(src/ir_2526/ir_base) by extension 'ignore'
[0.114s] Level 1:colcon.colcon_core.package_identification:_identify(src/ir_2526/ir_base) by extension 'ignore_ament_install'
[0.114s] Level 1:colcon.colcon_core.package_identification:_identify(src/ir_2526/ir_base) by extensions ['colcon_pkg']
[0.114s] Level 1:colcon.colcon_core.package_identification:_identify(src/ir_2526/ir_base) by extension 'colcon_pkg'
[0.114s] Level 1:colcon.colcon_core.package_identification:_identify(src/ir_2526/ir_base) by extensions ['colcon_meta']
[0.115s] Level 1:colcon.colcon_core.package_identification:_identify(src/ir_2526/ir_base) by extension 'colcon_meta'
[0.115s] Level 1:colcon.colcon_core.package_identification:_identify(src/ir_2526/ir_base) by extensions ['ros']
[0.115s] Level 1:colcon.colcon_core.package_identification:_identify(src/ir_2526/ir_base) by extension 'ros'
[0.115s] DEBUG:colcon.colcon_core.package_identification:Package 'src/ir_2526/ir_base' with type 'ros.ament_cmake' and name 'ir_base'
[0.115s] Level 1:colcon.colcon_core.package_identification:_identify(src/ir_2526/ir_desription) by extensions ['ignore', 'ignore_ament_install']
[0.115s] Level 1:colcon.colcon_core.package_identification:_identify(src/ir_2526/ir_desription) by extension 'ignore'
[0.115s] Level 1:colcon.colcon_core.package_identification:_identify(src/ir_2526/ir_desription) by extension 'ignore_ament_install'
[0.115s] Level 1:colcon.colcon_core.package_identification:_identify(src/ir_2526/ir_desription) by extensions ['colcon_pkg']
[0.115s] Level 1:colcon.colcon_core.package_identification:_identify(src/ir_2526/ir_desription) by extension 'colcon_pkg'
[0.115s] Level 1:colcon.colcon_core.package_identification:_identify(src/ir_2526/ir_desription) by extensions ['colcon_meta']
[0.115s] Level 1:colcon.colcon_core.package_identification:_identify(src/ir_2526/ir_desription) by extension 'colcon_meta'
[0.115s] Level 1:colcon.colcon_core.package_identification:_identify(src/ir_2526/ir_desription) by extensions ['ros']
[0.115s] Level 1:colcon.colcon_core.package_identification:_identify(src/ir_2526/ir_desription) by extension 'ros'
[0.115s] DEBUG:colcon.colcon_core.package_identification:Package 'src/ir_2526/ir_desription' with type 'ros.ament_cmake' and name 'ir_desription'
[0.115s] Level 1:colcon.colcon_core.package_identification:_identify(src/ir_2526/ir_launch) by extensions ['ignore', 'ignore_ament_install']
[0.116s] Level 1:colcon.colcon_core.package_identification:_identify(src/ir_2526/ir_launch) by extension 'ignore'
[0.116s] Level 1:colcon.colcon_core.package_identification:_identify(src/ir_2526/ir_launch) by extension 'ignore_ament_install'
[0.116s] Level 1:colcon.colcon_core.package_identification:_identify(src/ir_2526/ir_launch) by extensions ['colcon_pkg']
[0.116s] Level 1:colcon.colcon_core.package_identification:_identify(src/ir_2526/ir_launch) by extension 'colcon_pkg'
[0.116s] Level 1:colcon.colcon_core.package_identification:_identify(src/ir_2526/ir_launch) by extensions ['colcon_meta']
[0.116s] Level 1:colcon.colcon_core.package_identification:_identify(src/ir_2526/ir_launch) by extension 'colcon_meta'
[0.116s] Level 1:colcon.colcon_core.package_identification:_identify(src/ir_2526/ir_launch) by extensions ['ros']
[0.116s] Level 1:colcon.colcon_core.package_identification:_identify(src/ir_2526/ir_launch) by extension 'ros'
[0.116s] DEBUG:colcon.colcon_core.package_identification:Package 'src/ir_2526/ir_launch' with type 'ros.ament_cmake' and name 'ir_launch'
[0.116s] Level 1:colcon.colcon_core.package_identification:_identify(src/ir_2526/ir_movit_config) by extensions ['ignore', 'ignore_ament_install']
[0.116s] Level 1:colcon.colcon_core.package_identification:_identify(src/ir_2526/ir_movit_config) by extension 'ignore'
[0.116s] Level 1:colcon.colcon_core.package_identification:_identify(src/ir_2526/ir_movit_config) by extension 'ignore_ament_install'
[0.116s] Level 1:colcon.colcon_core.package_identification:_identify(src/ir_2526/ir_movit_config) by extensions ['colcon_pkg']
[0.116s] Level 1:colcon.colcon_core.package_identification:_identify(src/ir_2526/ir_movit_config) by extension 'colcon_pkg'
[0.116s] Level 1:colcon.colcon_core.package_identification:_identify(src/ir_2526/ir_movit_config) by extensions ['colcon_meta']
[0.116s] Level 1:colcon.colcon_core.package_identification:_identify(src/ir_2526/ir_movit_config) by extension 'colcon_meta'
[0.116s] Level 1:colcon.colcon_core.package_identification:_identify(src/ir_2526/ir_movit_config) by extensions ['ros']
[0.116s] Level 1:colcon.colcon_core.package_identification:_identify(src/ir_2526/ir_movit_config) by extension 'ros'
[0.117s] DEBUG:colcon.colcon_core.package_identification:Package 'src/ir_2526/ir_movit_config' with type 'ros.ament_cmake' and name 'ir_movit_config'
[0.117s] Level 1:colcon.colcon_core.package_discovery:discover_packages(recursive) using defaults
[0.117s] Level 1:colcon.colcon_core.package_discovery:discover_packages(ignore) discover
[0.117s] Level 1:colcon.colcon_core.package_discovery:discover_packages(ignore) using defaults
[0.117s] Level 1:colcon.colcon_core.package_discovery:discover_packages(path) discover
[0.117s] Level 1:colcon.colcon_core.package_discovery:discover_packages(path) using defaults
[0.129s] Level 1:colcon.colcon_core.package_discovery:discover_packages(prefix_path) check parameters
[0.129s] Level 1:colcon.colcon_core.package_discovery:discover_packages(prefix_path) discover
[0.130s] WARNING:colcon.colcon_ros.prefix_path.ament:The path '/home/giacomo/IR_LABS/Assignments/ws_07_assignments/install/ir_movit_config' in the environment variable AMENT_PREFIX_PATH doesn't exist
[0.130s] WARNING:colcon.colcon_ros.prefix_path.ament:The path '/home/giacomo/IR_LABS/Assignments/ws_07_assignments/install/ir_launch' in the environment variable AMENT_PREFIX_PATH doesn't exist
[0.130s] WARNING:colcon.colcon_ros.prefix_path.ament:The path '/home/giacomo/IR_LABS/Assignments/ws_07_assignments/install/ir_desription' in the environment variable AMENT_PREFIX_PATH doesn't exist
[0.130s] WARNING:colcon.colcon_ros.prefix_path.ament:The path '/home/giacomo/IR_LABS/Assignments/ws_07_assignments/install/ir_base' in the environment variable AMENT_PREFIX_PATH doesn't exist
[0.130s] WARNING:colcon.colcon_ros.prefix_path.ament:The path '/home/giacomo/IR_LABS/Assignments/ws_07_assignments/install/assignment_1_07' in the environment variable AMENT_PREFIX_PATH doesn't exist
[0.130s] WARNING:colcon.colcon_ros.prefix_path.ament:The path '/home/giacomo/IR_LABS/Assignments/ws_07_assignments/install/apriltag_ros' in the environment variable AMENT_PREFIX_PATH doesn't exist
[0.130s] WARNING:colcon.colcon_ros.prefix_path.catkin:The path '/home/giacomo/IR_LABS/Assignments/ws_07_assignments/install/ir_movit_config' in the environment variable CMAKE_PREFIX_PATH doesn't exist
[0.130s] WARNING:colcon.colcon_ros.prefix_path.catkin:The path '/home/giacomo/IR_LABS/Assignments/ws_07_assignments/install/ir_launch' in the environment variable CMAKE_PREFIX_PATH doesn't exist
[0.130s] WARNING:colcon.colcon_ros.prefix_path.catkin:The path '/home/giacomo/IR_LABS/Assignments/ws_07_assignments/install/ir_desription' in the environment variable CMAKE_PREFIX_PATH doesn't exist
[0.130s] WARNING:colcon.colcon_ros.prefix_path.catkin:The path '/home/giacomo/IR_LABS/Assignments/ws_07_assignments/install/ir_base' in the environment variable CMAKE_PREFIX_PATH doesn't exist
[0.130s] WARNING:colcon.colcon_ros.prefix_path.catkin:The path '/home/giacomo/IR_LABS/Assignments/ws_07_assignments/install/assignment_1_07' in the environment variable CMAKE_PREFIX_PATH doesn't exist
[0.130s] WARNING:colcon.colcon_ros.prefix_path.catkin:The path '/home/giacomo/IR_LABS/Assignments/ws_07_assignments/install/apriltag_ros' in the environment variable CMAKE_PREFIX_PATH doesn't exist
[0.130s] DEBUG:colcon.colcon_installed_package_information.package_discovery:Found 0 installed packages in /home/giacomo/IR_LABS/Assignments/ws_07_assignments/install
[0.132s] DEBUG:colcon.colcon_installed_package_information.package_discovery:Found 459 installed packages in /opt/ros/jazzy
[0.133s] Level 1:colcon.colcon_core.package_discovery:discover_packages(prefix_path) using defaults
[0.167s] Level 5:colcon.colcon_core.verb:set package 'apriltag_ros' build argument 'cmake_args' from command line to 'None'
[0.167s] Level 5:colcon.colcon_core.verb:set package 'apriltag_ros' build argument 'cmake_target' from command line to 'None'
[0.167s] Level 5:colcon.colcon_core.verb:set package 'apriltag_ros' build argument 'cmake_target_skip_unavailable' from command line to 'False'
[0.167s] Level 5:colcon.colcon_core.verb:set package 'apriltag_ros' build argument 'cmake_clean_cache' from command line to 'False'
[0.167s] Level 5:colcon.colcon_core.verb:set package 'apriltag_ros' build argument 'cmake_clean_first' from command line to 'False'
[0.167s] Level 5:colcon.colcon_core.verb:set package 'apriltag_ros' build argument 'cmake_force_configure' from command line to 'False'
[0.167s] Level 5:colcon.colcon_core.verb:set package 'apriltag_ros' build argument 'ament_cmake_args' from command line to 'None'
[0.167s] Level 5:colcon.colcon_core.verb:set package 'apriltag_ros' build argument 'catkin_cmake_args' from command line to 'None'
[0.167s] Level 5:colcon.colcon_core.verb:set package 'apriltag_ros' build argument 'catkin_skip_building_tests' from command line to 'False'
[0.167s] DEBUG:colcon.colcon_core.verb:Building package 'apriltag_ros' with the following arguments: {'ament_cmake_args': None, 'build_base': '/home/giacomo/IR_LABS/Assignments/ws_07_assignments/build/apriltag_ros', 'catkin_cmake_args': None, 'catkin_skip_building_tests': False, 'cmake_args': None, 'cmake_clean_cache': False, 'cmake_clean_first': False, 'cmake_force_configure': False, 'cmake_target': None, 'cmake_target_skip_unavailable': False, 'install_base': '/home/giacomo/IR_LABS/Assignments/ws_07_assignments/install/apriltag_ros', 'merge_install': False, 'path': '/home/giacomo/IR_LABS/Assignments/ws_07_assignments/src/ir_2526/apriltag_ros', 'symlink_install': False, 'test_result_base': None}
[0.167s] Level 5:colcon.colcon_core.verb:set package 'assignment_1_07' build argument 'cmake_args' from command line to 'None'
[0.167s] Level 5:colcon.colcon_core.verb:set package 'assignment_1_07' build argument 'cmake_target' from command line to 'None'
[0.167s] Level 5:colcon.colcon_core.verb:set package 'assignment_1_07' build argument 'cmake_target_skip_unavailable' from command line to 'False'
[0.167s] Level 5:colcon.colcon_core.verb:set package 'assignment_1_07' build argument 'cmake_clean_cache' from command line to 'False'
[0.167s] Level 5:colcon.colcon_core.verb:set package 'assignment_1_07' build argument 'cmake_clean_first' from command line to 'False'
[0.167s] Level 5:colcon.colcon_core.verb:set package 'assignment_1_07' build argument 'cmake_force_configure' from command line to 'False'
[0.167s] Level 5:colcon.colcon_core.verb:set package 'assignment_1_07' build argument 'ament_cmake_args' from command line to 'None'
[0.167s] Level 5:colcon.colcon_core.verb:set package 'assignment_1_07' build argument 'catkin_cmake_args' from command line to 'None'
[0.167s] Level 5:colcon.colcon_core.verb:set package 'assignment_1_07' build argument 'catkin_skip_building_tests' from command line to 'False'
[0.167s] DEBUG:colcon.colcon_core.verb:Building package 'assignment_1_07' with the following arguments: {'ament_cmake_args': None, 'build_base': '/home/giacomo/IR_LABS/Assignments/ws_07_assignments/build/assignment_1_07', 'catkin_cmake_args': None, 'catkin_skip_building_tests': False, 'cmake_args': None, 'cmake_clean_cache': False, 'cmake_clean_first': False, 'cmake_force_configure': False, 'cmake_target': None, 'cmake_target_skip_unavailable': False, 'install_base': '/home/giacomo/IR_LABS/Assignments/ws_07_assignments/install/assignment_1_07', 'merge_install': False, 'path': '/home/giacomo/IR_LABS/Assignments/ws_07_assignments/src/assignment_1_07', 'symlink_install': False, 'test_result_base': None}
[0.167s] Level 5:colcon.colcon_core.verb:set package 'ir_base' build argument 'cmake_args' from command line to 'None'
[0.167s] Level 5:colcon.colcon_core.verb:set package 'ir_base' build argument 'cmake_target' from command line to 'None'
[0.167s] Level 5:colcon.colcon_core.verb:set package 'ir_base' build argument 'cmake_target_skip_unavailable' from command line to 'False'
[0.167s] Level 5:colcon.colcon_core.verb:set package 'ir_base' build argument 'cmake_clean_cache' from command line to 'False'
[0.167s] Level 5:colcon.colcon_core.verb:set package 'ir_base' build argument 'cmake_clean_first' from command line to 'False'
[0.167s] Level 5:colcon.colcon_core.verb:set package 'ir_base' build argument 'cmake_force_configure' from command line to 'False'
[0.167s] Level 5:colcon.colcon_core.verb:set package 'ir_base' build argument 'ament_cmake_args' from command line to 'None'
[0.167s] Level 5:colcon.colcon_core.verb:set package 'ir_base' build argument 'catkin_cmake_args' from command line to 'None'
[0.167s] Level 5:colcon.colcon_core.verb:set package 'ir_base' build argument 'catkin_skip_building_tests' from command line to 'False'
[0.167s] DEBUG:colcon.colcon_core.verb:Building package 'ir_base' with the following arguments: {'ament_cmake_args': None, 'build_base': '/home/giacomo/IR_LABS/Assignments/ws_07_assignments/build/ir_base', 'catkin_cmake_args': None, 'catkin_skip_building_tests': False, 'cmake_args': None, 'cmake_clean_cache': False, 'cmake_clean_first': False, 'cmake_force_configure': False, 'cmake_target': None, 'cmake_target_skip_unavailable': False, 'install_base': '/home/giacomo/IR_LABS/Assignments/ws_07_assignments/install/ir_base', 'merge_install': False, 'path': '/home/giacomo/IR_LABS/Assignments/ws_07_assignments/src/ir_2526/ir_base', 'symlink_install': False, 'test_result_base': None}
[0.168s] Level 5:colcon.colcon_core.verb:set package 'ir_desription' build argument 'cmake_args' from command line to 'None'
[0.168s] Level 5:colcon.colcon_core.verb:set package 'ir_desription' build argument 'cmake_target' from command line to 'None'
[0.168s] Level 5:colcon.colcon_core.verb:set package 'ir_desription' build argument 'cmake_target_skip_unavailable' from command line to 'False'
[0.168s] Level 5:colcon.colcon_core.verb:set package 'ir_desription' build argument 'cmake_clean_cache' from command line to 'False'
[0.168s] Level 5:colcon.colcon_core.verb:set package 'ir_desription' build argument 'cmake_clean_first' from command line to 'False'
[0.168s] Level 5:colcon.colcon_core.verb:set package 'ir_desription' build argument 'cmake_force_configure' from command line to 'False'
[0.168s] Level 5:colcon.colcon_core.verb:set package 'ir_desription' build argument 'ament_cmake_args' from command line to 'None'
[0.168s] Level 5:colcon.colcon_core.verb:set package 'ir_desription' build argument 'catkin_cmake_args' from command line to 'None'
[0.168s] Level 5:colcon.colcon_core.verb:set package 'ir_desription' build argument 'catkin_skip_building_tests' from command line to 'False'
[0.168s] DEBUG:colcon.colcon_core.verb:Building package 'ir_desription' with the following arguments: {'ament_cmake_args': None, 'build_base': '/home/giacomo/IR_LABS/Assignments/ws_07_assignments/build/ir_desription', 'catkin_cmake_args': None, 'catkin_skip_building_tests': False, 'cmake_args': None, 'cmake_clean_cache': False, 'cmake_clean_first': False, 'cmake_force_configure': False, 'cmake_target': None, 'cmake_target_skip_unavailable': False, 'install_base': '/home/giacomo/IR_LABS/Assignments/ws_07_assignments/install/ir_desription', 'merge_install': False, 'path': '/home/giacomo/IR_LABS/Assignments/ws_07_assignments/src/ir_2526/ir_desription', 'symlink_install': False, 'test_result_base': None}
[0.168s] Level 5:colcon.colcon_core.verb:set package 'ir_launch' build argument 'cmake_args' from command line to 'None'
[0.168s] Level 5:colcon.colcon_core.verb:set package 'ir_launch' build argument 'cmake_target' from command line to 'None'
[0.168s] Level 5:colcon.colcon_core.verb:set package 'ir_launch' build argument 'cmake_target_skip_unavailable' from command line to 'False'
[0.168s] Level 5:colcon.colcon_core.verb:set package 'ir_launch' build argument 'cmake_clean_cache' from command line to 'False'
[0.168s] Level 5:colcon.colcon_core.verb:set package 'ir_launch' build argument 'cmake_clean_first' from command line to 'False'
[0.168s] Level 5:colcon.colcon_core.verb:set package 'ir_launch' build argument 'cmake_force_configure' from command line to 'False'
[0.168s] Level 5:colcon.colcon_core.verb:set package 'ir_launch' build argument 'ament_cmake_args' from command line to 'None'
[0.168s] Level 5:colcon.colcon_core.verb:set package 'ir_launch' build argument 'catkin_cmake_args' from command line to 'None'
[0.168s] Level 5:colcon.colcon_core.verb:set package 'ir_launch' build argument 'catkin_skip_building_tests' from command line to 'False'
[0.168s] DEBUG:colcon.colcon_core.verb:Building package 'ir_launch' with the following arguments: {'ament_cmake_args': None, 'build_base': '/home/giacomo/IR_LABS/Assignments/ws_07_assignments/build/ir_launch', 'catkin_cmake_args': None, 'catkin_skip_building_tests': False, 'cmake_args': None, 'cmake_clean_cache': False, 'cmake_clean_first': False, 'cmake_force_configure': False, 'cmake_target': None, 'cmake_target_skip_unavailable': False, 'install_base': '/home/giacomo/IR_LABS/Assignments/ws_07_assignments/install/ir_launch', 'merge_install': False, 'path': '/home/giacomo/IR_LABS/Assignments/ws_07_assignments/src/ir_2526/ir_launch', 'symlink_install': False, 'test_result_base': None}
[0.168s] Level 5:colcon.colcon_core.verb:set package 'ir_movit_config' build argument 'cmake_args' from command line to 'None'
[0.168s] Level 5:colcon.colcon_core.verb:set package 'ir_movit_config' build argument 'cmake_target' from command line to 'None'
[0.168s] Level 5:colcon.colcon_core.verb:set package 'ir_movit_config' build argument 'cmake_target_skip_unavailable' from command line to 'False'
[0.168s] Level 5:colcon.colcon_core.verb:set package 'ir_movit_config' build argument 'cmake_clean_cache' from command line to 'False'
[0.168s] Level 5:colcon.colcon_core.verb:set package 'ir_movit_config' build argument 'cmake_clean_first' from command line to 'False'
[0.168s] Level 5:colcon.colcon_core.verb:set package 'ir_movit_config' build argument 'cmake_force_configure' from command line to 'False'
[0.168s] Level 5:colcon.colcon_core.verb:set package 'ir_movit_config' build argument 'ament_cmake_args' from command line to 'None'
[0.168s] Level 5:colcon.colcon_core.verb:set package 'ir_movit_config' build argument 'catkin_cmake_args' from command line to 'None'
[0.168s] Level 5:colcon.colcon_core.verb:set package 'ir_movit_config' build argument 'catkin_skip_building_tests' from command line to 'False'
[0.168s] DEBUG:colcon.colcon_core.verb:Building package 'ir_movit_config' with the following arguments: {'ament_cmake_args': None, 'build_base': '/home/giacomo/IR_LABS/Assignments/ws_07_assignments/build/ir_movit_config', 'catkin_cmake_args': None, 'catkin_skip_building_tests': False, 'cmake_args': None, 'cmake_clean_cache': False, 'cmake_clean_first': False, 'cmake_force_configure': False, 'cmake_target': None, 'cmake_target_skip_unavailable': False, 'install_base': '/home/giacomo/IR_LABS/Assignments/ws_07_assignments/install/ir_movit_config', 'merge_install': False, 'path': '/home/giacomo/IR_LABS/Assignments/ws_07_assignments/src/ir_2526/ir_movit_config', 'symlink_install': False, 'test_result_base': None}
[0.168s] INFO:colcon.colcon_core.executor:Executing jobs using 'parallel' executor
[0.169s] DEBUG:colcon.colcon_parallel_executor.executor.parallel:run_until_complete
[0.169s] INFO:colcon.colcon_ros.task.ament_cmake.build:Building ROS package in '/home/giacomo/IR_LABS/Assignments/ws_07_assignments/src/ir_2526/ir_desription' with build type 'ament_cmake'
[0.169s] INFO:colcon.colcon_cmake.task.cmake.build:Building CMake package in '/home/giacomo/IR_LABS/Assignments/ws_07_assignments/src/ir_2526/ir_desription'
[0.171s] INFO:colcon.colcon_core.plugin_system:Skipping extension 'colcon_core.shell.bat': Not used on non-Windows systems
[0.171s] INFO:colcon.colcon_core.shell:Skip shell extension 'powershell' for command environment: Not usable outside of PowerShell
[0.171s] DEBUG:colcon.colcon_core.shell:Skip shell extension 'dsv' for command environment
[0.173s] INFO:colcon.colcon_ros.task.ament_cmake.build:Building ROS package in '/home/giacomo/IR_LABS/Assignments/ws_07_assignments/src/ir_2526/apriltag_ros' with build type 'ament_cmake'
[0.173s] INFO:colcon.colcon_cmake.task.cmake.build:Building CMake package in '/home/giacomo/IR_LABS/Assignments/ws_07_assignments/src/ir_2526/apriltag_ros'
[0.174s] INFO:colcon.colcon_core.shell:Skip shell extension 'powershell' for command environment: Not usable outside of PowerShell
[0.174s] DEBUG:colcon.colcon_core.shell:Skip shell extension 'dsv' for command environment
[0.176s] INFO:colcon.colcon_ros.task.ament_cmake.build:Building ROS package in '/home/giacomo/IR_LABS/Assignments/ws_07_assignments/src/assignment_1_07' with build type 'ament_cmake'
[0.176s] INFO:colcon.colcon_cmake.task.cmake.build:Building CMake package in '/home/giacomo/IR_LABS/Assignments/ws_07_assignments/src/assignment_1_07'
[0.176s] INFO:colcon.colcon_core.shell:Skip shell extension 'powershell' for command environment: Not usable outside of PowerShell
[0.176s] DEBUG:colcon.colcon_core.shell:Skip shell extension 'dsv' for command environment
[0.178s] INFO:colcon.colcon_ros.task.ament_cmake.build:Building ROS package in '/home/giacomo/IR_LABS/Assignments/ws_07_assignments/src/ir_2526/ir_base' with build type 'ament_cmake'
[0.178s] INFO:colcon.colcon_cmake.task.cmake.build:Building CMake package in '/home/giacomo/IR_LABS/Assignments/ws_07_assignments/src/ir_2526/ir_base'
[0.178s] INFO:colcon.colcon_core.shell:Skip shell extension 'powershell' for command environment: Not usable outside of PowerShell
[0.178s] DEBUG:colcon.colcon_core.shell:Skip shell extension 'dsv' for command environment
[0.181s] INFO:colcon.colcon_ros.task.ament_cmake.build:Building ROS package in '/home/giacomo/IR_LABS/Assignments/ws_07_assignments/src/ir_2526/ir_launch' with build type 'ament_cmake'
[0.181s] INFO:colcon.colcon_cmake.task.cmake.build:Building CMake package in '/home/giacomo/IR_LABS/Assignments/ws_07_assignments/src/ir_2526/ir_launch'
[0.181s] INFO:colcon.colcon_core.shell:Skip shell extension 'powershell' for command environment: Not usable outside of PowerShell
[0.181s] DEBUG:colcon.colcon_core.shell:Skip shell extension 'dsv' for command environment
[0.185s] DEBUG:colcon.colcon_core.event_handler.log_command:Invoking command in '/home/giacomo/IR_LABS/Assignments/ws_07_assignments/build/ir_desription': CMAKE_PREFIX_PATH=${CMAKE_PREFIX_PATH}:/opt/ros/jazzy DEBUGINFOD_URLS=https://debuginfod.ubuntu.com /usr/bin/cmake /home/giacomo/IR_LABS/Assignments/ws_07_assignments/src/ir_2526/ir_desription -DCMAKE_INSTALL_PREFIX=/home/giacomo/IR_LABS/Assignments/ws_07_assignments/install/ir_desription
[0.187s] DEBUG:colcon.colcon_core.event_handler.log_command:Invoking command in '/home/giacomo/IR_LABS/Assignments/ws_07_assignments/build/apriltag_ros': CMAKE_PREFIX_PATH=${CMAKE_PREFIX_PATH}:/opt/ros/jazzy DEBUGINFOD_URLS=https://debuginfod.ubuntu.com /usr/bin/cmake /home/giacomo/IR_LABS/Assignments/ws_07_assignments/src/ir_2526/apriltag_ros -DCMAKE_INSTALL_PREFIX=/home/giacomo/IR_LABS/Assignments/ws_07_assignments/install/apriltag_ros
[0.188s] DEBUG:colcon.colcon_core.event_handler.log_command:Invoking command in '/home/giacomo/IR_LABS/Assignments/ws_07_assignments/build/assignment_1_07': CMAKE_PREFIX_PATH=${CMAKE_PREFIX_PATH}:/opt/ros/jazzy DEBUGINFOD_URLS=https://debuginfod.ubuntu.com /usr/bin/cmake /home/giacomo/IR_LABS/Assignments/ws_07_assignments/src/assignment_1_07 -DCMAKE_INSTALL_PREFIX=/home/giacomo/IR_LABS/Assignments/ws_07_assignments/install/assignment_1_07
[0.189s] DEBUG:colcon.colcon_core.event_handler.log_command:Invoking command in '/home/giacomo/IR_LABS/Assignments/ws_07_assignments/build/ir_base': CMAKE_PREFIX_PATH=${CMAKE_PREFIX_PATH}:/opt/ros/jazzy DEBUGINFOD_URLS=https://debuginfod.ubuntu.com /usr/bin/cmake /home/giacomo/IR_LABS/Assignments/ws_07_assignments/src/ir_2526/ir_base -DCMAKE_INSTALL_PREFIX=/home/giacomo/IR_LABS/Assignments/ws_07_assignments/install/ir_base
[0.192s] DEBUG:colcon.colcon_core.event_handler.log_command:Invoking command in '/home/giacomo/IR_LABS/Assignments/ws_07_assignments/build/ir_launch': CMAKE_PREFIX_PATH=${CMAKE_PREFIX_PATH}:/opt/ros/jazzy DEBUGINFOD_URLS=https://debuginfod.ubuntu.com /usr/bin/cmake /home/giacomo/IR_LABS/Assignments/ws_07_assignments/src/ir_2526/ir_launch -DCMAKE_INSTALL_PREFIX=/home/giacomo/IR_LABS/Assignments/ws_07_assignments/install/ir_launch
[0.902s] DEBUG:colcon.colcon_core.event_handler.log_command:Invoked command in '/home/giacomo/IR_LABS/Assignments/ws_07_assignments/build/ir_launch' returned '0': CMAKE_PREFIX_PATH=${CMAKE_PREFIX_PATH}:/opt/ros/jazzy DEBUGINFOD_URLS=https://debuginfod.ubuntu.com /usr/bin/cmake /home/giacomo/IR_LABS/Assignments/ws_07_assignments/src/ir_2526/ir_launch -DCMAKE_INSTALL_PREFIX=/home/giacomo/IR_LABS/Assignments/ws_07_assignments/install/ir_launch
[0.903s] DEBUG:colcon.colcon_core.event_handler.log_command:Invoking command in '/home/giacomo/IR_LABS/Assignments/ws_07_assignments/build/ir_launch': CMAKE_PREFIX_PATH=${CMAKE_PREFIX_PATH}:/opt/ros/jazzy DEBUGINFOD_URLS=https://debuginfod.ubuntu.com /usr/bin/cmake --build /home/giacomo/IR_LABS/Assignments/ws_07_assignments/build/ir_launch -- -j16 -l16
[0.908s] DEBUG:colcon.colcon_core.event_handler.log_command:Invoked command in '/home/giacomo/IR_LABS/Assignments/ws_07_assignments/build/ir_desription' returned '0': CMAKE_PREFIX_PATH=${CMAKE_PREFIX_PATH}:/opt/ros/jazzy DEBUGINFOD_URLS=https://debuginfod.ubuntu.com /usr/bin/cmake /home/giacomo/IR_LABS/Assignments/ws_07_assignments/src/ir_2526/ir_desription -DCMAKE_INSTALL_PREFIX=/home/giacomo/IR_LABS/Assignments/ws_07_assignments/install/ir_desription
[0.908s] DEBUG:colcon.colcon_core.event_handler.log_command:Invoking command in '/home/giacomo/IR_LABS/Assignments/ws_07_assignments/build/ir_desription': CMAKE_PREFIX_PATH=${CMAKE_PREFIX_PATH}:/opt/ros/jazzy DEBUGINFOD_URLS=https://debuginfod.ubuntu.com /usr/bin/cmake --build /home/giacomo/IR_LABS/Assignments/ws_07_assignments/build/ir_desription -- -j16 -l16
[0.909s] DEBUG:colcon.colcon_core.event_handler.log_command:Invoked command in '/home/giacomo/IR_LABS/Assignments/ws_07_assignments/build/ir_base' returned '0': CMAKE_PREFIX_PATH=${CMAKE_PREFIX_PATH}:/opt/ros/jazzy DEBUGINFOD_URLS=https://debuginfod.ubuntu.com /usr/bin/cmake /home/giacomo/IR_LABS/Assignments/ws_07_assignments/src/ir_2526/ir_base -DCMAKE_INSTALL_PREFIX=/home/giacomo/IR_LABS/Assignments/ws_07_assignments/install/ir_base
[0.910s] DEBUG:colcon.colcon_core.event_handler.log_command:Invoking command in '/home/giacomo/IR_LABS/Assignments/ws_07_assignments/build/ir_base': CMAKE_PREFIX_PATH=${CMAKE_PREFIX_PATH}:/opt/ros/jazzy DEBUGINFOD_URLS=https://debuginfod.ubuntu.com /usr/bin/cmake --build /home/giacomo/IR_LABS/Assignments/ws_07_assignments/build/ir_base -- -j16 -l16
[0.932s] DEBUG:colcon.colcon_core.event_handler.log_command:Invoked command in '/home/giacomo/IR_LABS/Assignments/ws_07_assignments/build/ir_launch' returned '0': CMAKE_PREFIX_PATH=${CMAKE_PREFIX_PATH}:/opt/ros/jazzy DEBUGINFOD_URLS=https://debuginfod.ubuntu.com /usr/bin/cmake --build /home/giacomo/IR_LABS/Assignments/ws_07_assignments/build/ir_launch -- -j16 -l16
[0.940s] DEBUG:colcon.colcon_core.event_handler.log_command:Invoking command in '/home/giacomo/IR_LABS/Assignments/ws_07_assignments/build/ir_launch': CMAKE_PREFIX_PATH=${CMAKE_PREFIX_PATH}:/opt/ros/jazzy DEBUGINFOD_URLS=https://debuginfod.ubuntu.com /usr/bin/cmake --install /home/giacomo/IR_LABS/Assignments/ws_07_assignments/build/ir_launch
[0.941s] DEBUG:colcon.colcon_core.event_handler.log_command:Invoked command in '/home/giacomo/IR_LABS/Assignments/ws_07_assignments/build/ir_base' returned '0': CMAKE_PREFIX_PATH=${CMAKE_PREFIX_PATH}:/opt/ros/jazzy DEBUGINFOD_URLS=https://debuginfod.ubuntu.com /usr/bin/cmake --build /home/giacomo/IR_LABS/Assignments/ws_07_assignments/build/ir_base -- -j16 -l16
[0.942s] DEBUG:colcon.colcon_core.event_handler.log_command:Invoking command in '/home/giacomo/IR_LABS/Assignments/ws_07_assignments/build/ir_base': CMAKE_PREFIX_PATH=${CMAKE_PREFIX_PATH}:/opt/ros/jazzy DEBUGINFOD_URLS=https://debuginfod.ubuntu.com /usr/bin/cmake --install /home/giacomo/IR_LABS/Assignments/ws_07_assignments/build/ir_base
[0.942s] DEBUG:colcon.colcon_core.event_handler.log_command:Invoked command in '/home/giacomo/IR_LABS/Assignments/ws_07_assignments/build/ir_desription' returned '0': CMAKE_PREFIX_PATH=${CMAKE_PREFIX_PATH}:/opt/ros/jazzy DEBUGINFOD_URLS=https://debuginfod.ubuntu.com /usr/bin/cmake --build /home/giacomo/IR_LABS/Assignments/ws_07_assignments/build/ir_desription -- -j16 -l16
[0.943s] DEBUG:colcon.colcon_core.event_handler.log_command:Invoking command in '/home/giacomo/IR_LABS/Assignments/ws_07_assignments/build/ir_desription': CMAKE_PREFIX_PATH=${CMAKE_PREFIX_PATH}:/opt/ros/jazzy DEBUGINFOD_URLS=https://debuginfod.ubuntu.com /usr/bin/cmake --install /home/giacomo/IR_LABS/Assignments/ws_07_assignments/build/ir_desription
[0.947s] Level 1:colcon.colcon_core.environment:create_environment_scripts_only(ir_launch)
[0.947s] DEBUG:colcon.colcon_core.event_handler.log_command:Invoked command in '/home/giacomo/IR_LABS/Assignments/ws_07_assignments/build/ir_launch' returned '0': CMAKE_PREFIX_PATH=${CMAKE_PREFIX_PATH}:/opt/ros/jazzy DEBUGINFOD_URLS=https://debuginfod.ubuntu.com /usr/bin/cmake --install /home/giacomo/IR_LABS/Assignments/ws_07_assignments/build/ir_launch
[0.951s] Level 1:colcon.colcon_core.environment:checking '/home/giacomo/IR_LABS/Assignments/ws_07_assignments/install/ir_launch' for CMake module files
[0.952s] Level 1:colcon.colcon_core.environment:checking '/home/giacomo/IR_LABS/Assignments/ws_07_assignments/install/ir_launch' for CMake config files
[0.952s] Level 1:colcon.colcon_core.shell:create_environment_hook('ir_launch', 'cmake_prefix_path')
[0.952s] INFO:colcon.colcon_core.shell:Creating environment hook '/home/giacomo/IR_LABS/Assignments/ws_07_assignments/install/ir_launch/share/ir_launch/hook/cmake_prefix_path.ps1'
[0.953s] INFO:colcon.colcon_core.shell:Creating environment descriptor '/home/giacomo/IR_LABS/Assignments/ws_07_assignments/install/ir_launch/share/ir_launch/hook/cmake_prefix_path.dsv'
[0.953s] INFO:colcon.colcon_core.shell:Creating environment hook '/home/giacomo/IR_LABS/Assignments/ws_07_assignments/install/ir_launch/share/ir_launch/hook/cmake_prefix_path.sh'
[0.955s] Level 1:colcon.colcon_core.environment:checking '/home/giacomo/IR_LABS/Assignments/ws_07_assignments/install/ir_launch/bin'
[0.955s] Level 1:colcon.colcon_core.environment:checking '/home/giacomo/IR_LABS/Assignments/ws_07_assignments/install/ir_launch/lib/pkgconfig/ir_launch.pc'
[0.955s] Level 1:colcon.colcon_core.environment:checking '/home/giacomo/IR_LABS/Assignments/ws_07_assignments/install/ir_launch/lib/python3.12/site-packages'
[0.955s] Level 1:colcon.colcon_core.environment:checking '/home/giacomo/IR_LABS/Assignments/ws_07_assignments/install/ir_launch/bin'
[0.956s] INFO:colcon.colcon_core.shell:Creating package script '/home/giacomo/IR_LABS/Assignments/ws_07_assignments/install/ir_launch/share/ir_launch/package.ps1'
[0.957s] INFO:colcon.colcon_core.shell:Creating package descriptor '/home/giacomo/IR_LABS/Assignments/ws_07_assignments/install/ir_launch/share/ir_launch/package.dsv'
[0.957s] INFO:colcon.colcon_core.shell:Creating package script '/home/giacomo/IR_LABS/Assignments/ws_07_assignments/install/ir_launch/share/ir_launch/package.sh'
[0.958s] INFO:colcon.colcon_core.shell:Creating package script '/home/giacomo/IR_LABS/Assignments/ws_07_assignments/install/ir_launch/share/ir_launch/package.bash'
[0.958s] INFO:colcon.colcon_core.shell:Creating package script '/home/giacomo/IR_LABS/Assignments/ws_07_assignments/install/ir_launch/share/ir_launch/package.zsh'
[0.959s] Level 1:colcon.colcon_core.environment:create_file_with_runtime_dependencies(/home/giacomo/IR_LABS/Assignments/ws_07_assignments/install/ir_launch/share/colcon-core/packages/ir_launch)
[0.959s] Level 1:colcon.colcon_core.environment:create_environment_scripts_only(ir_launch)
[0.959s] Level 1:colcon.colcon_core.environment:checking '/home/giacomo/IR_LABS/Assignments/ws_07_assignments/install/ir_launch' for CMake module files
[0.960s] Level 1:colcon.colcon_core.environment:checking '/home/giacomo/IR_LABS/Assignments/ws_07_assignments/install/ir_launch' for CMake config files
[0.961s] Level 1:colcon.colcon_core.shell:create_environment_hook('ir_launch', 'cmake_prefix_path')
[0.961s] INFO:colcon.colcon_core.shell:Creating environment hook '/home/giacomo/IR_LABS/Assignments/ws_07_assignments/install/ir_launch/share/ir_launch/hook/cmake_prefix_path.ps1'
[0.962s] INFO:colcon.colcon_core.shell:Creating environment descriptor '/home/giacomo/IR_LABS/Assignments/ws_07_assignments/install/ir_launch/share/ir_launch/hook/cmake_prefix_path.dsv'
[0.962s] INFO:colcon.colcon_core.shell:Creating environment hook '/home/giacomo/IR_LABS/Assignments/ws_07_assignments/install/ir_launch/share/ir_launch/hook/cmake_prefix_path.sh'
[0.963s] Level 1:colcon.colcon_core.environment:checking '/home/giacomo/IR_LABS/Assignments/ws_07_assignments/install/ir_launch/bin'
[0.963s] Level 1:colcon.colcon_core.environment:checking '/home/giacomo/IR_LABS/Assignments/ws_07_assignments/install/ir_launch/lib/pkgconfig/ir_launch.pc'
[0.963s] Level 1:colcon.colcon_core.environment:checking '/home/giacomo/IR_LABS/Assignments/ws_07_assignments/install/ir_launch/lib/python3.12/site-packages'
[0.963s] Level 1:colcon.colcon_core.environment:checking '/home/giacomo/IR_LABS/Assignments/ws_07_assignments/install/ir_launch/bin'
[0.963s] INFO:colcon.colcon_core.shell:Creating package script '/home/giacomo/IR_LABS/Assignments/ws_07_assignments/install/ir_launch/share/ir_launch/package.ps1'
[0.964s] INFO:colcon.colcon_core.shell:Creating package descriptor '/home/giacomo/IR_LABS/Assignments/ws_07_assignments/install/ir_launch/share/ir_launch/package.dsv'
[0.965s] INFO:colcon.colcon_core.shell:Creating package script '/home/giacomo/IR_LABS/Assignments/ws_07_assignments/install/ir_launch/share/ir_launch/package.sh'
[0.965s] INFO:colcon.colcon_core.shell:Creating package script '/home/giacomo/IR_LABS/Assignments/ws_07_assignments/install/ir_launch/share/ir_launch/package.bash'
[0.965s] INFO:colcon.colcon_core.shell:Creating package script '/home/giacomo/IR_LABS/Assignments/ws_07_assignments/install/ir_launch/share/ir_launch/package.zsh'
[0.965s] Level 1:colcon.colcon_core.environment:create_file_with_runtime_dependencies(/home/giacomo/IR_LABS/Assignments/ws_07_assignments/install/ir_launch/share/colcon-core/packages/ir_launch)
[0.975s] Level 1:colcon.colcon_core.environment:create_environment_scripts_only(ir_desription)
[0.975s] Level 1:colcon.colcon_core.environment:checking '/home/giacomo/IR_LABS/Assignments/ws_07_assignments/install/ir_desription' for CMake module files
[0.975s] DEBUG:colcon.colcon_core.event_handler.log_command:Invoked command in '/home/giacomo/IR_LABS/Assignments/ws_07_assignments/build/ir_desription' returned '0': CMAKE_PREFIX_PATH=${CMAKE_PREFIX_PATH}:/opt/ros/jazzy DEBUGINFOD_URLS=https://debuginfod.ubuntu.com /usr/bin/cmake --install /home/giacomo/IR_LABS/Assignments/ws_07_assignments/build/ir_desription
[0.977s] Level 1:colcon.colcon_core.environment:checking '/home/giacomo/IR_LABS/Assignments/ws_07_assignments/install/ir_desription' for CMake config files
[0.977s] Level 1:colcon.colcon_core.shell:create_environment_hook('ir_desription', 'cmake_prefix_path')
[0.977s] INFO:colcon.colcon_core.shell:Creating environment hook '/home/giacomo/IR_LABS/Assignments/ws_07_assignments/install/ir_desription/share/ir_desription/hook/cmake_prefix_path.ps1'
[0.978s] INFO:colcon.colcon_core.shell:Creating environment descriptor '/home/giacomo/IR_LABS/Assignments/ws_07_assignments/install/ir_desription/share/ir_desription/hook/cmake_prefix_path.dsv'
[0.979s] INFO:colcon.colcon_core.shell:Creating environment hook '/home/giacomo/IR_LABS/Assignments/ws_07_assignments/install/ir_desription/share/ir_desription/hook/cmake_prefix_path.sh'
[0.979s] Level 1:colcon.colcon_core.environment:checking '/home/giacomo/IR_LABS/Assignments/ws_07_assignments/install/ir_desription/bin'
[0.979s] Level 1:colcon.colcon_core.environment:checking '/home/giacomo/IR_LABS/Assignments/ws_07_assignments/install/ir_desription/lib/pkgconfig/ir_desription.pc'
[0.980s] Level 1:colcon.colcon_core.environment:checking '/home/giacomo/IR_LABS/Assignments/ws_07_assignments/install/ir_desription/lib/python3.12/site-packages'
[0.980s] Level 1:colcon.colcon_core.environment:checking '/home/giacomo/IR_LABS/Assignments/ws_07_assignments/install/ir_desription/bin'
[0.980s] INFO:colcon.colcon_core.shell:Creating package script '/home/giacomo/IR_LABS/Assignments/ws_07_assignments/install/ir_desription/share/ir_desription/package.ps1'
[0.980s] INFO:colcon.colcon_core.shell:Creating package descriptor '/home/giacomo/IR_LABS/Assignments/ws_07_assignments/install/ir_desription/share/ir_desription/package.dsv'
[0.981s] INFO:colcon.colcon_core.shell:Creating package script '/home/giacomo/IR_LABS/Assignments/ws_07_assignments/install/ir_desription/share/ir_desription/package.sh'
[0.981s] INFO:colcon.colcon_core.shell:Creating package script '/home/giacomo/IR_LABS/Assignments/ws_07_assignments/install/ir_desription/share/ir_desription/package.bash'
[0.982s] INFO:colcon.colcon_core.shell:Creating package script '/home/giacomo/IR_LABS/Assignments/ws_07_assignments/install/ir_desription/share/ir_desription/package.zsh'
[0.982s] Level 1:colcon.colcon_core.environment:create_file_with_runtime_dependencies(/home/giacomo/IR_LABS/Assignments/ws_07_assignments/install/ir_desription/share/colcon-core/packages/ir_desription)
[0.982s] Level 1:colcon.colcon_core.environment:create_environment_scripts_only(ir_desription)
[0.982s] Level 1:colcon.colcon_core.environment:checking '/home/giacomo/IR_LABS/Assignments/ws_07_assignments/install/ir_desription' for CMake module files
[0.982s] Level 1:colcon.colcon_core.environment:checking '/home/giacomo/IR_LABS/Assignments/ws_07_assignments/install/ir_desription' for CMake config files
[0.983s] Level 1:colcon.colcon_core.shell:create_environment_hook('ir_desription', 'cmake_prefix_path')
[0.983s] INFO:colcon.colcon_core.shell:Creating environment hook '/home/giacomo/IR_LABS/Assignments/ws_07_assignments/install/ir_desription/share/ir_desription/hook/cmake_prefix_path.ps1'
[0.983s] INFO:colcon.colcon_core.shell:Creating environment descriptor '/home/giacomo/IR_LABS/Assignments/ws_07_assignments/install/ir_desription/share/ir_desription/hook/cmake_prefix_path.dsv'
[0.983s] INFO:colcon.colcon_core.shell:Creating environment hook '/home/giacomo/IR_LABS/Assignments/ws_07_assignments/install/ir_desription/share/ir_desription/hook/cmake_prefix_path.sh'
[0.984s] Level 1:colcon.colcon_core.environment:checking '/home/giacomo/IR_LABS/Assignments/ws_07_assignments/install/ir_desription/bin'
[0.984s] Level 1:colcon.colcon_core.environment:checking '/home/giacomo/IR_LABS/Assignments/ws_07_assignments/install/ir_desription/lib/pkgconfig/ir_desription.pc'
[0.984s] Level 1:colcon.colcon_core.environment:checking '/home/giacomo/IR_LABS/Assignments/ws_07_assignments/install/ir_desription/lib/python3.12/site-packages'
[0.984s] Level 1:colcon.colcon_core.environment:checking '/home/giacomo/IR_LABS/Assignments/ws_07_assignments/install/ir_desription/bin'
[0.984s] INFO:colcon.colcon_core.shell:Creating package script '/home/giacomo/IR_LABS/Assignments/ws_07_assignments/install/ir_desription/share/ir_desription/package.ps1'
[0.985s] INFO:colcon.colcon_core.shell:Creating package descriptor '/home/giacomo/IR_LABS/Assignments/ws_07_assignments/install/ir_desription/share/ir_desription/package.dsv'
[0.985s] INFO:colcon.colcon_core.shell:Creating package script '/home/giacomo/IR_LABS/Assignments/ws_07_assignments/install/ir_desription/share/ir_desription/package.sh'
[0.985s] INFO:colcon.colcon_core.shell:Creating package script '/home/giacomo/IR_LABS/Assignments/ws_07_assignments/install/ir_desription/share/ir_desription/package.bash'
[0.985s] INFO:colcon.colcon_core.shell:Creating package script '/home/giacomo/IR_LABS/Assignments/ws_07_assignments/install/ir_desription/share/ir_desription/package.zsh'
[0.985s] Level 1:colcon.colcon_core.environment:create_file_with_runtime_dependencies(/home/giacomo/IR_LABS/Assignments/ws_07_assignments/install/ir_desription/share/colcon-core/packages/ir_desription)
[0.986s] INFO:colcon.colcon_ros.task.ament_cmake.build:Building ROS package in '/home/giacomo/IR_LABS/Assignments/ws_07_assignments/src/ir_2526/ir_movit_config' with build type 'ament_cmake'
[0.986s] INFO:colcon.colcon_cmake.task.cmake.build:Building CMake package in '/home/giacomo/IR_LABS/Assignments/ws_07_assignments/src/ir_2526/ir_movit_config'
[0.986s] INFO:colcon.colcon_core.shell:Skip shell extension 'powershell' for command environment: Not usable outside of PowerShell
[0.986s] DEBUG:colcon.colcon_core.shell:Skip shell extension 'dsv' for command environment
[0.989s] Level 1:colcon.colcon_core.environment:create_environment_scripts_only(ir_base)
[0.990s] Level 1:colcon.colcon_core.environment:checking '/home/giacomo/IR_LABS/Assignments/ws_07_assignments/install/ir_base' for CMake module files
[0.990s] DEBUG:colcon.colcon_core.event_handler.log_command:Invoked command in '/home/giacomo/IR_LABS/Assignments/ws_07_assignments/build/ir_base' returned '0': CMAKE_PREFIX_PATH=${CMAKE_PREFIX_PATH}:/opt/ros/jazzy DEBUGINFOD_URLS=https://debuginfod.ubuntu.com /usr/bin/cmake --install /home/giacomo/IR_LABS/Assignments/ws_07_assignments/build/ir_base
[0.990s] Level 1:colcon.colcon_core.environment:checking '/home/giacomo/IR_LABS/Assignments/ws_07_assignments/install/ir_base' for CMake config files
[0.991s] Level 1:colcon.colcon_core.shell:create_environment_hook('ir_base', 'cmake_prefix_path')
[0.991s] INFO:colcon.colcon_core.shell:Creating environment hook '/home/giacomo/IR_LABS/Assignments/ws_07_assignments/install/ir_base/share/ir_base/hook/cmake_prefix_path.ps1'
[0.991s] INFO:colcon.colcon_core.shell:Creating environment descriptor '/home/giacomo/IR_LABS/Assignments/ws_07_assignments/install/ir_base/share/ir_base/hook/cmake_prefix_path.dsv'
[0.991s] INFO:colcon.colcon_core.shell:Creating environment hook '/home/giacomo/IR_LABS/Assignments/ws_07_assignments/install/ir_base/share/ir_base/hook/cmake_prefix_path.sh'
[0.992s] Level 1:colcon.colcon_core.environment:checking '/home/giacomo/IR_LABS/Assignments/ws_07_assignments/install/ir_base/bin'
[0.992s] Level 1:colcon.colcon_core.environment:checking '/home/giacomo/IR_LABS/Assignments/ws_07_assignments/install/ir_base/lib/pkgconfig/ir_base.pc'
[0.992s] Level 1:colcon.colcon_core.environment:checking '/home/giacomo/IR_LABS/Assignments/ws_07_assignments/install/ir_base/lib/python3.12/site-packages'
[0.992s] Level 1:colcon.colcon_core.environment:checking '/home/giacomo/IR_LABS/Assignments/ws_07_assignments/install/ir_base/bin'
[0.992s] INFO:colcon.colcon_core.shell:Creating package script '/home/giacomo/IR_LABS/Assignments/ws_07_assignments/install/ir_base/share/ir_base/package.ps1'
[0.993s] INFO:colcon.colcon_core.shell:Creating package descriptor '/home/giacomo/IR_LABS/Assignments/ws_07_assignments/install/ir_base/share/ir_base/package.dsv'
[0.993s] INFO:colcon.colcon_core.shell:Creating package script '/home/giacomo/IR_LABS/Assignments/ws_07_assignments/install/ir_base/share/ir_base/package.sh'
[0.993s] INFO:colcon.colcon_core.shell:Creating package script '/home/giacomo/IR_LABS/Assignments/ws_07_assignments/install/ir_base/share/ir_base/package.bash'
[0.994s] INFO:colcon.colcon_core.shell:Creating package script '/home/giacomo/IR_LABS/Assignments/ws_07_assignments/install/ir_base/share/ir_base/package.zsh'
[0.994s] Level 1:colcon.colcon_core.environment:create_file_with_runtime_dependencies(/home/giacomo/IR_LABS/Assignments/ws_07_assignments/install/ir_base/share/colcon-core/packages/ir_base)
[0.994s] Level 1:colcon.colcon_core.environment:create_environment_scripts_only(ir_base)
[0.994s] Level 1:colcon.colcon_core.environment:checking '/home/giacomo/IR_LABS/Assignments/ws_07_assignments/install/ir_base' for CMake module files
[0.994s] Level 1:colcon.colcon_core.environment:checking '/home/giacomo/IR_LABS/Assignments/ws_07_assignments/install/ir_base' for CMake config files
[0.995s] Level 1:colcon.colcon_core.shell:create_environment_hook('ir_base', 'cmake_prefix_path')
[0.995s] INFO:colcon.colcon_core.shell:Creating environment hook '/home/giacomo/IR_LABS/Assignments/ws_07_assignments/install/ir_base/share/ir_base/hook/cmake_prefix_path.ps1'
[0.995s] INFO:colcon.colcon_core.shell:Creating environment descriptor '/home/giacomo/IR_LABS/Assignments/ws_07_assignments/install/ir_base/share/ir_base/hook/cmake_prefix_path.dsv'
[0.996s] INFO:colcon.colcon_core.shell:Creating environment hook '/home/giacomo/IR_LABS/Assignments/ws_07_assignments/install/ir_base/share/ir_base/hook/cmake_prefix_path.sh'
[0.996s] Level 1:colcon.colcon_core.environment:checking '/home/giacomo/IR_LABS/Assignments/ws_07_assignments/install/ir_base/bin'
[0.996s] Level 1:colcon.colcon_core.environment:checking '/home/giacomo/IR_LABS/Assignments/ws_07_assignments/install/ir_base/lib/pkgconfig/ir_base.pc'
[0.996s] Level 1:colcon.colcon_core.environment:checking '/home/giacomo/IR_LABS/Assignments/ws_07_assignments/install/ir_base/lib/python3.12/site-packages'
[0.997s] Level 1:colcon.colcon_core.environment:checking '/home/giacomo/IR_LABS/Assignments/ws_07_assignments/install/ir_base/bin'
[0.997s] INFO:colcon.colcon_core.shell:Creating package script '/home/giacomo/IR_LABS/Assignments/ws_07_assignments/install/ir_base/share/ir_base/package.ps1'
[0.997s] INFO:colcon.colcon_core.shell:Creating package descriptor '/home/giacomo/IR_LABS/Assignments/ws_07_assignments/install/ir_base/share/ir_base/package.dsv'
[0.997s] INFO:colcon.colcon_core.shell:Creating package script '/home/giacomo/IR_LABS/Assignments/ws_07_assignments/install/ir_base/share/ir_base/package.sh'
[0.998s] INFO:colcon.colcon_core.shell:Creating package script '/home/giacomo/IR_LABS/Assignments/ws_07_assignments/install/ir_base/share/ir_base/package.bash'
[0.998s] INFO:colcon.colcon_core.shell:Creating package script '/home/giacomo/IR_LABS/Assignments/ws_07_assignments/install/ir_base/share/ir_base/package.zsh'
[0.998s] Level 1:colcon.colcon_core.environment:create_file_with_runtime_dependencies(/home/giacomo/IR_LABS/Assignments/ws_07_assignments/install/ir_base/share/colcon-core/packages/ir_base)
[1.001s] DEBUG:colcon.colcon_core.event_handler.log_command:Invoking command in '/home/giacomo/IR_LABS/Assignments/ws_07_assignments/build/ir_movit_config': CMAKE_PREFIX_PATH=/home/giacomo/IR_LABS/Assignments/ws_07_assignments/install/ir_desription:/home/giacomo/IR_LABS/Assignments/ws_07_assignments/install/ir_movit_config:/home/giacomo/IR_LABS/Assignments/ws_07_assignments/install/ir_launch:/home/giacomo/IR_LABS/Assignments/ws_07_assignments/install/ir_base:/home/giacomo/IR_LABS/Assignments/ws_07_assignments/install/assignment_1_07:/home/giacomo/IR_LABS/Assignments/ws_07_assignments/install/apriltag_ros:/opt/ros/jazzy/opt/gz_sim_vendor:/opt/ros/jazzy/opt/gz_sensors_vendor:/opt/ros/jazzy/opt/gz_physics_vendor:/opt/ros/jazzy/opt/sdformat_vendor:/opt/ros/jazzy/opt/gz_gui_vendor:/opt/ros/jazzy/opt/gz_transport_vendor:/opt/ros/jazzy/opt/gz_rendering_vendor:/opt/ros/jazzy/opt/gz_plugin_vendor:/opt/ros/jazzy/opt/gz_fuel_tools_vendor:/opt/ros/jazzy/opt/gz_msgs_vendor:/opt/ros/jazzy/opt/gz_common_vendor:/opt/ros/jazzy/opt/gz_math_vendor:/opt/ros/jazzy/opt/gz_utils_vendor:/opt/ros/jazzy/opt/gz_tools_vendor:/opt/ros/jazzy/opt/gz_ogre_next_vendor:/opt/ros/jazzy/opt/gz_dartsim_vendor:/opt/ros/jazzy/opt/gz_cmake_vendor:/opt/ros/jazzy DEBUGINFOD_URLS=https://debuginfod.ubuntu.com /usr/bin/cmake /home/giacomo/IR_LABS/Assignments/ws_07_assignments/src/ir_2526/ir_movit_config -DCMAKE_INSTALL_PREFIX=/home/giacomo/IR_LABS/Assignments/ws_07_assignments/install/ir_movit_config
[1.520s] DEBUG:colcon.colcon_core.event_handler.log_command:Invoked command in '/home/giacomo/IR_LABS/Assignments/ws_07_assignments/build/assignment_1_07' returned '0': CMAKE_PREFIX_PATH=${CMAKE_PREFIX_PATH}:/opt/ros/jazzy DEBUGINFOD_URLS=https://debuginfod.ubuntu.com /usr/bin/cmake /home/giacomo/IR_LABS/Assignments/ws_07_assignments/src/assignment_1_07 -DCMAKE_INSTALL_PREFIX=/home/giacomo/IR_LABS/Assignments/ws_07_assignments/install/assignment_1_07
[1.520s] DEBUG:colcon.colcon_core.event_handler.log_command:Invoking command in '/home/giacomo/IR_LABS/Assignments/ws_07_assignments/build/assignment_1_07': CMAKE_PREFIX_PATH=${CMAKE_PREFIX_PATH}:/opt/ros/jazzy DEBUGINFOD_URLS=https://debuginfod.ubuntu.com /usr/bin/cmake --build /home/giacomo/IR_LABS/Assignments/ws_07_assignments/build/assignment_1_07 -- -j16 -l16
[1.588s] DEBUG:colcon.colcon_core.event_handler.log_command:Invoked command in '/home/giacomo/IR_LABS/Assignments/ws_07_assignments/build/apriltag_ros' returned '0': CMAKE_PREFIX_PATH=${CMAKE_PREFIX_PATH}:/opt/ros/jazzy DEBUGINFOD_URLS=https://debuginfod.ubuntu.com /usr/bin/cmake /home/giacomo/IR_LABS/Assignments/ws_07_assignments/src/ir_2526/apriltag_ros -DCMAKE_INSTALL_PREFIX=/home/giacomo/IR_LABS/Assignments/ws_07_assignments/install/apriltag_ros
[1.589s] DEBUG:colcon.colcon_core.event_handler.log_command:Invoking command in '/home/giacomo/IR_LABS/Assignments/ws_07_assignments/build/apriltag_ros': CMAKE_PREFIX_PATH=${CMAKE_PREFIX_PATH}:/opt/ros/jazzy DEBUGINFOD_URLS=https://debuginfod.ubuntu.com /usr/bin/cmake --build /home/giacomo/IR_LABS/Assignments/ws_07_assignments/build/apriltag_ros -- -j16 -l16
[2.073s] DEBUG:colcon.colcon_core.event_handler.log_command:Invoked command in '/home/giacomo/IR_LABS/Assignments/ws_07_assignments/build/ir_movit_config' returned '0': CMAKE_PREFIX_PATH=/home/giacomo/IR_LABS/Assignments/ws_07_assignments/install/ir_desription:/home/giacomo/IR_LABS/Assignments/ws_07_assignments/install/ir_movit_config:/home/giacomo/IR_LABS/Assignments/ws_07_assignments/install/ir_launch:/home/giacomo/IR_LABS/Assignments/ws_07_assignments/install/ir_base:/home/giacomo/IR_LABS/Assignments/ws_07_assignments/install/assignment_1_07:/home/giacomo/IR_LABS/Assignments/ws_07_assignments/install/apriltag_ros:/opt/ros/jazzy/opt/gz_sim_vendor:/opt/ros/jazzy/opt/gz_sensors_vendor:/opt/ros/jazzy/opt/gz_physics_vendor:/opt/ros/jazzy/opt/sdformat_vendor:/opt/ros/jazzy/opt/gz_gui_vendor:/opt/ros/jazzy/opt/gz_transport_vendor:/opt/ros/jazzy/opt/gz_rendering_vendor:/opt/ros/jazzy/opt/gz_plugin_vendor:/opt/ros/jazzy/opt/gz_fuel_tools_vendor:/opt/ros/jazzy/opt/gz_msgs_vendor:/opt/ros/jazzy/opt/gz_common_vendor:/opt/ros/jazzy/opt/gz_math_vendor:/opt/ros/jazzy/opt/gz_utils_vendor:/opt/ros/jazzy/opt/gz_tools_vendor:/opt/ros/jazzy/opt/gz_ogre_next_vendor:/opt/ros/jazzy/opt/gz_dartsim_vendor:/opt/ros/jazzy/opt/gz_cmake_vendor:/opt/ros/jazzy DEBUGINFOD_URLS=https://debuginfod.ubuntu.com /usr/bin/cmake /home/giacomo/IR_LABS/Assignments/ws_07_assignments/src/ir_2526/ir_movit_config -DCMAKE_INSTALL_PREFIX=/home/giacomo/IR_LABS/Assignments/ws_07_assignments/install/ir_movit_config
[2.074s] DEBUG:colcon.colcon_core.event_handler.log_command:Invoking command in '/home/giacomo/IR_LABS/Assignments/ws_07_assignments/build/ir_movit_config': CMAKE_PREFIX_PATH=/home/giacomo/IR_LABS/Assignments/ws_07_assignments/install/ir_desription:/home/giacomo/IR_LABS/Assignments/ws_07_assignments/install/ir_movit_config:/home/giacomo/IR_LABS/Assignments/ws_07_assignments/install/ir_launch:/home/giacomo/IR_LABS/Assignments/ws_07_assignments/install/ir_base:/home/giacomo/IR_LABS/Assignments/ws_07_assignments/install/assignment_1_07:/home/giacomo/IR_LABS/Assignments/ws_07_assignments/install/apriltag_ros:/opt/ros/jazzy/opt/gz_sim_vendor:/opt/ros/jazzy/opt/gz_sensors_vendor:/opt/ros/jazzy/opt/gz_physics_vendor:/opt/ros/jazzy/opt/sdformat_vendor:/opt/ros/jazzy/opt/gz_gui_vendor:/opt/ros/jazzy/opt/gz_transport_vendor:/opt/ros/jazzy/opt/gz_rendering_vendor:/opt/ros/jazzy/opt/gz_plugin_vendor:/opt/ros/jazzy/opt/gz_fuel_tools_vendor:/opt/ros/jazzy/opt/gz_msgs_vendor:/opt/ros/jazzy/opt/gz_common_vendor:/opt/ros/jazzy/opt/gz_math_vendor:/opt/ros/jazzy/opt/gz_utils_vendor:/opt/ros/jazzy/opt/gz_tools_vendor:/opt/ros/jazzy/opt/gz_ogre_next_vendor:/opt/ros/jazzy/opt/gz_dartsim_vendor:/opt/ros/jazzy/opt/gz_cmake_vendor:/opt/ros/jazzy DEBUGINFOD_URLS=https://debuginfod.ubuntu.com /usr/bin/cmake --build /home/giacomo/IR_LABS/Assignments/ws_07_assignments/build/ir_movit_config -- -j16 -l16
[5.316s] DEBUG:colcon.colcon_core.event_handler.log_command:Invoked command in '/home/giacomo/IR_LABS/Assignments/ws_07_assignments/build/ir_movit_config' returned '0': CMAKE_PREFIX_PATH=/home/giacomo/IR_LABS/Assignments/ws_07_assignments/install/ir_desription:/home/giacomo/IR_LABS/Assignments/ws_07_assignments/install/ir_movit_config:/home/giacomo/IR_LABS/Assignments/ws_07_assignments/install/ir_launch:/home/giacomo/IR_LABS/Assignments/ws_07_assignments/install/ir_base:/home/giacomo/IR_LABS/Assignments/ws_07_assignments/install/assignment_1_07:/home/giacomo/IR_LABS/Assignments/ws_07_assignments/install/apriltag_ros:/opt/ros/jazzy/opt/gz_sim_vendor:/opt/ros/jazzy/opt/gz_sensors_vendor:/opt/ros/jazzy/opt/gz_physics_vendor:/opt/ros/jazzy/opt/sdformat_vendor:/opt/ros/jazzy/opt/gz_gui_vendor:/opt/ros/jazzy/opt/gz_transport_vendor:/opt/ros/jazzy/opt/gz_rendering_vendor:/opt/ros/jazzy/opt/gz_plugin_vendor:/opt/ros/jazzy/opt/gz_fuel_tools_vendor:/opt/ros/jazzy/opt/gz_msgs_vendor:/opt/ros/jazzy/opt/gz_common_vendor:/opt/ros/jazzy/opt/gz_math_vendor:/opt/ros/jazzy/opt/gz_utils_vendor:/opt/ros/jazzy/opt/gz_tools_vendor:/opt/ros/jazzy/opt/gz_ogre_next_vendor:/opt/ros/jazzy/opt/gz_dartsim_vendor:/opt/ros/jazzy/opt/gz_cmake_vendor:/opt/ros/jazzy DEBUGINFOD_URLS=https://debuginfod.ubuntu.com /usr/bin/cmake --build /home/giacomo/IR_LABS/Assignments/ws_07_assignments/build/ir_movit_config -- -j16 -l16
[5.317s] DEBUG:colcon.colcon_core.event_handler.log_command:Invoking command in '/home/giacomo/IR_LABS/Assignments/ws_07_assignments/build/ir_movit_config': CMAKE_PREFIX_PATH=/home/giacomo/IR_LABS/Assignments/ws_07_assignments/install/ir_desription:/home/giacomo/IR_LABS/Assignments/ws_07_assignments/install/ir_movit_config:/home/giacomo/IR_LABS/Assignments/ws_07_assignments/install/ir_launch:/home/giacomo/IR_LABS/Assignments/ws_07_assignments/install/ir_base:/home/giacomo/IR_LABS/Assignments/ws_07_assignments/install/assignment_1_07:/home/giacomo/IR_LABS/Assignments/ws_07_assignments/install/apriltag_ros:/opt/ros/jazzy/opt/gz_sim_vendor:/opt/ros/jazzy/opt/gz_sensors_vendor:/opt/ros/jazzy/opt/gz_physics_vendor:/opt/ros/jazzy/opt/sdformat_vendor:/opt/ros/jazzy/opt/gz_gui_vendor:/opt/ros/jazzy/opt/gz_transport_vendor:/opt/ros/jazzy/opt/gz_rendering_vendor:/opt/ros/jazzy/opt/gz_plugin_vendor:/opt/ros/jazzy/opt/gz_fuel_tools_vendor:/opt/ros/jazzy/opt/gz_msgs_vendor:/opt/ros/jazzy/opt/gz_common_vendor:/opt/ros/jazzy/opt/gz_math_vendor:/opt/ros/jazzy/opt/gz_utils_vendor:/opt/ros/jazzy/opt/gz_tools_vendor:/opt/ros/jazzy/opt/gz_ogre_next_vendor:/opt/ros/jazzy/opt/gz_dartsim_vendor:/opt/ros/jazzy/opt/gz_cmake_vendor:/opt/ros/jazzy DEBUGINFOD_URLS=https://debuginfod.ubuntu.com /usr/bin/cmake --install /home/giacomo/IR_LABS/Assignments/ws_07_assignments/build/ir_movit_config
[5.342s] Level 1:colcon.colcon_core.environment:create_environment_scripts_only(ir_movit_config)
[5.344s] Level 1:colcon.colcon_core.environment:checking '/home/giacomo/IR_LABS/Assignments/ws_07_assignments/install/ir_movit_config' for CMake module files
[5.344s] DEBUG:colcon.colcon_core.event_handler.log_command:Invoked command in '/home/giacomo/IR_LABS/Assignments/ws_07_assignments/build/ir_movit_config' returned '0': CMAKE_PREFIX_PATH=/home/giacomo/IR_LABS/Assignments/ws_07_assignments/install/ir_desription:/home/giacomo/IR_LABS/Assignments/ws_07_assignments/install/ir_movit_config:/home/giacomo/IR_LABS/Assignments/ws_07_assignments/install/ir_launch:/home/giacomo/IR_LABS/Assignments/ws_07_assignments/install/ir_base:/home/giacomo/IR_LABS/Assignments/ws_07_assignments/install/assignment_1_07:/home/giacomo/IR_LABS/Assignments/ws_07_assignments/install/apriltag_ros:/opt/ros/jazzy/opt/gz_sim_vendor:/opt/ros/jazzy/opt/gz_sensors_vendor:/opt/ros/jazzy/opt/gz_physics_vendor:/opt/ros/jazzy/opt/sdformat_vendor:/opt/ros/jazzy/opt/gz_gui_vendor:/opt/ros/jazzy/opt/gz_transport_vendor:/opt/ros/jazzy/opt/gz_rendering_vendor:/opt/ros/jazzy/opt/gz_plugin_vendor:/opt/ros/jazzy/opt/gz_fuel_tools_vendor:/opt/ros/jazzy/opt/gz_msgs_vendor:/opt/ros/jazzy/opt/gz_common_vendor:/opt/ros/jazzy/opt/gz_math_vendor:/opt/ros/jazzy/opt/gz_utils_vendor:/opt/ros/jazzy/opt/gz_tools_vendor:/opt/ros/jazzy/opt/gz_ogre_next_vendor:/opt/ros/jazzy/opt/gz_dartsim_vendor:/opt/ros/jazzy/opt/gz_cmake_vendor:/opt/ros/jazzy DEBUGINFOD_URLS=https://debuginfod.ubuntu.com /usr/bin/cmake --install /home/giacomo/IR_LABS/Assignments/ws_07_assignments/build/ir_movit_config
[5.344s] Level 1:colcon.colcon_core.environment:checking '/home/giacomo/IR_LABS/Assignments/ws_07_assignments/install/ir_movit_config' for CMake config files
[5.345s] Level 1:colcon.colcon_core.shell:create_environment_hook('ir_movit_config', 'cmake_prefix_path')
[5.345s] INFO:colcon.colcon_core.shell:Creating environment hook '/home/giacomo/IR_LABS/Assignments/ws_07_assignments/install/ir_movit_config/share/ir_movit_config/hook/cmake_prefix_path.ps1'
[5.346s] INFO:colcon.colcon_core.shell:Creating environment descriptor '/home/giacomo/IR_LABS/Assignments/ws_07_assignments/install/ir_movit_config/share/ir_movit_config/hook/cmake_prefix_path.dsv'
[5.346s] INFO:colcon.colcon_core.shell:Creating environment hook '/home/giacomo/IR_LABS/Assignments/ws_07_assignments/install/ir_movit_config/share/ir_movit_config/hook/cmake_prefix_path.sh'
[5.347s] Level 1:colcon.colcon_core.environment:checking '/home/giacomo/IR_LABS/Assignments/ws_07_assignments/install/ir_movit_config/lib'
[5.347s] Level 1:colcon.colcon_core.environment:checking '/home/giacomo/IR_LABS/Assignments/ws_07_assignments/install/ir_movit_config/bin'
[5.347s] Level 1:colcon.colcon_core.environment:checking '/home/giacomo/IR_LABS/Assignments/ws_07_assignments/install/ir_movit_config/lib/pkgconfig/ir_movit_config.pc'
[5.347s] Level 1:colcon.colcon_core.environment:checking '/home/giacomo/IR_LABS/Assignments/ws_07_assignments/install/ir_movit_config/lib/python3.12/site-packages'
[5.347s] Level 1:colcon.colcon_core.environment:checking '/home/giacomo/IR_LABS/Assignments/ws_07_assignments/install/ir_movit_config/bin'
[5.348s] INFO:colcon.colcon_core.shell:Creating package script '/home/giacomo/IR_LABS/Assignments/ws_07_assignments/install/ir_movit_config/share/ir_movit_config/package.ps1'
[5.348s] INFO:colcon.colcon_core.shell:Creating package descriptor '/home/giacomo/IR_LABS/Assignments/ws_07_assignments/install/ir_movit_config/share/ir_movit_config/package.dsv'
[5.348s] INFO:colcon.colcon_core.shell:Creating package script '/home/giacomo/IR_LABS/Assignments/ws_07_assignments/install/ir_movit_config/share/ir_movit_config/package.sh'
[5.349s] INFO:colcon.colcon_core.shell:Creating package script '/home/giacomo/IR_LABS/Assignments/ws_07_assignments/install/ir_movit_config/share/ir_movit_config/package.bash'
[5.349s] INFO:colcon.colcon_core.shell:Creating package script '/home/giacomo/IR_LABS/Assignments/ws_07_assignments/install/ir_movit_config/share/ir_movit_config/package.zsh'
[5.349s] Level 1:colcon.colcon_core.environment:create_file_with_runtime_dependencies(/home/giacomo/IR_LABS/Assignments/ws_07_assignments/install/ir_movit_config/share/colcon-core/packages/ir_movit_config)
[5.349s] Level 1:colcon.colcon_core.environment:create_environment_scripts_only(ir_movit_config)
[5.349s] Level 1:colcon.colcon_core.environment:checking '/home/giacomo/IR_LABS/Assignments/ws_07_assignments/install/ir_movit_config' for CMake module files
[5.350s] Level 1:colcon.colcon_core.environment:checking '/home/giacomo/IR_LABS/Assignments/ws_07_assignments/install/ir_movit_config' for CMake config files
[5.350s] Level 1:colcon.colcon_core.shell:create_environment_hook('ir_movit_config', 'cmake_prefix_path')
[5.350s] INFO:colcon.colcon_core.shell:Creating environment hook '/home/giacomo/IR_LABS/Assignments/ws_07_assignments/install/ir_movit_config/share/ir_movit_config/hook/cmake_prefix_path.ps1'
[5.350s] INFO:colcon.colcon_core.shell:Creating environment descriptor '/home/giacomo/IR_LABS/Assignments/ws_07_assignments/install/ir_movit_config/share/ir_movit_config/hook/cmake_prefix_path.dsv'
[5.351s] INFO:colcon.colcon_core.shell:Creating environment hook '/home/giacomo/IR_LABS/Assignments/ws_07_assignments/install/ir_movit_config/share/ir_movit_config/hook/cmake_prefix_path.sh'
[5.351s] Level 1:colcon.colcon_core.environment:checking '/home/giacomo/IR_LABS/Assignments/ws_07_assignments/install/ir_movit_config/lib'
[5.351s] Level 1:colcon.colcon_core.environment:checking '/home/giacomo/IR_LABS/Assignments/ws_07_assignments/install/ir_movit_config/bin'
[5.351s] Level 1:colcon.colcon_core.environment:checking '/home/giacomo/IR_LABS/Assignments/ws_07_assignments/install/ir_movit_config/lib/pkgconfig/ir_movit_config.pc'
[5.351s] Level 1:colcon.colcon_core.environment:checking '/home/giacomo/IR_LABS/Assignments/ws_07_assignments/install/ir_movit_config/lib/python3.12/site-packages'
[5.351s] Level 1:colcon.colcon_core.environment:checking '/home/giacomo/IR_LABS/Assignments/ws_07_assignments/install/ir_movit_config/bin'
[5.352s] INFO:colcon.colcon_core.shell:Creating package script '/home/giacomo/IR_LABS/Assignments/ws_07_assignments/install/ir_movit_config/share/ir_movit_config/package.ps1'
[5.352s] INFO:colcon.colcon_core.shell:Creating package descriptor '/home/giacomo/IR_LABS/Assignments/ws_07_assignments/install/ir_movit_config/share/ir_movit_config/package.dsv'
[5.352s] INFO:colcon.colcon_core.shell:Creating package script '/home/giacomo/IR_LABS/Assignments/ws_07_assignments/install/ir_movit_config/share/ir_movit_config/package.sh'
[5.353s] INFO:colcon.colcon_core.shell:Creating package script '/home/giacomo/IR_LABS/Assignments/ws_07_assignments/install/ir_movit_config/share/ir_movit_config/package.bash'
[5.353s] INFO:colcon.colcon_core.shell:Creating package script '/home/giacomo/IR_LABS/Assignments/ws_07_assignments/install/ir_movit_config/share/ir_movit_config/package.zsh'
[5.353s] Level 1:colcon.colcon_core.environment:create_file_with_runtime_dependencies(/home/giacomo/IR_LABS/Assignments/ws_07_assignments/install/ir_movit_config/share/colcon-core/packages/ir_movit_config)
[8.172s] DEBUG:colcon.colcon_core.event_handler.log_command:Invoked command in '/home/giacomo/IR_LABS/Assignments/ws_07_assignments/build/assignment_1_07' returned '0': CMAKE_PREFIX_PATH=${CMAKE_PREFIX_PATH}:/opt/ros/jazzy DEBUGINFOD_URLS=https://debuginfod.ubuntu.com /usr/bin/cmake --build /home/giacomo/IR_LABS/Assignments/ws_07_assignments/build/assignment_1_07 -- -j16 -l16
[8.173s] DEBUG:colcon.colcon_core.event_handler.log_command:Invoking command in '/home/giacomo/IR_LABS/Assignments/ws_07_assignments/build/assignment_1_07': CMAKE_PREFIX_PATH=${CMAKE_PREFIX_PATH}:/opt/ros/jazzy DEBUGINFOD_URLS=https://debuginfod.ubuntu.com /usr/bin/cmake --install /home/giacomo/IR_LABS/Assignments/ws_07_assignments/build/assignment_1_07
[8.187s] Level 1:colcon.colcon_core.environment:create_environment_scripts_only(assignment_1_07)
[8.187s] DEBUG:colcon.colcon_core.event_handler.log_command:Invoked command in '/home/giacomo/IR_LABS/Assignments/ws_07_assignments/build/assignment_1_07' returned '0': CMAKE_PREFIX_PATH=${CMAKE_PREFIX_PATH}:/opt/ros/jazzy DEBUGINFOD_URLS=https://debuginfod.ubuntu.com /usr/bin/cmake --install /home/giacomo/IR_LABS/Assignments/ws_07_assignments/build/assignment_1_07
[8.187s] Level 1:colcon.colcon_core.environment:checking '/home/giacomo/IR_LABS/Assignments/ws_07_assignments/install/assignment_1_07' for CMake module files
[8.188s] Level 1:colcon.colcon_core.environment:checking '/home/giacomo/IR_LABS/Assignments/ws_07_assignments/install/assignment_1_07' for CMake config files
[8.188s] Level 1:colcon.colcon_core.shell:create_environment_hook('assignment_1_07', 'cmake_prefix_path')
[8.188s] INFO:colcon.colcon_core.shell:Creating environment hook '/home/giacomo/IR_LABS/Assignments/ws_07_assignments/install/assignment_1_07/share/assignment_1_07/hook/cmake_prefix_path.ps1'
[8.188s] INFO:colcon.colcon_core.shell:Creating environment descriptor '/home/giacomo/IR_LABS/Assignments/ws_07_assignments/install/assignment_1_07/share/assignment_1_07/hook/cmake_prefix_path.dsv'
[8.188s] INFO:colcon.colcon_core.shell:Creating environment hook '/home/giacomo/IR_LABS/Assignments/ws_07_assignments/install/assignment_1_07/share/assignment_1_07/hook/cmake_prefix_path.sh'
[8.189s] Level 1:colcon.colcon_core.environment:checking '/home/giacomo/IR_LABS/Assignments/ws_07_assignments/install/assignment_1_07/lib'
[8.189s] Level 1:colcon.colcon_core.environment:checking '/home/giacomo/IR_LABS/Assignments/ws_07_assignments/install/assignment_1_07/bin'
[8.189s] Level 1:colcon.colcon_core.environment:checking '/home/giacomo/IR_LABS/Assignments/ws_07_assignments/install/assignment_1_07/lib/pkgconfig/assignment_1_07.pc'
[8.189s] Level 1:colcon.colcon_core.environment:checking '/home/giacomo/IR_LABS/Assignments/ws_07_assignments/install/assignment_1_07/lib/python3.12/site-packages'
[8.189s] Level 1:colcon.colcon_core.environment:checking '/home/giacomo/IR_LABS/Assignments/ws_07_assignments/install/assignment_1_07/bin'
[8.189s] INFO:colcon.colcon_core.shell:Creating package script '/home/giacomo/IR_LABS/Assignments/ws_07_assignments/install/assignment_1_07/share/assignment_1_07/package.ps1'
[8.190s] INFO:colcon.colcon_core.shell:Creating package descriptor '/home/giacomo/IR_LABS/Assignments/ws_07_assignments/install/assignment_1_07/share/assignment_1_07/package.dsv'
[8.190s] INFO:colcon.colcon_core.shell:Creating package script '/home/giacomo/IR_LABS/Assignments/ws_07_assignments/install/assignment_1_07/share/assignment_1_07/package.sh'
[8.190s] INFO:colcon.colcon_core.shell:Creating package script '/home/giacomo/IR_LABS/Assignments/ws_07_assignments/install/assignment_1_07/share/assignment_1_07/package.bash'
[8.190s] INFO:colcon.colcon_core.shell:Creating package script '/home/giacomo/IR_LABS/Assignments/ws_07_assignments/install/assignment_1_07/share/assignment_1_07/package.zsh'
[8.190s] Level 1:colcon.colcon_core.environment:create_file_with_runtime_dependencies(/home/giacomo/IR_LABS/Assignments/ws_07_assignments/install/assignment_1_07/share/colcon-core/packages/assignment_1_07)
[8.191s] Level 1:colcon.colcon_core.environment:create_environment_scripts_only(assignment_1_07)
[8.191s] Level 1:colcon.colcon_core.environment:checking '/home/giacomo/IR_LABS/Assignments/ws_07_assignments/install/assignment_1_07' for CMake module files
[8.191s] Level 1:colcon.colcon_core.environment:checking '/home/giacomo/IR_LABS/Assignments/ws_07_assignments/install/assignment_1_07' for CMake config files
[8.191s] Level 1:colcon.colcon_core.shell:create_environment_hook('assignment_1_07', 'cmake_prefix_path')
[8.191s] INFO:colcon.colcon_core.shell:Creating environment hook '/home/giacomo/IR_LABS/Assignments/ws_07_assignments/install/assignment_1_07/share/assignment_1_07/hook/cmake_prefix_path.ps1'
[8.192s] INFO:colcon.colcon_core.shell:Creating environment descriptor '/home/giacomo/IR_LABS/Assignments/ws_07_assignments/install/assignment_1_07/share/assignment_1_07/hook/cmake_prefix_path.dsv'
[8.192s] INFO:colcon.colcon_core.shell:Creating environment hook '/home/giacomo/IR_LABS/Assignments/ws_07_assignments/install/assignment_1_07/share/assignment_1_07/hook/cmake_prefix_path.sh'
[8.192s] Level 1:colcon.colcon_core.environment:checking '/home/giacomo/IR_LABS/Assignments/ws_07_assignments/install/assignment_1_07/lib'
[8.192s] Level 1:colcon.colcon_core.environment:checking '/home/giacomo/IR_LABS/Assignments/ws_07_assignments/install/assignment_1_07/bin'
[8.192s] Level 1:colcon.colcon_core.environment:checking '/home/giacomo/IR_LABS/Assignments/ws_07_assignments/install/assignment_1_07/lib/pkgconfig/assignment_1_07.pc'
[8.192s] Level 1:colcon.colcon_core.environment:checking '/home/giacomo/IR_LABS/Assignments/ws_07_assignments/install/assignment_1_07/lib/python3.12/site-packages'
[8.193s] Level 1:colcon.colcon_core.environment:checking '/home/giacomo/IR_LABS/Assignments/ws_07_assignments/install/assignment_1_07/bin'
[8.193s] INFO:colcon.colcon_core.shell:Creating package script '/home/giacomo/IR_LABS/Assignments/ws_07_assignments/install/assignment_1_07/share/assignment_1_07/package.ps1'
[8.193s] INFO:colcon.colcon_core.shell:Creating package descriptor '/home/giacomo/IR_LABS/Assignments/ws_07_assignments/install/assignment_1_07/share/assignment_1_07/package.dsv'
[8.193s] INFO:colcon.colcon_core.shell:Creating package script '/home/giacomo/IR_LABS/Assignments/ws_07_assignments/install/assignment_1_07/share/assignment_1_07/package.sh'
[8.193s] INFO:colcon.colcon_core.shell:Creating package script '/home/giacomo/IR_LABS/Assignments/ws_07_assignments/install/assignment_1_07/share/assignment_1_07/package.bash'
[8.194s] INFO:colcon.colcon_core.shell:Creating package script '/home/giacomo/IR_LABS/Assignments/ws_07_assignments/install/assignment_1_07/share/assignment_1_07/package.zsh'
[8.194s] Level 1:colcon.colcon_core.environment:create_file_with_runtime_dependencies(/home/giacomo/IR_LABS/Assignments/ws_07_assignments/install/assignment_1_07/share/colcon-core/packages/assignment_1_07)
[9.580s] DEBUG:colcon.colcon_core.event_handler.log_command:Invoked command in '/home/giacomo/IR_LABS/Assignments/ws_07_assignments/build/apriltag_ros' returned '0': CMAKE_PREFIX_PATH=${CMAKE_PREFIX_PATH}:/opt/ros/jazzy DEBUGINFOD_URLS=https://debuginfod.ubuntu.com /usr/bin/cmake --build /home/giacomo/IR_LABS/Assignments/ws_07_assignments/build/apriltag_ros -- -j16 -l16
[9.581s] DEBUG:colcon.colcon_core.event_handler.log_command:Invoking command in '/home/giacomo/IR_LABS/Assignments/ws_07_assignments/build/apriltag_ros': CMAKE_PREFIX_PATH=${CMAKE_PREFIX_PATH}:/opt/ros/jazzy DEBUGINFOD_URLS=https://debuginfod.ubuntu.com /usr/bin/cmake --install /home/giacomo/IR_LABS/Assignments/ws_07_assignments/build/apriltag_ros
[9.597s] Level 1:colcon.colcon_core.environment:create_environment_scripts_only(apriltag_ros)
[9.598s] DEBUG:colcon.colcon_core.event_handler.log_command:Invoked command in '/home/giacomo/IR_LABS/Assignments/ws_07_assignments/build/apriltag_ros' returned '0': CMAKE_PREFIX_PATH=${CMAKE_PREFIX_PATH}:/opt/ros/jazzy DEBUGINFOD_URLS=https://debuginfod.ubuntu.com /usr/bin/cmake --install /home/giacomo/IR_LABS/Assignments/ws_07_assignments/build/apriltag_ros
[9.598s] Level 1:colcon.colcon_core.environment:checking '/home/giacomo/IR_LABS/Assignments/ws_07_assignments/install/apriltag_ros' for CMake module files
[9.600s] Level 1:colcon.colcon_core.environment:checking '/home/giacomo/IR_LABS/Assignments/ws_07_assignments/install/apriltag_ros' for CMake config files
[9.600s] Level 1:colcon.colcon_core.shell:create_environment_hook('apriltag_ros', 'cmake_prefix_path')
[9.601s] INFO:colcon.colcon_core.shell:Creating environment hook '/home/giacomo/IR_LABS/Assignments/ws_07_assignments/install/apriltag_ros/share/apriltag_ros/hook/cmake_prefix_path.ps1'
[9.602s] INFO:colcon.colcon_core.shell:Creating environment descriptor '/home/giacomo/IR_LABS/Assignments/ws_07_assignments/install/apriltag_ros/share/apriltag_ros/hook/cmake_prefix_path.dsv'
[9.602s] INFO:colcon.colcon_core.shell:Creating environment hook '/home/giacomo/IR_LABS/Assignments/ws_07_assignments/install/apriltag_ros/share/apriltag_ros/hook/cmake_prefix_path.sh'
[9.603s] Level 1:colcon.colcon_core.environment:checking '/home/giacomo/IR_LABS/Assignments/ws_07_assignments/install/apriltag_ros/lib'
[9.603s] Level 1:colcon.colcon_core.shell:create_environment_hook('apriltag_ros', 'ld_library_path_lib')
[9.604s] INFO:colcon.colcon_core.shell:Creating environment hook '/home/giacomo/IR_LABS/Assignments/ws_07_assignments/install/apriltag_ros/share/apriltag_ros/hook/ld_library_path_lib.ps1'
[9.604s] INFO:colcon.colcon_core.shell:Creating environment descriptor '/home/giacomo/IR_LABS/Assignments/ws_07_assignments/install/apriltag_ros/share/apriltag_ros/hook/ld_library_path_lib.dsv'
[9.604s] INFO:colcon.colcon_core.shell:Creating environment hook '/home/giacomo/IR_LABS/Assignments/ws_07_assignments/install/apriltag_ros/share/apriltag_ros/hook/ld_library_path_lib.sh'
[9.605s] Level 1:colcon.colcon_core.environment:checking '/home/giacomo/IR_LABS/Assignments/ws_07_assignments/install/apriltag_ros/bin'
[9.605s] Level 1:colcon.colcon_core.environment:checking '/home/giacomo/IR_LABS/Assignments/ws_07_assignments/install/apriltag_ros/lib/pkgconfig/apriltag_ros.pc'
[9.605s] Level 1:colcon.colcon_core.environment:checking '/home/giacomo/IR_LABS/Assignments/ws_07_assignments/install/apriltag_ros/lib/python3.12/site-packages'
[9.606s] Level 1:colcon.colcon_core.environment:checking '/home/giacomo/IR_LABS/Assignments/ws_07_assignments/install/apriltag_ros/bin'
[9.606s] INFO:colcon.colcon_core.shell:Creating package script '/home/giacomo/IR_LABS/Assignments/ws_07_assignments/install/apriltag_ros/share/apriltag_ros/package.ps1'
[9.607s] INFO:colcon.colcon_core.shell:Creating package descriptor '/home/giacomo/IR_LABS/Assignments/ws_07_assignments/install/apriltag_ros/share/apriltag_ros/package.dsv'
[9.607s] INFO:colcon.colcon_core.shell:Creating package script '/home/giacomo/IR_LABS/Assignments/ws_07_assignments/install/apriltag_ros/share/apriltag_ros/package.sh'
[9.608s] INFO:colcon.colcon_core.shell:Creating package script '/home/giacomo/IR_LABS/Assignments/ws_07_assignments/install/apriltag_ros/share/apriltag_ros/package.bash'
[9.608s] INFO:colcon.colcon_core.shell:Creating package script '/home/giacomo/IR_LABS/Assignments/ws_07_assignments/install/apriltag_ros/share/apriltag_ros/package.zsh'
[9.608s] Level 1:colcon.colcon_core.environment:create_file_with_runtime_dependencies(/home/giacomo/IR_LABS/Assignments/ws_07_assignments/install/apriltag_ros/share/colcon-core/packages/apriltag_ros)
[9.609s] Level 1:colcon.colcon_core.environment:create_environment_scripts_only(apriltag_ros)
[9.609s] Level 1:colcon.colcon_core.environment:checking '/home/giacomo/IR_LABS/Assignments/ws_07_assignments/install/apriltag_ros' for CMake module files
[9.609s] Level 1:colcon.colcon_core.environment:checking '/home/giacomo/IR_LABS/Assignments/ws_07_assignments/install/apriltag_ros' for CMake config files
[9.609s] Level 1:colcon.colcon_core.shell:create_environment_hook('apriltag_ros', 'cmake_prefix_path')
[9.609s] INFO:colcon.colcon_core.shell:Creating environment hook '/home/giacomo/IR_LABS/Assignments/ws_07_assignments/install/apriltag_ros/share/apriltag_ros/hook/cmake_prefix_path.ps1'
[9.610s] INFO:colcon.colcon_core.shell:Creating environment descriptor '/home/giacomo/IR_LABS/Assignments/ws_07_assignments/install/apriltag_ros/share/apriltag_ros/hook/cmake_prefix_path.dsv'
[9.610s] INFO:colcon.colcon_core.shell:Creating environment hook '/home/giacomo/IR_LABS/Assignments/ws_07_assignments/install/apriltag_ros/share/apriltag_ros/hook/cmake_prefix_path.sh'
[9.610s] Level 1:colcon.colcon_core.environment:checking '/home/giacomo/IR_LABS/Assignments/ws_07_assignments/install/apriltag_ros/lib'
[9.610s] Level 1:colcon.colcon_core.shell:create_environment_hook('apriltag_ros', 'ld_library_path_lib')
[9.611s] INFO:colcon.colcon_core.shell:Creating environment hook '/home/giacomo/IR_LABS/Assignments/ws_07_assignments/install/apriltag_ros/share/apriltag_ros/hook/ld_library_path_lib.ps1'
[9.611s] INFO:colcon.colcon_core.shell:Creating environment descriptor '/home/giacomo/IR_LABS/Assignments/ws_07_assignments/install/apriltag_ros/share/apriltag_ros/hook/ld_library_path_lib.dsv'
[9.611s] INFO:colcon.colcon_core.shell:Creating environment hook '/home/giacomo/IR_LABS/Assignments/ws_07_assignments/install/apriltag_ros/share/apriltag_ros/hook/ld_library_path_lib.sh'
[9.611s] Level 1:colcon.colcon_core.environment:checking '/home/giacomo/IR_LABS/Assignments/ws_07_assignments/install/apriltag_ros/bin'
[9.611s] Level 1:colcon.colcon_core.environment:checking '/home/giacomo/IR_LABS/Assignments/ws_07_assignments/install/apriltag_ros/lib/pkgconfig/apriltag_ros.pc'
[9.611s] Level 1:colcon.colcon_core.environment:checking '/home/giacomo/IR_LABS/Assignments/ws_07_assignments/install/apriltag_ros/lib/python3.12/site-packages'
[9.612s] Level 1:colcon.colcon_core.environment:checking '/home/giacomo/IR_LABS/Assignments/ws_07_assignments/install/apriltag_ros/bin'
[9.612s] INFO:colcon.colcon_core.shell:Creating package script '/home/giacomo/IR_LABS/Assignments/ws_07_assignments/install/apriltag_ros/share/apriltag_ros/package.ps1'
[9.612s] INFO:colcon.colcon_core.shell:Creating package descriptor '/home/giacomo/IR_LABS/Assignments/ws_07_assignments/install/apriltag_ros/share/apriltag_ros/package.dsv'
[9.613s] INFO:colcon.colcon_core.shell:Creating package script '/home/giacomo/IR_LABS/Assignments/ws_07_assignments/install/apriltag_ros/share/apriltag_ros/package.sh'
[9.613s] INFO:colcon.colcon_core.shell:Creating package script '/home/giacomo/IR_LABS/Assignments/ws_07_assignments/install/apriltag_ros/share/apriltag_ros/package.bash'
[9.613s] INFO:colcon.colcon_core.shell:Creating package script '/home/giacomo/IR_LABS/Assignments/ws_07_assignments/install/apriltag_ros/share/apriltag_ros/package.zsh'
[9.613s] Level 1:colcon.colcon_core.environment:create_file_with_runtime_dependencies(/home/giacomo/IR_LABS/Assignments/ws_07_assignments/install/apriltag_ros/share/colcon-core/packages/apriltag_ros)
[9.613s] DEBUG:colcon.colcon_parallel_executor.executor.parallel:closing loop
[9.614s] DEBUG:colcon.colcon_parallel_executor.executor.parallel:loop closed
[9.614s] DEBUG:colcon.colcon_parallel_executor.executor.parallel:run_until_complete finished with '0'
[9.614s] DEBUG:colcon.colcon_core.event_reactor:joining thread
[9.618s] INFO:colcon.colcon_core.plugin_system:Skipping extension 'colcon_notification.desktop_notification.terminal_notifier': Not used on non-Darwin systems
[9.618s] INFO:colcon.colcon_core.plugin_system:Skipping extension 'colcon_notification.desktop_notification.win32': Not used on non-Windows systems
[9.618s] INFO:colcon.colcon_notification.desktop_notification:Sending desktop notification using 'notify2'
[9.632s] DEBUG:colcon.colcon_core.event_reactor:joined thread
[9.633s] INFO:colcon.colcon_core.shell:Creating prefix script '/home/giacomo/IR_LABS/Assignments/ws_07_assignments/install/local_setup.ps1'
[9.633s] INFO:colcon.colcon_core.shell:Creating prefix util module '/home/giacomo/IR_LABS/Assignments/ws_07_assignments/install/_local_setup_util_ps1.py'
[9.634s] INFO:colcon.colcon_core.shell:Creating prefix chain script '/home/giacomo/IR_LABS/Assignments/ws_07_assignments/install/setup.ps1'
[9.635s] INFO:colcon.colcon_core.shell:Creating prefix script '/home/giacomo/IR_LABS/Assignments/ws_07_assignments/install/local_setup.sh'
[9.635s] INFO:colcon.colcon_core.shell:Creating prefix util module '/home/giacomo/IR_LABS/Assignments/ws_07_assignments/install/_local_setup_util_sh.py'
[9.635s] INFO:colcon.colcon_core.shell:Creating prefix chain script '/home/giacomo/IR_LABS/Assignments/ws_07_assignments/install/setup.sh'
[9.636s] INFO:colcon.colcon_core.shell:Creating prefix script '/home/giacomo/IR_LABS/Assignments/ws_07_assignments/install/local_setup.bash'
[9.636s] INFO:colcon.colcon_core.shell:Creating prefix chain script '/home/giacomo/IR_LABS/Assignments/ws_07_assignments/install/setup.bash'
[9.637s] INFO:colcon.colcon_core.shell:Creating prefix script '/home/giacomo/IR_LABS/Assignments/ws_07_assignments/install/local_setup.zsh'
[9.637s] INFO:colcon.colcon_core.shell:Creating prefix chain script '/home/giacomo/IR_LABS/Assignments/ws_07_assignments/install/setup.zsh'
