[0.011s] Invoking command in '/home/giacomo/IR_LABS/Assignments/ws_07_assignments/build/ir_launch': CMAKE_PREFIX_PATH=${CMAKE_PREFIX_PATH}:/opt/ros/jazzy DEBUGINFOD_URLS=https://debuginfod.ubuntu.com /usr/bin/cmake /home/giacomo/IR_LABS/Assignments/ws_07_assignments/src/ir_2526/ir_launch -DCMAKE_INSTALL_PREFIX=/home/giacomo/IR_LABS/Assignments/ws_07_assignments/install/ir_launch
[0.081s] -- The C compiler identification is GNU 13.3.0
[0.125s] -- The CXX compiler identification is GNU 13.3.0
[0.138s] -- Detecting C compiler ABI info
[0.206s] -- Detecting C compiler ABI info - done
[0.212s] -- Check for working C compiler: /usr/bin/cc - skipped
[0.214s] -- Detecting C compile features
[0.215s] -- Detecting C compile features - done
[0.221s] -- Detecting CXX compiler ABI info
[0.294s] -- Detecting CXX compiler ABI info - done
[0.305s] -- Check for working CXX compiler: /usr/bin/c++ - skipped
[0.305s] -- Detecting CXX compile features
[0.306s] -- Detecting CXX compile features - done
[0.314s] -- Found ament_cmake: 2.5.4 (/opt/ros/jazzy/share/ament_cmake/cmake)
[0.452s] -- Found Python3: /usr/bin/python3 (found version "3.12.3") found components: Interpreter 
[0.578s] -- Found ament_lint_auto: 0.17.3 (/opt/ros/jazzy/share/ament_lint_auto/cmake)
[0.677s] -- Added test 'flake8' to check Python code syntax and style conventions
[0.677s] -- Configured 'flake8' exclude dirs and/or files: 
[0.678s] -- Added test 'lint_cmake' to check CMake code style
[0.678s] -- Added test 'pep257' to check Python code against some of the docstring style conventions in PEP 257
[0.679s] -- Added test 'xmllint' to check XML markup files
[0.681s] -- Configuring done (0.7s)
[0.682s] -- Generating done (0.0s)
[0.683s] -- Build files have been written to: /home/giacomo/IR_LABS/Assignments/ws_07_assignments/build/ir_launch
[0.688s] Invoked command in '/home/giacomo/IR_LABS/Assignments/ws_07_assignments/build/ir_launch' returned '0': CMAKE_PREFIX_PATH=${CMAKE_PREFIX_PATH}:/opt/ros/jazzy DEBUGINFOD_URLS=https://debuginfod.ubuntu.com /usr/bin/cmake /home/giacomo/IR_LABS/Assignments/ws_07_assignments/src/ir_2526/ir_launch -DCMAKE_INSTALL_PREFIX=/home/giacomo/IR_LABS/Assignments/ws_07_assignments/install/ir_launch
[0.689s] Invoking command in '/home/giacomo/IR_LABS/Assignments/ws_07_assignments/build/ir_launch': CMAKE_PREFIX_PATH=${CMAKE_PREFIX_PATH}:/opt/ros/jazzy DEBUGINFOD_URLS=https://debuginfod.ubuntu.com /usr/bin/cmake --build /home/giacomo/IR_LABS/Assignments/ws_07_assignments/build/ir_launch -- -j16 -l16
[0.718s] Invoked command in '/home/giacomo/IR_LABS/Assignments/ws_07_assignments/build/ir_launch' returned '0': CMAKE_PREFIX_PATH=${CMAKE_PREFIX_PATH}:/opt/ros/jazzy DEBUGINFOD_URLS=https://debuginfod.ubuntu.com /usr/bin/cmake --build /home/giacomo/IR_LABS/Assignments/ws_07_assignments/build/ir_launch -- -j16 -l16
[0.719s] Invoking command in '/home/giacomo/IR_LABS/Assignments/ws_07_assignments/build/ir_launch': CMAKE_PREFIX_PATH=${CMAKE_PREFIX_PATH}:/opt/ros/jazzy DEBUGINFOD_URLS=https://debuginfod.ubuntu.com /usr/bin/cmake --install /home/giacomo/IR_LABS/Assignments/ws_07_assignments/build/ir_launch
[0.725s] -- Install configuration: ""
[0.725s] -- Installing: /home/giacomo/IR_LABS/Assignments/ws_07_assignments/install/ir_launch/share/ament_index/resource_index/package_run_dependencies/ir_launch
[0.725s] -- Installing: /home/giacomo/IR_LABS/Assignments/ws_07_assignments/install/ir_launch/share/ament_index/resource_index/parent_prefix_path/ir_launch
[0.725s] -- Installing: /home/giacomo/IR_LABS/Assignments/ws_07_assignments/install/ir_launch/share/ir_launch/environment/ament_prefix_path.sh
[0.725s] -- Installing: /home/giacomo/IR_LABS/Assignments/ws_07_assignments/install/ir_launch/share/ir_launch/environment/ament_prefix_path.dsv
[0.725s] -- Installing: /home/giacomo/IR_LABS/Assignments/ws_07_assignments/install/ir_launch/share/ir_launch/environment/path.sh
[0.726s] -- Installing: /home/giacomo/IR_LABS/Assignments/ws_07_assignments/install/ir_launch/share/ir_launch/environment/path.dsv
[0.726s] -- Installing: /home/giacomo/IR_LABS/Assignments/ws_07_assignments/install/ir_launch/share/ir_launch/local_setup.bash
[0.726s] -- Installing: /home/giacomo/IR_LABS/Assignments/ws_07_assignments/install/ir_launch/share/ir_launch/local_setup.sh
[0.726s] -- Installing: /home/giacomo/IR_LABS/Assignments/ws_07_assignments/install/ir_launch/share/ir_launch/local_setup.zsh
[0.726s] -- Installing: /home/giacomo/IR_LABS/Assignments/ws_07_assignments/install/ir_launch/share/ir_launch/local_setup.dsv
[0.726s] -- Installing: /home/giacomo/IR_LABS/Assignments/ws_07_assignments/install/ir_launch/share/ir_launch/package.dsv
[0.726s] -- Installing: /home/giacomo/IR_LABS/Assignments/ws_07_assignments/install/ir_launch/share/ament_index/resource_index/packages/ir_launch
[0.726s] -- Installing: /home/giacomo/IR_LABS/Assignments/ws_07_assignments/install/ir_launch/share/ir_launch/cmake/ir_launchConfig.cmake
[0.726s] -- Installing: /home/giacomo/IR_LABS/Assignments/ws_07_assignments/install/ir_launch/share/ir_launch/cmake/ir_launchConfig-version.cmake
[0.726s] -- Installing: /home/giacomo/IR_LABS/Assignments/ws_07_assignments/install/ir_launch/share/ir_launch/package.xml
[0.726s] -- Installing: /home/giacomo/IR_LABS/Assignments/ws_07_assignments/install/ir_launch/share/ir_launch/launch
[0.726s] -- Installing: /home/giacomo/IR_LABS/Assignments/ws_07_assignments/install/ir_launch/share/ir_launch/launch/assignment_1.launch.py
[0.726s] -- Installing: /home/giacomo/IR_LABS/Assignments/ws_07_assignments/install/ir_launch/share/ir_launch/launch/exercise_4.launch.py
[0.726s] -- Installing: /home/giacomo/IR_LABS/Assignments/ws_07_assignments/install/ir_launch/share/ir_launch/launch/spawn_tb3_launch.py
[0.726s] -- Installing: /home/giacomo/IR_LABS/Assignments/ws_07_assignments/install/ir_launch/share/ir_launch/launch/assignment_2.launch.py
[0.727s] Invoked command in '/home/giacomo/IR_LABS/Assignments/ws_07_assignments/build/ir_launch' returned '0': CMAKE_PREFIX_PATH=${CMAKE_PREFIX_PATH}:/opt/ros/jazzy DEBUGINFOD_URLS=https://debuginfod.ubuntu.com /usr/bin/cmake --install /home/giacomo/IR_LABS/Assignments/ws_07_assignments/build/ir_launch
