[0.028s] Invoking command in '/home/giacomo/IR_LABS/Assignments/ws_07_assignments/build/apriltag_ros': CMAKE_PREFIX_PATH=${CMAKE_PREFIX_PATH}:/opt/ros/jazzy DEBUGINFOD_URLS=https://debuginfod.ubuntu.com /usr/bin/cmake --build /home/giacomo/IR_LABS/Assignments/ws_07_assignments/build/apriltag_ros -- -j16 -l16
[0.093s] [ 40%] Built target conversion
[0.094s] [ 40%] Built target tags
[0.112s] [ 60%] Built target apriltag_node
[0.135s] [ 80%] Built target pose_estimation
[0.164s] [100%] Built target AprilTagNode
[0.212s] Invoked command in '/home/giacomo/IR_LABS/Assignments/ws_07_assignments/build/apriltag_ros' returned '0': CMAKE_PREFIX_PATH=${CMAKE_PREFIX_PATH}:/opt/ros/jazzy DEBUGINFOD_URLS=https://debuginfod.ubuntu.com /usr/bin/cmake --build /home/giacomo/IR_LABS/Assignments/ws_07_assignments/build/apriltag_ros -- -j16 -l16
[0.214s] Invoking command in '/home/giacomo/IR_LABS/Assignments/ws_07_assignments/build/apriltag_ros': CMAKE_PREFIX_PATH=${CMAKE_PREFIX_PATH}:/opt/ros/jazzy DEBUGINFOD_URLS=https://debuginfod.ubuntu.com /usr/bin/cmake --install /home/giacomo/IR_LABS/Assignments/ws_07_assignments/build/apriltag_ros
[0.224s] -- Install configuration: ""
[0.224s] -- Up-to-date: /home/giacomo/IR_LABS/Assignments/ws_07_assignments/install/apriltag_ros/lib/apriltag_ros/apriltag_node
[0.224s] -- Up-to-date: /home/giacomo/IR_LABS/Assignments/ws_07_assignments/install/apriltag_ros/share/apriltag_ros/environment/library_path.sh
[0.224s] -- Up-to-date: /home/giacomo/IR_LABS/Assignments/ws_07_assignments/install/apriltag_ros/share/apriltag_ros/environment/library_path.dsv
[0.225s] -- Up-to-date: /home/giacomo/IR_LABS/Assignments/ws_07_assignments/install/apriltag_ros/lib/libAprilTagNode.so
[0.225s] -- Up-to-date: /home/giacomo/IR_LABS/Assignments/ws_07_assignments/install/apriltag_ros/share/apriltag_ros/cfg
[0.225s] -- Up-to-date: /home/giacomo/IR_LABS/Assignments/ws_07_assignments/install/apriltag_ros/share/apriltag_ros/cfg/qos_overrides.yaml
[0.225s] -- Up-to-date: /home/giacomo/IR_LABS/Assignments/ws_07_assignments/install/apriltag_ros/share/apriltag_ros/cfg/tags_36h11.yaml
[0.225s] -- Up-to-date: /home/giacomo/IR_LABS/Assignments/ws_07_assignments/install/apriltag_ros/share/apriltag_ros/launch
[0.226s] -- Up-to-date: /home/giacomo/IR_LABS/Assignments/ws_07_assignments/install/apriltag_ros/share/apriltag_ros/launch/camera_36h11.launch.yml
[0.226s] -- Up-to-date: /home/giacomo/IR_LABS/Assignments/ws_07_assignments/install/apriltag_ros/share/ament_index/resource_index/package_run_dependencies/apriltag_ros
[0.226s] -- Up-to-date: /home/giacomo/IR_LABS/Assignments/ws_07_assignments/install/apriltag_ros/share/ament_index/resource_index/parent_prefix_path/apriltag_ros
[0.226s] -- Up-to-date: /home/giacomo/IR_LABS/Assignments/ws_07_assignments/install/apriltag_ros/share/apriltag_ros/environment/ament_prefix_path.sh
[0.226s] -- Up-to-date: /home/giacomo/IR_LABS/Assignments/ws_07_assignments/install/apriltag_ros/share/apriltag_ros/environment/ament_prefix_path.dsv
[0.226s] -- Up-to-date: /home/giacomo/IR_LABS/Assignments/ws_07_assignments/install/apriltag_ros/share/apriltag_ros/environment/path.sh
[0.226s] -- Up-to-date: /home/giacomo/IR_LABS/Assignments/ws_07_assignments/install/apriltag_ros/share/apriltag_ros/environment/path.dsv
[0.226s] -- Up-to-date: /home/giacomo/IR_LABS/Assignments/ws_07_assignments/install/apriltag_ros/share/apriltag_ros/local_setup.bash
[0.226s] -- Up-to-date: /home/giacomo/IR_LABS/Assignments/ws_07_assignments/install/apriltag_ros/share/apriltag_ros/local_setup.sh
[0.226s] -- Up-to-date: /home/giacomo/IR_LABS/Assignments/ws_07_assignments/install/apriltag_ros/share/apriltag_ros/local_setup.zsh
[0.227s] -- Up-to-date: /home/giacomo/IR_LABS/Assignments/ws_07_assignments/install/apriltag_ros/share/apriltag_ros/local_setup.dsv
[0.227s] -- Installing: /home/giacomo/IR_LABS/Assignments/ws_07_assignments/install/apriltag_ros/share/apriltag_ros/package.dsv
[0.227s] -- Up-to-date: /home/giacomo/IR_LABS/Assignments/ws_07_assignments/install/apriltag_ros/share/ament_index/resource_index/packages/apriltag_ros
[0.227s] -- Up-to-date: /home/giacomo/IR_LABS/Assignments/ws_07_assignments/install/apriltag_ros/share/ament_index/resource_index/rclcpp_components/apriltag_ros
[0.227s] -- Up-to-date: /home/giacomo/IR_LABS/Assignments/ws_07_assignments/install/apriltag_ros/share/apriltag_ros/cmake/apriltag_rosConfig.cmake
[0.227s] -- Up-to-date: /home/giacomo/IR_LABS/Assignments/ws_07_assignments/install/apriltag_ros/share/apriltag_ros/cmake/apriltag_rosConfig-version.cmake
[0.227s] -- Up-to-date: /home/giacomo/IR_LABS/Assignments/ws_07_assignments/install/apriltag_ros/share/apriltag_ros/package.xml
[0.228s] Invoked command in '/home/giacomo/IR_LABS/Assignments/ws_07_assignments/build/apriltag_ros' returned '0': CMAKE_PREFIX_PATH=${CMAKE_PREFIX_PATH}:/opt/ros/jazzy DEBUGINFOD_URLS=https://debuginfod.ubuntu.com /usr/bin/cmake --install /home/giacomo/IR_LABS/Assignments/ws_07_assignments/build/apriltag_ros
