[0.013s] Invoking command in '/home/giacomo/IR_LABS/Assignments/ws_07_assignments/build/apriltag_ros': CMAKE_PREFIX_PATH=${CMAKE_PREFIX_PATH}:/opt/ros/jazzy DEBUGINFOD_URLS=https://debuginfod.ubuntu.com /usr/bin/cmake /home/giacomo/IR_LABS/Assignments/ws_07_assignments/src/ir_2526/apriltag_ros -DCMAKE_INSTALL_PREFIX=/home/giacomo/IR_LABS/Assignments/ws_07_assignments/install/apriltag_ros
[0.179s] -- The C compiler identification is GNU 13.3.0
[0.233s] -- The CXX compiler identification is GNU 13.3.0
[0.247s] -- Detecting C compiler ABI info
[0.318s] -- Detecting C compiler ABI info - done
[0.325s] -- Check for working C compiler: /usr/bin/cc - skipped
[0.326s] -- Detecting C compile features
[0.326s] -- Detecting C compile features - done
[0.332s] -- Detecting CXX compiler ABI info
[0.412s] -- Detecting CXX compiler ABI info - done
[0.419s] -- Check for working CXX compiler: /usr/bin/c++ - skipped
[0.419s] -- Detecting CXX compile features
[0.419s] -- Detecting CXX compile features - done
[0.422s] -- Found rclcpp: 28.1.12 (/opt/ros/jazzy/share/rclcpp/cmake)
[0.553s] -- Found Python3: /usr/bin/python3 (found version "3.12.3") found components: Interpreter 
[0.697s] -- Found rosidl_generator_c: 4.6.6 (/opt/ros/jazzy/share/rosidl_generator_c/cmake)
[0.710s] -- Found rosidl_generator_cpp: 4.6.6 (/opt/ros/jazzy/share/rosidl_generator_cpp/cmake)
[0.724s] -- Using all available rosidl_typesupport_c: rosidl_typesupport_fastrtps_c;rosidl_typesupport_introspection_c
[0.740s] -- Using all available rosidl_typesupport_cpp: rosidl_typesupport_fastrtps_cpp;rosidl_typesupport_introspection_cpp
[0.809s] -- Found rmw_implementation_cmake: 7.3.2 (/opt/ros/jazzy/share/rmw_implementation_cmake/cmake)
[0.813s] -- Found rmw_fastrtps_cpp: 8.4.3 (/opt/ros/jazzy/share/rmw_fastrtps_cpp/cmake)
[0.890s] -- Found OpenSSL: /usr/lib/x86_64-linux-gnu/libcrypto.so (found version "3.0.13")  
[0.906s] -- Found FastRTPS: /opt/ros/jazzy/include (Required is at least version "2.13") 
[0.930s] -- Using RMW implementation 'rmw_fastrtps_cpp' as default
[0.992s] -- Found rclcpp_components: 28.1.12 (/opt/ros/jazzy/share/rclcpp_components/cmake)
[1.024s] -- Found sensor_msgs: 5.3.6 (/opt/ros/jazzy/share/sensor_msgs/cmake)
[1.081s] -- Found apriltag_msgs: 2.0.1 (/opt/ros/jazzy/share/apriltag_msgs/cmake)
[1.094s] -- Found tf2_ros: 0.36.14 (/opt/ros/jazzy/share/tf2_ros/cmake)
[1.176s] -- Found image_transport: 5.1.7 (/opt/ros/jazzy/share/image_transport/cmake)
[1.188s] -- Found cv_bridge: 4.1.0 (/opt/ros/jazzy/share/cv_bridge/cmake)
[1.205s] -- Performing Test CMAKE_HAVE_LIBC_PTHREAD
[1.281s] -- Performing Test CMAKE_HAVE_LIBC_PTHREAD - Success
[1.282s] -- Found Threads: TRUE  
[1.284s] -- Found OpenCV: /usr (found version "4.6.0") found components: core calib3d 
[1.293s] -- Found ament_lint_auto: 0.17.3 (/opt/ros/jazzy/share/ament_lint_auto/cmake)
[1.382s] -- Added test 'cppcheck' to perform static code analysis on C / C++ code
[1.382s] -- Configured cppcheck include dirs: 
[1.382s] -- Configured cppcheck exclude dirs and/or files: 
[1.384s] -- Configuring done (1.4s)
[1.400s] -- Generating done (0.0s)
[1.405s] -- Build files have been written to: /home/giacomo/IR_LABS/Assignments/ws_07_assignments/build/apriltag_ros
[1.414s] Invoked command in '/home/giacomo/IR_LABS/Assignments/ws_07_assignments/build/apriltag_ros' returned '0': CMAKE_PREFIX_PATH=${CMAKE_PREFIX_PATH}:/opt/ros/jazzy DEBUGINFOD_URLS=https://debuginfod.ubuntu.com /usr/bin/cmake /home/giacomo/IR_LABS/Assignments/ws_07_assignments/src/ir_2526/apriltag_ros -DCMAKE_INSTALL_PREFIX=/home/giacomo/IR_LABS/Assignments/ws_07_assignments/install/apriltag_ros
[1.415s] Invoking command in '/home/giacomo/IR_LABS/Assignments/ws_07_assignments/build/apriltag_ros': CMAKE_PREFIX_PATH=${CMAKE_PREFIX_PATH}:/opt/ros/jazzy DEBUGINFOD_URLS=https://debuginfod.ubuntu.com /usr/bin/cmake --build /home/giacomo/IR_LABS/Assignments/ws_07_assignments/build/apriltag_ros -- -j16 -l16
[1.456s] [ 10%] [32mBuilding CXX object CMakeFiles/apriltag_node.dir/rclcpp_components/node_main_apriltag_node.cpp.o[0m
[1.457s] [ 20%] [32mBuilding CXX object CMakeFiles/tags.dir/src/tag_functions.cpp.o[0m
[1.460s] [ 30%] [32mBuilding CXX object CMakeFiles/conversion.dir/src/conversion.cpp.o[0m
[1.697s] [ 40%] [32m[1mLinking CXX static library libtags.a[0m
[1.730s] [ 40%] Built target tags
[2.717s] [ 50%] [32m[1mLinking CXX static library libconversion.a[0m
[2.754s] [ 50%] Built target conversion
[2.775s] [ 60%] [32mBuilding CXX object CMakeFiles/pose_estimation.dir/src/pose_estimation.cpp.o[0m
[3.711s] [ 70%] [32m[1mLinking CXX executable apriltag_node[0m
[3.836s] [ 70%] Built target apriltag_node
[3.949s] [ 80%] [32m[1mLinking CXX static library libpose_estimation.a[0m
[3.982s] [ 80%] Built target pose_estimation
[4.002s] [ 90%] [32mBuilding CXX object CMakeFiles/AprilTagNode.dir/src/AprilTagNode.cpp.o[0m
[9.150s] [100%] [32m[1mLinking CXX shared library libAprilTagNode.so[0m
[9.396s] [100%] Built target AprilTagNode
[9.406s] Invoked command in '/home/giacomo/IR_LABS/Assignments/ws_07_assignments/build/apriltag_ros' returned '0': CMAKE_PREFIX_PATH=${CMAKE_PREFIX_PATH}:/opt/ros/jazzy DEBUGINFOD_URLS=https://debuginfod.ubuntu.com /usr/bin/cmake --build /home/giacomo/IR_LABS/Assignments/ws_07_assignments/build/apriltag_ros -- -j16 -l16
[9.407s] Invoking command in '/home/giacomo/IR_LABS/Assignments/ws_07_assignments/build/apriltag_ros': CMAKE_PREFIX_PATH=${CMAKE_PREFIX_PATH}:/opt/ros/jazzy DEBUGINFOD_URLS=https://debuginfod.ubuntu.com /usr/bin/cmake --install /home/giacomo/IR_LABS/Assignments/ws_07_assignments/build/apriltag_ros
[9.415s] -- Install configuration: ""
[9.415s] -- Installing: /home/giacomo/IR_LABS/Assignments/ws_07_assignments/install/apriltag_ros/lib/apriltag_ros/apriltag_node
[9.416s] -- Set non-toolchain portion of runtime path of "/home/giacomo/IR_LABS/Assignments/ws_07_assignments/install/apriltag_ros/lib/apriltag_ros/apriltag_node" to ""
[9.416s] -- Installing: /home/giacomo/IR_LABS/Assignments/ws_07_assignments/install/apriltag_ros/share/apriltag_ros/environment/library_path.sh
[9.416s] -- Installing: /home/giacomo/IR_LABS/Assignments/ws_07_assignments/install/apriltag_ros/share/apriltag_ros/environment/library_path.dsv
[9.416s] -- Installing: /home/giacomo/IR_LABS/Assignments/ws_07_assignments/install/apriltag_ros/lib/libAprilTagNode.so
[9.418s] -- Set non-toolchain portion of runtime path of "/home/giacomo/IR_LABS/Assignments/ws_07_assignments/install/apriltag_ros/lib/libAprilTagNode.so" to ""
[9.418s] -- Installing: /home/giacomo/IR_LABS/Assignments/ws_07_assignments/install/apriltag_ros/share/apriltag_ros/cfg
[9.418s] -- Installing: /home/giacomo/IR_LABS/Assignments/ws_07_assignments/install/apriltag_ros/share/apriltag_ros/cfg/qos_overrides.yaml
[9.420s] -- Installing: /home/giacomo/IR_LABS/Assignments/ws_07_assignments/install/apriltag_ros/share/apriltag_ros/cfg/tags_36h11.yaml
[9.420s] -- Installing: /home/giacomo/IR_LABS/Assignments/ws_07_assignments/install/apriltag_ros/share/apriltag_ros/launch
[9.420s] -- Installing: /home/giacomo/IR_LABS/Assignments/ws_07_assignments/install/apriltag_ros/share/apriltag_ros/launch/camera_36h11.launch.yml
[9.420s] -- Installing: /home/giacomo/IR_LABS/Assignments/ws_07_assignments/install/apriltag_ros/share/ament_index/resource_index/package_run_dependencies/apriltag_ros
[9.421s] -- Installing: /home/giacomo/IR_LABS/Assignments/ws_07_assignments/install/apriltag_ros/share/ament_index/resource_index/parent_prefix_path/apriltag_ros
[9.421s] -- Installing: /home/giacomo/IR_LABS/Assignments/ws_07_assignments/install/apriltag_ros/share/apriltag_ros/environment/ament_prefix_path.sh
[9.421s] -- Installing: /home/giacomo/IR_LABS/Assignments/ws_07_assignments/install/apriltag_ros/share/apriltag_ros/environment/ament_prefix_path.dsv
[9.421s] -- Installing: /home/giacomo/IR_LABS/Assignments/ws_07_assignments/install/apriltag_ros/share/apriltag_ros/environment/path.sh
[9.421s] -- Installing: /home/giacomo/IR_LABS/Assignments/ws_07_assignments/install/apriltag_ros/share/apriltag_ros/environment/path.dsv
[9.421s] -- Installing: /home/giacomo/IR_LABS/Assignments/ws_07_assignments/install/apriltag_ros/share/apriltag_ros/local_setup.bash
[9.421s] -- Installing: /home/giacomo/IR_LABS/Assignments/ws_07_assignments/install/apriltag_ros/share/apriltag_ros/local_setup.sh
[9.421s] -- Installing: /home/giacomo/IR_LABS/Assignments/ws_07_assignments/install/apriltag_ros/share/apriltag_ros/local_setup.zsh
[9.421s] -- Installing: /home/giacomo/IR_LABS/Assignments/ws_07_assignments/install/apriltag_ros/share/apriltag_ros/local_setup.dsv
[9.422s] -- Installing: /home/giacomo/IR_LABS/Assignments/ws_07_assignments/install/apriltag_ros/share/apriltag_ros/package.dsv
[9.422s] -- Installing: /home/giacomo/IR_LABS/Assignments/ws_07_assignments/install/apriltag_ros/share/ament_index/resource_index/packages/apriltag_ros
[9.422s] -- Installing: /home/giacomo/IR_LABS/Assignments/ws_07_assignments/install/apriltag_ros/share/ament_index/resource_index/rclcpp_components/apriltag_ros
[9.422s] -- Installing: /home/giacomo/IR_LABS/Assignments/ws_07_assignments/install/apriltag_ros/share/apriltag_ros/cmake/apriltag_rosConfig.cmake
[9.422s] -- Installing: /home/giacomo/IR_LABS/Assignments/ws_07_assignments/install/apriltag_ros/share/apriltag_ros/cmake/apriltag_rosConfig-version.cmake
[9.422s] -- Installing: /home/giacomo/IR_LABS/Assignments/ws_07_assignments/install/apriltag_ros/share/apriltag_ros/package.xml
[9.424s] Invoked command in '/home/giacomo/IR_LABS/Assignments/ws_07_assignments/build/apriltag_ros' returned '0': CMAKE_PREFIX_PATH=${CMAKE_PREFIX_PATH}:/opt/ros/jazzy DEBUGINFOD_URLS=https://debuginfod.ubuntu.com /usr/bin/cmake --install /home/giacomo/IR_LABS/Assignments/ws_07_assignments/build/apriltag_ros
