[0.011s] Invoking command in '/home/giacomo/IR_LABS/Assignments/ws_07_assignments/build/assignment_1_07': CMAKE_PREFIX_PATH=${CMAKE_PREFIX_PATH}:/opt/ros/jazzy DEBUGINFOD_URLS=https://debuginfod.ubuntu.com /usr/bin/cmake /home/giacomo/IR_LABS/Assignments/ws_07_assignments/src/assignment_1_07 -DCMAKE_INSTALL_PREFIX=/home/giacomo/IR_LABS/Assignments/ws_07_assignments/install/assignment_1_07
[0.176s] -- The C compiler identification is GNU 13.3.0
[0.228s] -- The CXX compiler identification is GNU 13.3.0
[0.240s] -- Detecting C compiler ABI info
[0.306s] -- Detecting C compiler ABI info - done
[0.313s] -- Check for working C compiler: /usr/bin/cc - skipped
[0.313s] -- Detecting C compile features
[0.313s] -- Detecting C compile features - done
[0.321s] -- Detecting CXX compiler ABI info
[0.395s] -- Detecting CXX compiler ABI info - done
[0.402s] -- Check for working CXX compiler: /usr/bin/c++ - skipped
[0.402s] -- Detecting CXX compile features
[0.403s] -- Detecting CXX compile features - done
[0.406s] -- Found ament_cmake: 2.5.4 (/opt/ros/jazzy/share/ament_cmake/cmake)
[0.536s] -- Found Python3: /usr/bin/python3 (found version "3.12.3") found components: Interpreter 
[0.626s] -- Found rclcpp: 28.1.12 (/opt/ros/jazzy/share/rclcpp/cmake)
[0.665s] -- Found rosidl_generator_c: 4.6.6 (/opt/ros/jazzy/share/rosidl_generator_c/cmake)
[0.677s] -- Found rosidl_generator_cpp: 4.6.6 (/opt/ros/jazzy/share/rosidl_generator_cpp/cmake)
[0.693s] -- Using all available rosidl_typesupport_c: rosidl_typesupport_fastrtps_c;rosidl_typesupport_introspection_c
[0.709s] -- Using all available rosidl_typesupport_cpp: rosidl_typesupport_fastrtps_cpp;rosidl_typesupport_introspection_cpp
[0.777s] -- Found rmw_implementation_cmake: 7.3.2 (/opt/ros/jazzy/share/rmw_implementation_cmake/cmake)
[0.781s] -- Found rmw_fastrtps_cpp: 8.4.3 (/opt/ros/jazzy/share/rmw_fastrtps_cpp/cmake)
[0.861s] -- Found OpenSSL: /usr/lib/x86_64-linux-gnu/libcrypto.so (found version "3.0.13")  
[0.877s] -- Found FastRTPS: /opt/ros/jazzy/include (Required is at least version "2.13") 
[0.897s] -- Using RMW implementation 'rmw_fastrtps_cpp' as default
[0.961s] -- Found rclcpp_action: 28.1.12 (/opt/ros/jazzy/share/rclcpp_action/cmake)
[1.000s] -- Found tf2: 0.36.14 (/opt/ros/jazzy/share/tf2/cmake)
[1.032s] -- Found tf2_ros: 0.36.14 (/opt/ros/jazzy/share/tf2_ros/cmake)
[1.105s] -- Found tf2_geometry_msgs: 0.36.14 (/opt/ros/jazzy/share/tf2_geometry_msgs/cmake)
[1.120s] -- Found eigen3_cmake_module: 0.3.0 (/opt/ros/jazzy/share/eigen3_cmake_module/cmake)
[1.121s] -- Found Eigen3: TRUE (found version "3.4.0") 
[1.121s] -- Ensuring Eigen3 include directory is part of orocos-kdl CMake target
[1.125s] -- Found apriltag_msgs: 2.0.1 (/opt/ros/jazzy/share/apriltag_msgs/cmake)
[1.138s] -- Found nav2_msgs: 1.3.9 (/opt/ros/jazzy/share/nav2_msgs/cmake)
[1.233s] -- Found std_srvs: 5.3.6 (/opt/ros/jazzy/share/std_srvs/cmake)
[1.314s] -- Configuring done (1.3s)
[1.329s] -- Generating done (0.0s)
[1.335s] -- Build files have been written to: /home/giacomo/IR_LABS/Assignments/ws_07_assignments/build/assignment_1_07
[1.344s] Invoked command in '/home/giacomo/IR_LABS/Assignments/ws_07_assignments/build/assignment_1_07' returned '0': CMAKE_PREFIX_PATH=${CMAKE_PREFIX_PATH}:/opt/ros/jazzy DEBUGINFOD_URLS=https://debuginfod.ubuntu.com /usr/bin/cmake /home/giacomo/IR_LABS/Assignments/ws_07_assignments/src/assignment_1_07 -DCMAKE_INSTALL_PREFIX=/home/giacomo/IR_LABS/Assignments/ws_07_assignments/install/assignment_1_07
[1.344s] Invoking command in '/home/giacomo/IR_LABS/Assignments/ws_07_assignments/build/assignment_1_07': CMAKE_PREFIX_PATH=${CMAKE_PREFIX_PATH}:/opt/ros/jazzy DEBUGINFOD_URLS=https://debuginfod.ubuntu.com /usr/bin/cmake --build /home/giacomo/IR_LABS/Assignments/ws_07_assignments/build/assignment_1_07 -- -j16 -l16
[1.383s] [ 16%] [32mBuilding CXX object CMakeFiles/goal_selector.dir/src/goal_selector.cpp.o[0m
[1.384s] [ 33%] [32mBuilding CXX object CMakeFiles/goal_sender.dir/src/goal_sender.cpp.o[0m
[1.385s] [ 50%] [32mBuilding CXX object CMakeFiles/nav2_orchestrator.dir/src/nav2_orchestrator.cpp.o[0m
[5.048s] [ 66%] [32m[1mLinking CXX executable nav2_orchestrator[0m
[5.249s] [ 66%] Built target nav2_orchestrator
[7.270s] [ 83%] [32m[1mLinking CXX executable goal_sender[0m
[7.529s] [ 83%] Built target goal_sender
[7.738s] [100%] [32m[1mLinking CXX executable goal_selector[0m
[7.986s] [100%] Built target goal_selector
[7.996s] Invoked command in '/home/giacomo/IR_LABS/Assignments/ws_07_assignments/build/assignment_1_07' returned '0': CMAKE_PREFIX_PATH=${CMAKE_PREFIX_PATH}:/opt/ros/jazzy DEBUGINFOD_URLS=https://debuginfod.ubuntu.com /usr/bin/cmake --build /home/giacomo/IR_LABS/Assignments/ws_07_assignments/build/assignment_1_07 -- -j16 -l16
[7.997s] Invoking command in '/home/giacomo/IR_LABS/Assignments/ws_07_assignments/build/assignment_1_07': CMAKE_PREFIX_PATH=${CMAKE_PREFIX_PATH}:/opt/ros/jazzy DEBUGINFOD_URLS=https://debuginfod.ubuntu.com /usr/bin/cmake --install /home/giacomo/IR_LABS/Assignments/ws_07_assignments/build/assignment_1_07
[8.002s] -- Install configuration: ""
[8.002s] -- Installing: /home/giacomo/IR_LABS/Assignments/ws_07_assignments/install/assignment_1_07/lib/assignment_1_07/goal_selector
[8.005s] -- Set non-toolchain portion of runtime path of "/home/giacomo/IR_LABS/Assignments/ws_07_assignments/install/assignment_1_07/lib/assignment_1_07/goal_selector" to ""
[8.006s] -- Installing: /home/giacomo/IR_LABS/Assignments/ws_07_assignments/install/assignment_1_07/lib/assignment_1_07/goal_sender
[8.008s] -- Set non-toolchain portion of runtime path of "/home/giacomo/IR_LABS/Assignments/ws_07_assignments/install/assignment_1_07/lib/assignment_1_07/goal_sender" to ""
[8.008s] -- Installing: /home/giacomo/IR_LABS/Assignments/ws_07_assignments/install/assignment_1_07/lib/assignment_1_07/nav2_orchestrator
[8.009s] -- Set non-toolchain portion of runtime path of "/home/giacomo/IR_LABS/Assignments/ws_07_assignments/install/assignment_1_07/lib/assignment_1_07/nav2_orchestrator" to ""
[8.009s] -- Installing: /home/giacomo/IR_LABS/Assignments/ws_07_assignments/install/assignment_1_07/share/assignment_1_07//launch
[8.009s] -- Installing: /home/giacomo/IR_LABS/Assignments/ws_07_assignments/install/assignment_1_07/share/assignment_1_07//launch/global.launch.py
[8.009s] -- Installing: /home/giacomo/IR_LABS/Assignments/ws_07_assignments/install/assignment_1_07/share/assignment_1_07//config
[8.009s] -- Installing: /home/giacomo/IR_LABS/Assignments/ws_07_assignments/install/assignment_1_07/share/assignment_1_07//config/apriltag_params.yaml
[8.009s] -- Installing: /home/giacomo/IR_LABS/Assignments/ws_07_assignments/install/assignment_1_07/share/ament_index/resource_index/package_run_dependencies/assignment_1_07
[8.009s] -- Installing: /home/giacomo/IR_LABS/Assignments/ws_07_assignments/install/assignment_1_07/share/ament_index/resource_index/parent_prefix_path/assignment_1_07
[8.009s] -- Installing: /home/giacomo/IR_LABS/Assignments/ws_07_assignments/install/assignment_1_07/share/assignment_1_07/environment/ament_prefix_path.sh
[8.009s] -- Installing: /home/giacomo/IR_LABS/Assignments/ws_07_assignments/install/assignment_1_07/share/assignment_1_07/environment/ament_prefix_path.dsv
[8.009s] -- Installing: /home/giacomo/IR_LABS/Assignments/ws_07_assignments/install/assignment_1_07/share/assignment_1_07/environment/path.sh
[8.009s] -- Installing: /home/giacomo/IR_LABS/Assignments/ws_07_assignments/install/assignment_1_07/share/assignment_1_07/environment/path.dsv
[8.010s] -- Installing: /home/giacomo/IR_LABS/Assignments/ws_07_assignments/install/assignment_1_07/share/assignment_1_07/local_setup.bash
[8.010s] -- Installing: /home/giacomo/IR_LABS/Assignments/ws_07_assignments/install/assignment_1_07/share/assignment_1_07/local_setup.sh
[8.010s] -- Installing: /home/giacomo/IR_LABS/Assignments/ws_07_assignments/install/assignment_1_07/share/assignment_1_07/local_setup.zsh
[8.010s] -- Installing: /home/giacomo/IR_LABS/Assignments/ws_07_assignments/install/assignment_1_07/share/assignment_1_07/local_setup.dsv
[8.010s] -- Installing: /home/giacomo/IR_LABS/Assignments/ws_07_assignments/install/assignment_1_07/share/assignment_1_07/package.dsv
[8.010s] -- Installing: /home/giacomo/IR_LABS/Assignments/ws_07_assignments/install/assignment_1_07/share/ament_index/resource_index/packages/assignment_1_07
[8.010s] -- Installing: /home/giacomo/IR_LABS/Assignments/ws_07_assignments/install/assignment_1_07/share/assignment_1_07/cmake/assignment_1_07Config.cmake
[8.010s] -- Installing: /home/giacomo/IR_LABS/Assignments/ws_07_assignments/install/assignment_1_07/share/assignment_1_07/cmake/assignment_1_07Config-version.cmake
[8.010s] -- Installing: /home/giacomo/IR_LABS/Assignments/ws_07_assignments/install/assignment_1_07/share/assignment_1_07/package.xml
[8.011s] Invoked command in '/home/giacomo/IR_LABS/Assignments/ws_07_assignments/build/assignment_1_07' returned '0': CMAKE_PREFIX_PATH=${CMAKE_PREFIX_PATH}:/opt/ros/jazzy DEBUGINFOD_URLS=https://debuginfod.ubuntu.com /usr/bin/cmake --install /home/giacomo/IR_LABS/Assignments/ws_07_assignments/build/assignment_1_07
