[0.066s] DEBUG:colcon:Command line arguments: ['/usr/bin/colcon', 'build']
[0.066s] DEBUG:colcon:Parsed command line arguments: Namespace(log_base=None, log_level=None, verb_name='build', build_base='build', install_base='install', merge_install=False, symlink_install=False, test_result_base=None, continue_on_error=False, executor='parallel', parallel_workers=16, event_handlers=None, ignore_user_meta=False, metas=['./colcon.meta'], base_paths=['.'], packages_ignore=None, packages_ignore_regex=None, paths=None, packages_up_to=None, packages_up_to_regex=None, packages_above=None, packages_above_and_dependencies=None, packages_above_depth=None, packages_select_by_dep=None, packages_skip_by_dep=None, packages_skip_up_to=None, packages_select_build_failed=False, packages_skip_build_finished=False, packages_select_test_failures=False, packages_skip_test_passed=False, packages_select=None, packages_skip=None, packages_select_regex=None, packages_skip_regex=None, packages_start=None, packages_end=None, allow_overriding=[], cmake_args=None, cmake_target=None, cmake_target_skip_unavailable=False, cmake_clean_cache=False, cmake_clean_first=False, cmake_force_configure=False, ament_cmake_args=None, catkin_cmake_args=None, catkin_skip_building_tests=False, verb_parser=<colcon_defaults.argument_parser.defaults.DefaultArgumentsDecorator object at 0x74c5ad576150>, verb_extension=<colcon_core.verb.build.BuildVerb object at 0x74c5ad696420>, main=<bound method BuildVerb.main of <colcon_core.verb.build.BuildVerb object at 0x74c5ad696420>>)
[0.091s] Level 1:colcon.colcon_core.package_discovery:discover_packages(colcon_meta) check parameters
[0.091s] Level 1:colcon.colcon_core.package_discovery:discover_packages(recursive) check parameters
[0.091s] Level 1:colcon.colcon_core.package_discovery:discover_packages(ignore) check parameters
[0.091s] Level 1:colcon.colcon_core.package_discovery:discover_packages(path) check parameters
[0.091s] Level 1:colcon.colcon_core.package_discovery:discover_packages(colcon_meta) discover
[0.091s] Level 1:colcon.colcon_core.package_discovery:discover_packages(recursive) discover
[0.091s] INFO:colcon.colcon_core.package_discovery:Crawling recursively for packages in '/home/giacomo/IR_LABS/Assignments/ws_07_assignments'
[0.091s] Level 1:colcon.colcon_core.package_identification:_identify(.) by extensions ['ignore', 'ignore_ament_install']
[0.091s] Level 1:colcon.colcon_core.package_identification:_identify(.) by extension 'ignore'
[0.091s] Level 1:colcon.colcon_core.package_identification:_identify(.) by extension 'ignore_ament_install'
[0.091s] Level 1:colcon.colcon_core.package_identification:_identify(.) by extensions ['colcon_pkg']
[0.091s] Level 1:colcon.colcon_core.package_identification:_identify(.) by extension 'colcon_pkg'
[0.091s] Level 1:colcon.colcon_core.package_identification:_identify(.) by extensions ['colcon_meta']
[0.091s] Level 1:colcon.colcon_core.package_identification:_identify(.) by extension 'colcon_meta'
[0.091s] Level 1:colcon.colcon_core.package_identification:_identify(.) by extensions ['ros']
[0.091s] Level 1:colcon.colcon_core.package_identification:_identify(.) by extension 'ros'
[0.108s] Level 1:colcon.colcon_core.package_identification:_identify(.) by extensions ['cmake', 'python']
[0.108s] Level 1:colcon.colcon_core.package_identification:_identify(.) by extension 'cmake'
[0.108s] Level 1:colcon.colcon_core.package_identification:_identify(.) by extension 'python'
[0.108s] Level 1:colcon.colcon_core.package_identification:_identify(.) by extensions ['python_setup_py']
[0.108s] Level 1:colcon.colcon_core.package_identification:_identify(.) by extension 'python_setup_py'
[0.109s] Level 1:colcon.colcon_core.package_identification:_identify(build) by extensions ['ignore', 'ignore_ament_install']
[0.109s] Level 1:colcon.colcon_core.package_identification:_identify(build) by extension 'ignore'
[0.109s] Level 1:colcon.colcon_core.package_identification:_identify(build) ignored
[0.109s] Level 1:colcon.colcon_core.package_identification:_identify(install) by extensions ['ignore', 'ignore_ament_install']
[0.109s] Level 1:colcon.colcon_core.package_identification:_identify(install) by extension 'ignore'
[0.109s] Level 1:colcon.colcon_core.package_identification:_identify(install) ignored
[0.109s] Level 1:colcon.colcon_core.package_identification:_identify(log) by extensions ['ignore', 'ignore_ament_install']
[0.109s] Level 1:colcon.colcon_core.package_identification:_identify(log) by extension 'ignore'
[0.109s] Level 1:colcon.colcon_core.package_identification:_identify(log) ignored
[0.109s] Level 1:colcon.colcon_core.package_identification:_identify(src) by extensions ['ignore', 'ignore_ament_install']
[0.109s] Level 1:colcon.colcon_core.package_identification:_identify(src) by extension 'ignore'
[0.109s] Level 1:colcon.colcon_core.package_identification:_identify(src) by extension 'ignore_ament_install'
[0.109s] Level 1:colcon.colcon_core.package_identification:_identify(src) by extensions ['colcon_pkg']
[0.109s] Level 1:colcon.colcon_core.package_identification:_identify(src) by extension 'colcon_pkg'
[0.109s] Level 1:colcon.colcon_core.package_identification:_identify(src) by extensions ['colcon_meta']
[0.109s] Level 1:colcon.colcon_core.package_identification:_identify(src) by extension 'colcon_meta'
[0.109s] Level 1:colcon.colcon_core.package_identification:_identify(src) by extensions ['ros']
[0.109s] Level 1:colcon.colcon_core.package_identification:_identify(src) by extension 'ros'
[0.109s] Level 1:colcon.colcon_core.package_identification:_identify(src) by extensions ['cmake', 'python']
[0.109s] Level 1:colcon.colcon_core.package_identification:_identify(src) by extension 'cmake'
[0.109s] Level 1:colcon.colcon_core.package_identification:_identify(src) by extension 'python'
[0.109s] Level 1:colcon.colcon_core.package_identification:_identify(src) by extensions ['python_setup_py']
[0.109s] Level 1:colcon.colcon_core.package_identification:_identify(src) by extension 'python_setup_py'
[0.109s] Level 1:colcon.colcon_core.package_identification:_identify(src/assignment_1_07) by extensions ['ignore', 'ignore_ament_install']
[0.109s] Level 1:colcon.colcon_core.package_identification:_identify(src/assignment_1_07) by extension 'ignore'
[0.109s] Level 1:colcon.colcon_core.package_identification:_identify(src/assignment_1_07) by extension 'ignore_ament_install'
[0.109s] Level 1:colcon.colcon_core.package_identification:_identify(src/assignment_1_07) by extensions ['colcon_pkg']
[0.109s] Level 1:colcon.colcon_core.package_identification:_identify(src/assignment_1_07) by extension 'colcon_pkg'
[0.109s] Level 1:colcon.colcon_core.package_identification:_identify(src/assignment_1_07) by extensions ['colcon_meta']
[0.109s] Level 1:colcon.colcon_core.package_identification:_identify(src/assignment_1_07) by extension 'colcon_meta'
[0.109s] Level 1:colcon.colcon_core.package_identification:_identify(src/assignment_1_07) by extensions ['ros']
[0.109s] Level 1:colcon.colcon_core.package_identification:_identify(src/assignment_1_07) by extension 'ros'
[0.111s] DEBUG:colcon.colcon_core.package_identification:Package 'src/assignment_1_07' with type 'ros.ament_cmake' and name 'assignment_1_07'
[0.112s] Level 1:colcon.colcon_core.package_identification:_identify(src/ir_2526) by extensions ['ignore', 'ignore_ament_install']
[0.112s] Level 1:colcon.colcon_core.package_identification:_identify(src/ir_2526) by extension 'ignore'
[0.112s] Level 1:colcon.colcon_core.package_identification:_identify(src/ir_2526) by extension 'ignore_ament_install'
[0.112s] Level 1:colcon.colcon_core.package_identification:_identify(src/ir_2526) by extensions ['colcon_pkg']
[0.112s] Level 1:colcon.colcon_core.package_identification:_identify(src/ir_2526) by extension 'colcon_pkg'
[0.112s] Level 1:colcon.colcon_core.package_identification:_identify(src/ir_2526) by extensions ['colcon_meta']
[0.112s] Level 1:colcon.colcon_core.package_identification:_identify(src/ir_2526) by extension 'colcon_meta'
[0.112s] Level 1:colcon.colcon_core.package_identification:_identify(src/ir_2526) by extensions ['ros']
[0.112s] Level 1:colcon.colcon_core.package_identification:_identify(src/ir_2526) by extension 'ros'
[0.112s] Level 1:colcon.colcon_core.package_identification:_identify(src/ir_2526) by extensions ['cmake', 'python']
[0.112s] Level 1:colcon.colcon_core.package_identification:_identify(src/ir_2526) by extension 'cmake'
[0.112s] Level 1:colcon.colcon_core.package_identification:_identify(src/ir_2526) by extension 'python'
[0.112s] Level 1:colcon.colcon_core.package_identification:_identify(src/ir_2526) by extensions ['python_setup_py']
[0.112s] Level 1:colcon.colcon_core.package_identification:_identify(src/ir_2526) by extension 'python_setup_py'
[0.112s] Level 1:colcon.colcon_core.package_identification:_identify(src/ir_2526/apriltag_ros) by extensions ['ignore', 'ignore_ament_install']
[0.112s] Level 1:colcon.colcon_core.package_identification:_identify(src/ir_2526/apriltag_ros) by extension 'ignore'
[0.112s] Level 1:colcon.colcon_core.package_identification:_identify(src/ir_2526/apriltag_ros) by extension 'ignore_ament_install'
[0.112s] Level 1:colcon.colcon_core.package_identification:_identify(src/ir_2526/apriltag_ros) by extensions ['colcon_pkg']
[0.112s] Level 1:colcon.colcon_core.package_identification:_identify(src/ir_2526/apriltag_ros) by extension 'colcon_pkg'
[0.112s] Level 1:colcon.colcon_core.package_identification:_identify(src/ir_2526/apriltag_ros) by extensions ['colcon_meta']
[0.112s] Level 1:colcon.colcon_core.package_identification:_identify(src/ir_2526/apriltag_ros) by extension 'colcon_meta'
[0.112s] Level 1:colcon.colcon_core.package_identification:_identify(src/ir_2526/apriltag_ros) by extensions ['ros']
[0.112s] Level 1:colcon.colcon_core.package_identification:_identify(src/ir_2526/apriltag_ros) by extension 'ros'
[0.114s] DEBUG:colcon.colcon_core.package_identification:Package 'src/ir_2526/apriltag_ros' with type 'ros.ament_cmake' and name 'apriltag_ros'
[0.114s] Level 1:colcon.colcon_core.package_identification:_identify(src/ir_2526/ir_base) by extensions ['ignore', 'ignore_ament_install']
[0.115s] Level 1:colcon.colcon_core.package_identification:_identify(src/ir_2526/ir_base) by extension 'ignore'
[0.115s] Level 1:colcon.colcon_core.package_identification:_identify(src/ir_2526/ir_base) by extension 'ignore_ament_install'
[0.115s] Level 1:colcon.colcon_core.package_identification:_identify(src/ir_2526/ir_base) by extensions ['colcon_pkg']
[0.115s] Level 1:colcon.colcon_core.package_identification:_identify(src/ir_2526/ir_base) by extension 'colcon_pkg'
[0.115s] Level 1:colcon.colcon_core.package_identification:_identify(src/ir_2526/ir_base) by extensions ['colcon_meta']
[0.115s] Level 1:colcon.colcon_core.package_identification:_identify(src/ir_2526/ir_base) by extension 'colcon_meta'
[0.115s] Level 1:colcon.colcon_core.package_identification:_identify(src/ir_2526/ir_base) by extensions ['ros']
[0.115s] Level 1:colcon.colcon_core.package_identification:_identify(src/ir_2526/ir_base) by extension 'ros'
[0.115s] DEBUG:colcon.colcon_core.package_identification:Package 'src/ir_2526/ir_base' with type 'ros.ament_cmake' and name 'ir_base'
[0.115s] Level 1:colcon.colcon_core.package_identification:_identify(src/ir_2526/ir_desription) by extensions ['ignore', 'ignore_ament_install']
[0.115s] Level 1:colcon.colcon_core.package_identification:_identify(src/ir_2526/ir_desription) by extension 'ignore'
[0.115s] Level 1:colcon.colcon_core.package_identification:_identify(src/ir_2526/ir_desription) by extension 'ignore_ament_install'
[0.115s] Level 1:colcon.colcon_core.package_identification:_identify(src/ir_2526/ir_desription) by extensions ['colcon_pkg']
[0.115s] Level 1:colcon.colcon_core.package_identification:_identify(src/ir_2526/ir_desription) by extension 'colcon_pkg'
[0.115s] Level 1:colcon.colcon_core.package_identification:_identify(src/ir_2526/ir_desription) by extensions ['colcon_meta']
[0.115s] Level 1:colcon.colcon_core.package_identification:_identify(src/ir_2526/ir_desription) by extension 'colcon_meta'
[0.115s] Level 1:colcon.colcon_core.package_identification:_identify(src/ir_2526/ir_desription) by extensions ['ros']
[0.115s] Level 1:colcon.colcon_core.package_identification:_identify(src/ir_2526/ir_desription) by extension 'ros'
[0.116s] DEBUG:colcon.colcon_core.package_identification:Package 'src/ir_2526/ir_desription' with type 'ros.ament_cmake' and name 'ir_desription'
[0.116s] Level 1:colcon.colcon_core.package_identification:_identify(src/ir_2526/ir_launch) by extensions ['ignore', 'ignore_ament_install']
[0.116s] Level 1:colcon.colcon_core.package_identification:_identify(src/ir_2526/ir_launch) by extension 'ignore'
[0.116s] Level 1:colcon.colcon_core.package_identification:_identify(src/ir_2526/ir_launch) by extension 'ignore_ament_install'
[0.116s] Level 1:colcon.colcon_core.package_identification:_identify(src/ir_2526/ir_launch) by extensions ['colcon_pkg']
[0.116s] Level 1:colcon.colcon_core.package_identification:_identify(src/ir_2526/ir_launch) by extension 'colcon_pkg'
[0.116s] Level 1:colcon.colcon_core.package_identification:_identify(src/ir_2526/ir_launch) by extensions ['colcon_meta']
[0.116s] Level 1:colcon.colcon_core.package_identification:_identify(src/ir_2526/ir_launch) by extension 'colcon_meta'
[0.116s] Level 1:colcon.colcon_core.package_identification:_identify(src/ir_2526/ir_launch) by extensions ['ros']
[0.116s] Level 1:colcon.colcon_core.package_identification:_identify(src/ir_2526/ir_launch) by extension 'ros'
[0.116s] DEBUG:colcon.colcon_core.package_identification:Package 'src/ir_2526/ir_launch' with type 'ros.ament_cmake' and name 'ir_launch'
[0.116s] Level 1:colcon.colcon_core.package_identification:_identify(src/ir_2526/ir_movit_config) by extensions ['ignore', 'ignore_ament_install']
[0.116s] Level 1:colcon.colcon_core.package_identification:_identify(src/ir_2526/ir_movit_config) by extension 'ignore'
[0.116s] Level 1:colcon.colcon_core.package_identification:_identify(src/ir_2526/ir_movit_config) by extension 'ignore_ament_install'
[0.116s] Level 1:colcon.colcon_core.package_identification:_identify(src/ir_2526/ir_movit_config) by extensions ['colcon_pkg']
[0.116s] Level 1:colcon.colcon_core.package_identification:_identify(src/ir_2526/ir_movit_config) by extension 'colcon_pkg'
[0.116s] Level 1:colcon.colcon_core.package_identification:_identify(src/ir_2526/ir_movit_config) by extensions ['colcon_meta']
[0.116s] Level 1:colcon.colcon_core.package_identification:_identify(src/ir_2526/ir_movit_config) by extension 'colcon_meta'
[0.116s] Level 1:colcon.colcon_core.package_identification:_identify(src/ir_2526/ir_movit_config) by extensions ['ros']
[0.116s] Level 1:colcon.colcon_core.package_identification:_identify(src/ir_2526/ir_movit_config) by extension 'ros'
[0.117s] DEBUG:colcon.colcon_core.package_identification:Package 'src/ir_2526/ir_movit_config' with type 'ros.ament_cmake' and name 'ir_movit_config'
[0.117s] Level 1:colcon.colcon_core.package_discovery:discover_packages(recursive) using defaults
[0.117s] Level 1:colcon.colcon_core.package_discovery:discover_packages(ignore) discover
[0.117s] Level 1:colcon.colcon_core.package_discovery:discover_packages(ignore) using defaults
[0.117s] Level 1:colcon.colcon_core.package_discovery:discover_packages(path) discover
[0.117s] Level 1:colcon.colcon_core.package_discovery:discover_packages(path) using defaults
[0.129s] Level 1:colcon.colcon_core.package_discovery:discover_packages(prefix_path) check parameters
[0.129s] Level 1:colcon.colcon_core.package_discovery:discover_packages(prefix_path) discover
[0.131s] DEBUG:colcon.colcon_installed_package_information.package_discovery:Found 6 installed packages in /home/giacomo/IR_LABS/Assignments/ws_07_assignments/install
[0.132s] DEBUG:colcon.colcon_installed_package_information.package_discovery:Found 459 installed packages in /opt/ros/jazzy
[0.133s] Level 1:colcon.colcon_core.package_discovery:discover_packages(prefix_path) using defaults
[0.166s] Level 5:colcon.colcon_core.verb:set package 'apriltag_ros' build argument 'cmake_args' from command line to 'None'
[0.166s] Level 5:colcon.colcon_core.verb:set package 'apriltag_ros' build argument 'cmake_target' from command line to 'None'
[0.166s] Level 5:colcon.colcon_core.verb:set package 'apriltag_ros' build argument 'cmake_target_skip_unavailable' from command line to 'False'
[0.166s] Level 5:colcon.colcon_core.verb:set package 'apriltag_ros' build argument 'cmake_clean_cache' from command line to 'False'
[0.166s] Level 5:colcon.colcon_core.verb:set package 'apriltag_ros' build argument 'cmake_clean_first' from command line to 'False'
[0.166s] Level 5:colcon.colcon_core.verb:set package 'apriltag_ros' build argument 'cmake_force_configure' from command line to 'False'
[0.166s] Level 5:colcon.colcon_core.verb:set package 'apriltag_ros' build argument 'ament_cmake_args' from command line to 'None'
[0.166s] Level 5:colcon.colcon_core.verb:set package 'apriltag_ros' build argument 'catkin_cmake_args' from command line to 'None'
[0.166s] Level 5:colcon.colcon_core.verb:set package 'apriltag_ros' build argument 'catkin_skip_building_tests' from command line to 'False'
[0.166s] DEBUG:colcon.colcon_core.verb:Building package 'apriltag_ros' with the following arguments: {'ament_cmake_args': None, 'build_base': '/home/giacomo/IR_LABS/Assignments/ws_07_assignments/build/apriltag_ros', 'catkin_cmake_args': None, 'catkin_skip_building_tests': False, 'cmake_args': None, 'cmake_clean_cache': False, 'cmake_clean_first': False, 'cmake_force_configure': False, 'cmake_target': None, 'cmake_target_skip_unavailable': False, 'install_base': '/home/giacomo/IR_LABS/Assignments/ws_07_assignments/install/apriltag_ros', 'merge_install': False, 'path': '/home/giacomo/IR_LABS/Assignments/ws_07_assignments/src/ir_2526/apriltag_ros', 'symlink_install': False, 'test_result_base': None}
[0.167s] Level 5:colcon.colcon_core.verb:set package 'assignment_1_07' build argument 'cmake_args' from command line to 'None'
[0.167s] Level 5:colcon.colcon_core.verb:set package 'assignment_1_07' build argument 'cmake_target' from command line to 'None'
[0.167s] Level 5:colcon.colcon_core.verb:set package 'assignment_1_07' build argument 'cmake_target_skip_unavailable' from command line to 'False'
[0.167s] Level 5:colcon.colcon_core.verb:set package 'assignment_1_07' build argument 'cmake_clean_cache' from command line to 'False'
[0.167s] Level 5:colcon.colcon_core.verb:set package 'assignment_1_07' build argument 'cmake_clean_first' from command line to 'False'
[0.167s] Level 5:colcon.colcon_core.verb:set package 'assignment_1_07' build argument 'cmake_force_configure' from command line to 'False'
[0.167s] Level 5:colcon.colcon_core.verb:set package 'assignment_1_07' build argument 'ament_cmake_args' from command line to 'None'
[0.167s] Level 5:colcon.colcon_core.verb:set package 'assignment_1_07' build argument 'catkin_cmake_args' from command line to 'None'
[0.167s] Level 5:colcon.colcon_core.verb:set package 'assignment_1_07' build argument 'catkin_skip_building_tests' from command line to 'False'
[0.167s] DEBUG:colcon.colcon_core.verb:Building package 'assignment_1_07' with the following arguments: {'ament_cmake_args': None, 'build_base': '/home/giacomo/IR_LABS/Assignments/ws_07_assignments/build/assignment_1_07', 'catkin_cmake_args': None, 'catkin_skip_building_tests': False, 'cmake_args': None, 'cmake_clean_cache': False, 'cmake_clean_first': False, 'cmake_force_configure': False, 'cmake_target': None, 'cmake_target_skip_unavailable': False, 'install_base': '/home/giacomo/IR_LABS/Assignments/ws_07_assignments/install/assignment_1_07', 'merge_install': False, 'path': '/home/giacomo/IR_LABS/Assignments/ws_07_assignments/src/assignment_1_07', 'symlink_install': False, 'test_result_base': None}
[0.167s] Level 5:colcon.colcon_core.verb:set package 'ir_base' build argument 'cmake_args' from command line to 'None'
[0.167s] Level 5:colcon.colcon_core.verb:set package 'ir_base' build argument 'cmake_target' from command line to 'None'
[0.167s] Level 5:colcon.colcon_core.verb:set package 'ir_base' build argument 'cmake_target_skip_unavailable' from command line to 'False'
[0.167s] Level 5:colcon.colcon_core.verb:set package 'ir_base' build argument 'cmake_clean_cache' from command line to 'False'
[0.167s] Level 5:colcon.colcon_core.verb:set package 'ir_base' build argument 'cmake_clean_first' from command line to 'False'
[0.167s] Level 5:colcon.colcon_core.verb:set package 'ir_base' build argument 'cmake_force_configure' from command line to 'False'
[0.167s] Level 5:colcon.colcon_core.verb:set package 'ir_base' build argument 'ament_cmake_args' from command line to 'None'
[0.167s] Level 5:colcon.colcon_core.verb:set package 'ir_base' build argument 'catkin_cmake_args' from command line to 'None'
[0.167s] Level 5:colcon.colcon_core.verb:set package 'ir_base' build argument 'catkin_skip_building_tests' from command line to 'False'
[0.167s] DEBUG:colcon.colcon_core.verb:Building package 'ir_base' with the following arguments: {'ament_cmake_args': None, 'build_base': '/home/giacomo/IR_LABS/Assignments/ws_07_assignments/build/ir_base', 'catkin_cmake_args': None, 'catkin_skip_building_tests': False, 'cmake_args': None, 'cmake_clean_cache': False, 'cmake_clean_first': False, 'cmake_force_configure': False, 'cmake_target': None, 'cmake_target_skip_unavailable': False, 'install_base': '/home/giacomo/IR_LABS/Assignments/ws_07_assignments/install/ir_base', 'merge_install': False, 'path': '/home/giacomo/IR_LABS/Assignments/ws_07_assignments/src/ir_2526/ir_base', 'symlink_install': False, 'test_result_base': None}
[0.167s] Level 5:colcon.colcon_core.verb:set package 'ir_desription' build argument 'cmake_args' from command line to 'None'
[0.167s] Level 5:colcon.colcon_core.verb:set package 'ir_desription' build argument 'cmake_target' from command line to 'None'
[0.167s] Level 5:colcon.colcon_core.verb:set package 'ir_desription' build argument 'cmake_target_skip_unavailable' from command line to 'False'
[0.167s] Level 5:colcon.colcon_core.verb:set package 'ir_desription' build argument 'cmake_clean_cache' from command line to 'False'
[0.167s] Level 5:colcon.colcon_core.verb:set package 'ir_desription' build argument 'cmake_clean_first' from command line to 'False'
[0.167s] Level 5:colcon.colcon_core.verb:set package 'ir_desription' build argument 'cmake_force_configure' from command line to 'False'
[0.167s] Level 5:colcon.colcon_core.verb:set package 'ir_desription' build argument 'ament_cmake_args' from command line to 'None'
[0.167s] Level 5:colcon.colcon_core.verb:set package 'ir_desription' build argument 'catkin_cmake_args' from command line to 'None'
[0.167s] Level 5:colcon.colcon_core.verb:set package 'ir_desription' build argument 'catkin_skip_building_tests' from command line to 'False'
[0.167s] DEBUG:colcon.colcon_core.verb:Building package 'ir_desription' with the following arguments: {'ament_cmake_args': None, 'build_base': '/home/giacomo/IR_LABS/Assignments/ws_07_assignments/build/ir_desription', 'catkin_cmake_args': None, 'catkin_skip_building_tests': False, 'cmake_args': None, 'cmake_clean_cache': False, 'cmake_clean_first': False, 'cmake_force_configure': False, 'cmake_target': None, 'cmake_target_skip_unavailable': False, 'install_base': '/home/giacomo/IR_LABS/Assignments/ws_07_assignments/install/ir_desription', 'merge_install': False, 'path': '/home/giacomo/IR_LABS/Assignments/ws_07_assignments/src/ir_2526/ir_desription', 'symlink_install': False, 'test_result_base': None}
[0.167s] Level 5:colcon.colcon_core.verb:set package 'ir_launch' build argument 'cmake_args' from command line to 'None'
[0.167s] Level 5:colcon.colcon_core.verb:set package 'ir_launch' build argument 'cmake_target' from command line to 'None'
[0.167s] Level 5:colcon.colcon_core.verb:set package 'ir_launch' build argument 'cmake_target_skip_unavailable' from command line to 'False'
[0.167s] Level 5:colcon.colcon_core.verb:set package 'ir_launch' build argument 'cmake_clean_cache' from command line to 'False'
[0.167s] Level 5:colcon.colcon_core.verb:set package 'ir_launch' build argument 'cmake_clean_first' from command line to 'False'
[0.167s] Level 5:colcon.colcon_core.verb:set package 'ir_launch' build argument 'cmake_force_configure' from command line to 'False'
[0.167s] Level 5:colcon.colcon_core.verb:set package 'ir_launch' build argument 'ament_cmake_args' from command line to 'None'
[0.167s] Level 5:colcon.colcon_core.verb:set package 'ir_launch' build argument 'catkin_cmake_args' from command line to 'None'
[0.167s] Level 5:colcon.colcon_core.verb:set package 'ir_launch' build argument 'catkin_skip_building_tests' from command line to 'False'
[0.167s] DEBUG:colcon.colcon_core.verb:Building package 'ir_launch' with the following arguments: {'ament_cmake_args': None, 'build_base': '/home/giacomo/IR_LABS/Assignments/ws_07_assignments/build/ir_launch', 'catkin_cmake_args': None, 'catkin_skip_building_tests': False, 'cmake_args': None, 'cmake_clean_cache': False, 'cmake_clean_first': False, 'cmake_force_configure': False, 'cmake_target': None, 'cmake_target_skip_unavailable': False, 'install_base': '/home/giacomo/IR_LABS/Assignments/ws_07_assignments/install/ir_launch', 'merge_install': False, 'path': '/home/giacomo/IR_LABS/Assignments/ws_07_assignments/src/ir_2526/ir_launch', 'symlink_install': False, 'test_result_base': None}
[0.168s] Level 5:colcon.colcon_core.verb:set package 'ir_movit_config' build argument 'cmake_args' from command line to 'None'
[0.168s] Level 5:colcon.colcon_core.verb:set package 'ir_movit_config' build argument 'cmake_target' from command line to 'None'
[0.168s] Level 5:colcon.colcon_core.verb:set package 'ir_movit_config' build argument 'cmake_target_skip_unavailable' from command line to 'False'
[0.168s] Level 5:colcon.colcon_core.verb:set package 'ir_movit_config' build argument 'cmake_clean_cache' from command line to 'False'
[0.168s] Level 5:colcon.colcon_core.verb:set package 'ir_movit_config' build argument 'cmake_clean_first' from command line to 'False'
[0.168s] Level 5:colcon.colcon_core.verb:set package 'ir_movit_config' build argument 'cmake_force_configure' from command line to 'False'
[0.168s] Level 5:colcon.colcon_core.verb:set package 'ir_movit_config' build argument 'ament_cmake_args' from command line to 'None'
[0.168s] Level 5:colcon.colcon_core.verb:set package 'ir_movit_config' build argument 'catkin_cmake_args' from command line to 'None'
[0.168s] Level 5:colcon.colcon_core.verb:set package 'ir_movit_config' build argument 'catkin_skip_building_tests' from command line to 'False'
[0.168s] DEBUG:colcon.colcon_core.verb:Building package 'ir_movit_config' with the following arguments: {'ament_cmake_args': None, 'build_base': '/home/giacomo/IR_LABS/Assignments/ws_07_assignments/build/ir_movit_config', 'catkin_cmake_args': None, 'catkin_skip_building_tests': False, 'cmake_args': None, 'cmake_clean_cache': False, 'cmake_clean_first': False, 'cmake_force_configure': False, 'cmake_target': None, 'cmake_target_skip_unavailable': False, 'install_base': '/home/giacomo/IR_LABS/Assignments/ws_07_assignments/install/ir_movit_config', 'merge_install': False, 'path': '/home/giacomo/IR_LABS/Assignments/ws_07_assignments/src/ir_2526/ir_movit_config', 'symlink_install': False, 'test_result_base': None}
[0.168s] INFO:colcon.colcon_core.executor:Executing jobs using 'parallel' executor
[0.169s] DEBUG:colcon.colcon_parallel_executor.executor.parallel:run_until_complete
[0.169s] INFO:colcon.colcon_ros.task.ament_cmake.build:Building ROS package in '/home/giacomo/IR_LABS/Assignments/ws_07_assignments/src/ir_2526/ir_desription' with build type 'ament_cmake'
[0.169s] INFO:colcon.colcon_cmake.task.cmake.build:Building CMake package in '/home/giacomo/IR_LABS/Assignments/ws_07_assignments/src/ir_2526/ir_desription'
[0.170s] INFO:colcon.colcon_core.plugin_system:Skipping extension 'colcon_core.shell.bat': Not used on non-Windows systems
[0.170s] INFO:colcon.colcon_core.shell:Skip shell extension 'powershell' for command environment: Not usable outside of PowerShell
[0.170s] DEBUG:colcon.colcon_core.shell:Skip shell extension 'dsv' for command environment
[0.174s] INFO:colcon.colcon_ros.task.ament_cmake.build:Building ROS package in '/home/giacomo/IR_LABS/Assignments/ws_07_assignments/src/ir_2526/apriltag_ros' with build type 'ament_cmake'
[0.174s] INFO:colcon.colcon_cmake.task.cmake.build:Building CMake package in '/home/giacomo/IR_LABS/Assignments/ws_07_assignments/src/ir_2526/apriltag_ros'
[0.174s] INFO:colcon.colcon_core.shell:Skip shell extension 'powershell' for command environment: Not usable outside of PowerShell
[0.174s] DEBUG:colcon.colcon_core.shell:Skip shell extension 'dsv' for command environment
[0.177s] INFO:colcon.colcon_ros.task.ament_cmake.build:Building ROS package in '/home/giacomo/IR_LABS/Assignments/ws_07_assignments/src/assignment_1_07' with build type 'ament_cmake'
[0.177s] INFO:colcon.colcon_cmake.task.cmake.build:Building CMake package in '/home/giacomo/IR_LABS/Assignments/ws_07_assignments/src/assignment_1_07'
[0.177s] INFO:colcon.colcon_core.shell:Skip shell extension 'powershell' for command environment: Not usable outside of PowerShell
[0.177s] DEBUG:colcon.colcon_core.shell:Skip shell extension 'dsv' for command environment
[0.180s] INFO:colcon.colcon_ros.task.ament_cmake.build:Building ROS package in '/home/giacomo/IR_LABS/Assignments/ws_07_assignments/src/ir_2526/ir_base' with build type 'ament_cmake'
[0.180s] INFO:colcon.colcon_cmake.task.cmake.build:Building CMake package in '/home/giacomo/IR_LABS/Assignments/ws_07_assignments/src/ir_2526/ir_base'
[0.180s] INFO:colcon.colcon_core.shell:Skip shell extension 'powershell' for command environment: Not usable outside of PowerShell
[0.180s] DEBUG:colcon.colcon_core.shell:Skip shell extension 'dsv' for command environment
[0.183s] INFO:colcon.colcon_ros.task.ament_cmake.build:Building ROS package in '/home/giacomo/IR_LABS/Assignments/ws_07_assignments/src/ir_2526/ir_launch' with build type 'ament_cmake'
[0.183s] INFO:colcon.colcon_cmake.task.cmake.build:Building CMake package in '/home/giacomo/IR_LABS/Assignments/ws_07_assignments/src/ir_2526/ir_launch'
[0.183s] INFO:colcon.colcon_core.shell:Skip shell extension 'powershell' for command environment: Not usable outside of PowerShell
[0.183s] DEBUG:colcon.colcon_core.shell:Skip shell extension 'dsv' for command environment
[0.190s] DEBUG:colcon.colcon_core.event_handler.log_command:Invoking command in '/home/giacomo/IR_LABS/Assignments/ws_07_assignments/build/ir_desription': CMAKE_PREFIX_PATH=${CMAKE_PREFIX_PATH}:/opt/ros/jazzy DEBUGINFOD_URLS=https://debuginfod.ubuntu.com /usr/bin/cmake --build /home/giacomo/IR_LABS/Assignments/ws_07_assignments/build/ir_desription -- -j16 -l16
[0.191s] DEBUG:colcon.colcon_core.event_handler.log_command:Invoking command in '/home/giacomo/IR_LABS/Assignments/ws_07_assignments/build/apriltag_ros': CMAKE_PREFIX_PATH=${CMAKE_PREFIX_PATH}:/opt/ros/jazzy DEBUGINFOD_URLS=https://debuginfod.ubuntu.com /usr/bin/cmake --build /home/giacomo/IR_LABS/Assignments/ws_07_assignments/build/apriltag_ros -- -j16 -l16
[0.193s] DEBUG:colcon.colcon_core.event_handler.log_command:Invoking command in '/home/giacomo/IR_LABS/Assignments/ws_07_assignments/build/assignment_1_07': CMAKE_PREFIX_PATH=${CMAKE_PREFIX_PATH}:/opt/ros/jazzy DEBUGINFOD_URLS=https://debuginfod.ubuntu.com /usr/bin/cmake --build /home/giacomo/IR_LABS/Assignments/ws_07_assignments/build/assignment_1_07 -- -j16 -l16
[0.194s] DEBUG:colcon.colcon_core.event_handler.log_command:Invoking command in '/home/giacomo/IR_LABS/Assignments/ws_07_assignments/build/ir_base': CMAKE_PREFIX_PATH=${CMAKE_PREFIX_PATH}:/opt/ros/jazzy DEBUGINFOD_URLS=https://debuginfod.ubuntu.com /usr/bin/cmake --build /home/giacomo/IR_LABS/Assignments/ws_07_assignments/build/ir_base -- -j16 -l16
[0.198s] DEBUG:colcon.colcon_core.event_handler.log_command:Invoking command in '/home/giacomo/IR_LABS/Assignments/ws_07_assignments/build/ir_launch': CMAKE_PREFIX_PATH=${CMAKE_PREFIX_PATH}:/opt/ros/jazzy DEBUGINFOD_URLS=https://debuginfod.ubuntu.com /usr/bin/cmake --build /home/giacomo/IR_LABS/Assignments/ws_07_assignments/build/ir_launch -- -j16 -l16
[0.220s] DEBUG:colcon.colcon_core.event_handler.log_command:Invoked command in '/home/giacomo/IR_LABS/Assignments/ws_07_assignments/build/ir_desription' returned '0': CMAKE_PREFIX_PATH=${CMAKE_PREFIX_PATH}:/opt/ros/jazzy DEBUGINFOD_URLS=https://debuginfod.ubuntu.com /usr/bin/cmake --build /home/giacomo/IR_LABS/Assignments/ws_07_assignments/build/ir_desription -- -j16 -l16
[0.229s] DEBUG:colcon.colcon_core.event_handler.log_command:Invoking command in '/home/giacomo/IR_LABS/Assignments/ws_07_assignments/build/ir_desription': CMAKE_PREFIX_PATH=${CMAKE_PREFIX_PATH}:/opt/ros/jazzy DEBUGINFOD_URLS=https://debuginfod.ubuntu.com /usr/bin/cmake --install /home/giacomo/IR_LABS/Assignments/ws_07_assignments/build/ir_desription
[0.230s] DEBUG:colcon.colcon_core.event_handler.log_command:Invoked command in '/home/giacomo/IR_LABS/Assignments/ws_07_assignments/build/assignment_1_07' returned '0': CMAKE_PREFIX_PATH=${CMAKE_PREFIX_PATH}:/opt/ros/jazzy DEBUGINFOD_URLS=https://debuginfod.ubuntu.com /usr/bin/cmake --build /home/giacomo/IR_LABS/Assignments/ws_07_assignments/build/assignment_1_07 -- -j16 -l16
[0.231s] DEBUG:colcon.colcon_core.event_handler.log_command:Invoking command in '/home/giacomo/IR_LABS/Assignments/ws_07_assignments/build/assignment_1_07': CMAKE_PREFIX_PATH=${CMAKE_PREFIX_PATH}:/opt/ros/jazzy DEBUGINFOD_URLS=https://debuginfod.ubuntu.com /usr/bin/cmake --install /home/giacomo/IR_LABS/Assignments/ws_07_assignments/build/assignment_1_07
[0.232s] DEBUG:colcon.colcon_core.event_handler.log_command:Invoked command in '/home/giacomo/IR_LABS/Assignments/ws_07_assignments/build/ir_base' returned '0': CMAKE_PREFIX_PATH=${CMAKE_PREFIX_PATH}:/opt/ros/jazzy DEBUGINFOD_URLS=https://debuginfod.ubuntu.com /usr/bin/cmake --build /home/giacomo/IR_LABS/Assignments/ws_07_assignments/build/ir_base -- -j16 -l16
[0.232s] DEBUG:colcon.colcon_core.event_handler.log_command:Invoking command in '/home/giacomo/IR_LABS/Assignments/ws_07_assignments/build/ir_base': CMAKE_PREFIX_PATH=${CMAKE_PREFIX_PATH}:/opt/ros/jazzy DEBUGINFOD_URLS=https://debuginfod.ubuntu.com /usr/bin/cmake --install /home/giacomo/IR_LABS/Assignments/ws_07_assignments/build/ir_base
[0.232s] DEBUG:colcon.colcon_core.event_handler.log_command:Invoked command in '/home/giacomo/IR_LABS/Assignments/ws_07_assignments/build/ir_launch' returned '0': CMAKE_PREFIX_PATH=${CMAKE_PREFIX_PATH}:/opt/ros/jazzy DEBUGINFOD_URLS=https://debuginfod.ubuntu.com /usr/bin/cmake --build /home/giacomo/IR_LABS/Assignments/ws_07_assignments/build/ir_launch -- -j16 -l16
[0.234s] DEBUG:colcon.colcon_core.event_handler.log_command:Invoking command in '/home/giacomo/IR_LABS/Assignments/ws_07_assignments/build/ir_launch': CMAKE_PREFIX_PATH=${CMAKE_PREFIX_PATH}:/opt/ros/jazzy DEBUGINFOD_URLS=https://debuginfod.ubuntu.com /usr/bin/cmake --install /home/giacomo/IR_LABS/Assignments/ws_07_assignments/build/ir_launch
[0.244s] Level 1:colcon.colcon_core.environment:create_environment_scripts_only(assignment_1_07)
[0.249s] DEBUG:colcon.colcon_core.event_handler.log_command:Invoked command in '/home/giacomo/IR_LABS/Assignments/ws_07_assignments/build/assignment_1_07' returned '0': CMAKE_PREFIX_PATH=${CMAKE_PREFIX_PATH}:/opt/ros/jazzy DEBUGINFOD_URLS=https://debuginfod.ubuntu.com /usr/bin/cmake --install /home/giacomo/IR_LABS/Assignments/ws_07_assignments/build/assignment_1_07
[0.254s] Level 1:colcon.colcon_core.environment:checking '/home/giacomo/IR_LABS/Assignments/ws_07_assignments/install/assignment_1_07' for CMake module files
[0.254s] Level 1:colcon.colcon_core.environment:checking '/home/giacomo/IR_LABS/Assignments/ws_07_assignments/install/assignment_1_07' for CMake config files
[0.254s] Level 1:colcon.colcon_core.shell:create_environment_hook('assignment_1_07', 'cmake_prefix_path')
[0.254s] INFO:colcon.colcon_core.shell:Creating environment hook '/home/giacomo/IR_LABS/Assignments/ws_07_assignments/install/assignment_1_07/share/assignment_1_07/hook/cmake_prefix_path.ps1'
[0.255s] INFO:colcon.colcon_core.shell:Creating environment descriptor '/home/giacomo/IR_LABS/Assignments/ws_07_assignments/install/assignment_1_07/share/assignment_1_07/hook/cmake_prefix_path.dsv'
[0.255s] INFO:colcon.colcon_core.shell:Creating environment hook '/home/giacomo/IR_LABS/Assignments/ws_07_assignments/install/assignment_1_07/share/assignment_1_07/hook/cmake_prefix_path.sh'
[0.256s] Level 1:colcon.colcon_core.environment:checking '/home/giacomo/IR_LABS/Assignments/ws_07_assignments/install/assignment_1_07/bin'
[0.256s] Level 1:colcon.colcon_core.environment:checking '/home/giacomo/IR_LABS/Assignments/ws_07_assignments/install/assignment_1_07/lib/pkgconfig/assignment_1_07.pc'
[0.256s] Level 1:colcon.colcon_core.environment:checking '/home/giacomo/IR_LABS/Assignments/ws_07_assignments/install/assignment_1_07/lib/python3.12/site-packages'
[0.257s] Level 1:colcon.colcon_core.environment:checking '/home/giacomo/IR_LABS/Assignments/ws_07_assignments/install/assignment_1_07/bin'
[0.257s] INFO:colcon.colcon_core.shell:Creating package script '/home/giacomo/IR_LABS/Assignments/ws_07_assignments/install/assignment_1_07/share/assignment_1_07/package.ps1'
[0.257s] INFO:colcon.colcon_core.shell:Creating package descriptor '/home/giacomo/IR_LABS/Assignments/ws_07_assignments/install/assignment_1_07/share/assignment_1_07/package.dsv'
[0.258s] INFO:colcon.colcon_core.shell:Creating package script '/home/giacomo/IR_LABS/Assignments/ws_07_assignments/install/assignment_1_07/share/assignment_1_07/package.sh'
[0.258s] INFO:colcon.colcon_core.shell:Creating package script '/home/giacomo/IR_LABS/Assignments/ws_07_assignments/install/assignment_1_07/share/assignment_1_07/package.bash'
[0.259s] INFO:colcon.colcon_core.shell:Creating package script '/home/giacomo/IR_LABS/Assignments/ws_07_assignments/install/assignment_1_07/share/assignment_1_07/package.zsh'
[0.259s] Level 1:colcon.colcon_core.environment:create_file_with_runtime_dependencies(/home/giacomo/IR_LABS/Assignments/ws_07_assignments/install/assignment_1_07/share/colcon-core/packages/assignment_1_07)
[0.259s] Level 1:colcon.colcon_core.environment:create_environment_scripts_only(assignment_1_07)
[0.259s] Level 1:colcon.colcon_core.environment:checking '/home/giacomo/IR_LABS/Assignments/ws_07_assignments/install/assignment_1_07' for CMake module files
[0.260s] Level 1:colcon.colcon_core.environment:checking '/home/giacomo/IR_LABS/Assignments/ws_07_assignments/install/assignment_1_07' for CMake config files
[0.260s] Level 1:colcon.colcon_core.shell:create_environment_hook('assignment_1_07', 'cmake_prefix_path')
[0.260s] INFO:colcon.colcon_core.shell:Creating environment hook '/home/giacomo/IR_LABS/Assignments/ws_07_assignments/install/assignment_1_07/share/assignment_1_07/hook/cmake_prefix_path.ps1'
[0.260s] INFO:colcon.colcon_core.shell:Creating environment descriptor '/home/giacomo/IR_LABS/Assignments/ws_07_assignments/install/assignment_1_07/share/assignment_1_07/hook/cmake_prefix_path.dsv'
[0.260s] INFO:colcon.colcon_core.shell:Creating environment hook '/home/giacomo/IR_LABS/Assignments/ws_07_assignments/install/assignment_1_07/share/assignment_1_07/hook/cmake_prefix_path.sh'
[0.261s] Level 1:colcon.colcon_core.environment:checking '/home/giacomo/IR_LABS/Assignments/ws_07_assignments/install/assignment_1_07/bin'
[0.261s] Level 1:colcon.colcon_core.environment:checking '/home/giacomo/IR_LABS/Assignments/ws_07_assignments/install/assignment_1_07/lib/pkgconfig/assignment_1_07.pc'
[0.261s] Level 1:colcon.colcon_core.environment:checking '/home/giacomo/IR_LABS/Assignments/ws_07_assignments/install/assignment_1_07/lib/python3.12/site-packages'
[0.261s] Level 1:colcon.colcon_core.environment:checking '/home/giacomo/IR_LABS/Assignments/ws_07_assignments/install/assignment_1_07/bin'
[0.261s] INFO:colcon.colcon_core.shell:Creating package script '/home/giacomo/IR_LABS/Assignments/ws_07_assignments/install/assignment_1_07/share/assignment_1_07/package.ps1'
[0.262s] INFO:colcon.colcon_core.shell:Creating package descriptor '/home/giacomo/IR_LABS/Assignments/ws_07_assignments/install/assignment_1_07/share/assignment_1_07/package.dsv'
[0.262s] INFO:colcon.colcon_core.shell:Creating package script '/home/giacomo/IR_LABS/Assignments/ws_07_assignments/install/assignment_1_07/share/assignment_1_07/package.sh'
[0.262s] INFO:colcon.colcon_core.shell:Creating package script '/home/giacomo/IR_LABS/Assignments/ws_07_assignments/install/assignment_1_07/share/assignment_1_07/package.bash'
[0.263s] INFO:colcon.colcon_core.shell:Creating package script '/home/giacomo/IR_LABS/Assignments/ws_07_assignments/install/assignment_1_07/share/assignment_1_07/package.zsh'
[0.263s] Level 1:colcon.colcon_core.environment:create_file_with_runtime_dependencies(/home/giacomo/IR_LABS/Assignments/ws_07_assignments/install/assignment_1_07/share/colcon-core/packages/assignment_1_07)
[0.266s] Level 1:colcon.colcon_core.environment:create_environment_scripts_only(ir_desription)
[0.266s] Level 1:colcon.colcon_core.environment:checking '/home/giacomo/IR_LABS/Assignments/ws_07_assignments/install/ir_desription' for CMake module files
[0.267s] DEBUG:colcon.colcon_core.event_handler.log_command:Invoked command in '/home/giacomo/IR_LABS/Assignments/ws_07_assignments/build/ir_desription' returned '0': CMAKE_PREFIX_PATH=${CMAKE_PREFIX_PATH}:/opt/ros/jazzy DEBUGINFOD_URLS=https://debuginfod.ubuntu.com /usr/bin/cmake --install /home/giacomo/IR_LABS/Assignments/ws_07_assignments/build/ir_desription
[0.267s] Level 1:colcon.colcon_core.environment:checking '/home/giacomo/IR_LABS/Assignments/ws_07_assignments/install/ir_desription' for CMake config files
[0.267s] Level 1:colcon.colcon_core.shell:create_environment_hook('ir_desription', 'cmake_prefix_path')
[0.268s] INFO:colcon.colcon_core.shell:Creating environment hook '/home/giacomo/IR_LABS/Assignments/ws_07_assignments/install/ir_desription/share/ir_desription/hook/cmake_prefix_path.ps1'
[0.268s] INFO:colcon.colcon_core.shell:Creating environment descriptor '/home/giacomo/IR_LABS/Assignments/ws_07_assignments/install/ir_desription/share/ir_desription/hook/cmake_prefix_path.dsv'
[0.268s] INFO:colcon.colcon_core.shell:Creating environment hook '/home/giacomo/IR_LABS/Assignments/ws_07_assignments/install/ir_desription/share/ir_desription/hook/cmake_prefix_path.sh'
[0.269s] Level 1:colcon.colcon_core.environment:checking '/home/giacomo/IR_LABS/Assignments/ws_07_assignments/install/ir_desription/bin'
[0.269s] Level 1:colcon.colcon_core.environment:checking '/home/giacomo/IR_LABS/Assignments/ws_07_assignments/install/ir_desription/lib/pkgconfig/ir_desription.pc'
[0.269s] Level 1:colcon.colcon_core.environment:checking '/home/giacomo/IR_LABS/Assignments/ws_07_assignments/install/ir_desription/lib/python3.12/site-packages'
[0.269s] Level 1:colcon.colcon_core.environment:checking '/home/giacomo/IR_LABS/Assignments/ws_07_assignments/install/ir_desription/bin'
[0.269s] INFO:colcon.colcon_core.shell:Creating package script '/home/giacomo/IR_LABS/Assignments/ws_07_assignments/install/ir_desription/share/ir_desription/package.ps1'
[0.270s] INFO:colcon.colcon_core.shell:Creating package descriptor '/home/giacomo/IR_LABS/Assignments/ws_07_assignments/install/ir_desription/share/ir_desription/package.dsv'
[0.270s] INFO:colcon.colcon_core.shell:Creating package script '/home/giacomo/IR_LABS/Assignments/ws_07_assignments/install/ir_desription/share/ir_desription/package.sh'
[0.270s] INFO:colcon.colcon_core.shell:Creating package script '/home/giacomo/IR_LABS/Assignments/ws_07_assignments/install/ir_desription/share/ir_desription/package.bash'
[0.270s] INFO:colcon.colcon_core.shell:Creating package script '/home/giacomo/IR_LABS/Assignments/ws_07_assignments/install/ir_desription/share/ir_desription/package.zsh'
[0.271s] Level 1:colcon.colcon_core.environment:create_file_with_runtime_dependencies(/home/giacomo/IR_LABS/Assignments/ws_07_assignments/install/ir_desription/share/colcon-core/packages/ir_desription)
[0.271s] Level 1:colcon.colcon_core.environment:create_environment_scripts_only(ir_desription)
[0.271s] Level 1:colcon.colcon_core.environment:checking '/home/giacomo/IR_LABS/Assignments/ws_07_assignments/install/ir_desription' for CMake module files
[0.271s] Level 1:colcon.colcon_core.environment:checking '/home/giacomo/IR_LABS/Assignments/ws_07_assignments/install/ir_desription' for CMake config files
[0.272s] Level 1:colcon.colcon_core.shell:create_environment_hook('ir_desription', 'cmake_prefix_path')
[0.272s] INFO:colcon.colcon_core.shell:Creating environment hook '/home/giacomo/IR_LABS/Assignments/ws_07_assignments/install/ir_desription/share/ir_desription/hook/cmake_prefix_path.ps1'
[0.272s] INFO:colcon.colcon_core.shell:Creating environment descriptor '/home/giacomo/IR_LABS/Assignments/ws_07_assignments/install/ir_desription/share/ir_desription/hook/cmake_prefix_path.dsv'
[0.272s] INFO:colcon.colcon_core.shell:Creating environment hook '/home/giacomo/IR_LABS/Assignments/ws_07_assignments/install/ir_desription/share/ir_desription/hook/cmake_prefix_path.sh'
[0.273s] Level 1:colcon.colcon_core.environment:checking '/home/giacomo/IR_LABS/Assignments/ws_07_assignments/install/ir_desription/bin'
[0.273s] Level 1:colcon.colcon_core.environment:checking '/home/giacomo/IR_LABS/Assignments/ws_07_assignments/install/ir_desription/lib/pkgconfig/ir_desription.pc'
[0.273s] Level 1:colcon.colcon_core.environment:checking '/home/giacomo/IR_LABS/Assignments/ws_07_assignments/install/ir_desription/lib/python3.12/site-packages'
[0.273s] Level 1:colcon.colcon_core.environment:checking '/home/giacomo/IR_LABS/Assignments/ws_07_assignments/install/ir_desription/bin'
[0.273s] INFO:colcon.colcon_core.shell:Creating package script '/home/giacomo/IR_LABS/Assignments/ws_07_assignments/install/ir_desription/share/ir_desription/package.ps1'
[0.274s] INFO:colcon.colcon_core.shell:Creating package descriptor '/home/giacomo/IR_LABS/Assignments/ws_07_assignments/install/ir_desription/share/ir_desription/package.dsv'
[0.274s] INFO:colcon.colcon_core.shell:Creating package script '/home/giacomo/IR_LABS/Assignments/ws_07_assignments/install/ir_desription/share/ir_desription/package.sh'
[0.274s] INFO:colcon.colcon_core.shell:Creating package script '/home/giacomo/IR_LABS/Assignments/ws_07_assignments/install/ir_desription/share/ir_desription/package.bash'
[0.274s] INFO:colcon.colcon_core.shell:Creating package script '/home/giacomo/IR_LABS/Assignments/ws_07_assignments/install/ir_desription/share/ir_desription/package.zsh'
[0.275s] Level 1:colcon.colcon_core.environment:create_file_with_runtime_dependencies(/home/giacomo/IR_LABS/Assignments/ws_07_assignments/install/ir_desription/share/colcon-core/packages/ir_desription)
[0.275s] INFO:colcon.colcon_ros.task.ament_cmake.build:Building ROS package in '/home/giacomo/IR_LABS/Assignments/ws_07_assignments/src/ir_2526/ir_movit_config' with build type 'ament_cmake'
[0.275s] INFO:colcon.colcon_cmake.task.cmake.build:Building CMake package in '/home/giacomo/IR_LABS/Assignments/ws_07_assignments/src/ir_2526/ir_movit_config'
[0.275s] INFO:colcon.colcon_core.shell:Skip shell extension 'powershell' for command environment: Not usable outside of PowerShell
[0.275s] DEBUG:colcon.colcon_core.shell:Skip shell extension 'dsv' for command environment
[0.278s] Level 1:colcon.colcon_core.environment:create_environment_scripts_only(ir_launch)
[0.279s] Level 1:colcon.colcon_core.environment:checking '/home/giacomo/IR_LABS/Assignments/ws_07_assignments/install/ir_launch' for CMake module files
[0.279s] DEBUG:colcon.colcon_core.event_handler.log_command:Invoked command in '/home/giacomo/IR_LABS/Assignments/ws_07_assignments/build/ir_launch' returned '0': CMAKE_PREFIX_PATH=${CMAKE_PREFIX_PATH}:/opt/ros/jazzy DEBUGINFOD_URLS=https://debuginfod.ubuntu.com /usr/bin/cmake --install /home/giacomo/IR_LABS/Assignments/ws_07_assignments/build/ir_launch
[0.279s] Level 1:colcon.colcon_core.environment:checking '/home/giacomo/IR_LABS/Assignments/ws_07_assignments/install/ir_launch' for CMake config files
[0.279s] Level 1:colcon.colcon_core.shell:create_environment_hook('ir_launch', 'cmake_prefix_path')
[0.279s] INFO:colcon.colcon_core.shell:Creating environment hook '/home/giacomo/IR_LABS/Assignments/ws_07_assignments/install/ir_launch/share/ir_launch/hook/cmake_prefix_path.ps1'
[0.280s] INFO:colcon.colcon_core.shell:Creating environment descriptor '/home/giacomo/IR_LABS/Assignments/ws_07_assignments/install/ir_launch/share/ir_launch/hook/cmake_prefix_path.dsv'
[0.280s] INFO:colcon.colcon_core.shell:Creating environment hook '/home/giacomo/IR_LABS/Assignments/ws_07_assignments/install/ir_launch/share/ir_launch/hook/cmake_prefix_path.sh'
[0.280s] Level 1:colcon.colcon_core.environment:checking '/home/giacomo/IR_LABS/Assignments/ws_07_assignments/install/ir_launch/bin'
[0.280s] Level 1:colcon.colcon_core.environment:checking '/home/giacomo/IR_LABS/Assignments/ws_07_assignments/install/ir_launch/lib/pkgconfig/ir_launch.pc'
[0.281s] Level 1:colcon.colcon_core.environment:checking '/home/giacomo/IR_LABS/Assignments/ws_07_assignments/install/ir_launch/lib/python3.12/site-packages'
[0.281s] Level 1:colcon.colcon_core.environment:checking '/home/giacomo/IR_LABS/Assignments/ws_07_assignments/install/ir_launch/bin'
[0.281s] INFO:colcon.colcon_core.shell:Creating package script '/home/giacomo/IR_LABS/Assignments/ws_07_assignments/install/ir_launch/share/ir_launch/package.ps1'
[0.281s] INFO:colcon.colcon_core.shell:Creating package descriptor '/home/giacomo/IR_LABS/Assignments/ws_07_assignments/install/ir_launch/share/ir_launch/package.dsv'
[0.282s] INFO:colcon.colcon_core.shell:Creating package script '/home/giacomo/IR_LABS/Assignments/ws_07_assignments/install/ir_launch/share/ir_launch/package.sh'
[0.282s] INFO:colcon.colcon_core.shell:Creating package script '/home/giacomo/IR_LABS/Assignments/ws_07_assignments/install/ir_launch/share/ir_launch/package.bash'
[0.282s] INFO:colcon.colcon_core.shell:Creating package script '/home/giacomo/IR_LABS/Assignments/ws_07_assignments/install/ir_launch/share/ir_launch/package.zsh'
[0.282s] Level 1:colcon.colcon_core.environment:create_file_with_runtime_dependencies(/home/giacomo/IR_LABS/Assignments/ws_07_assignments/install/ir_launch/share/colcon-core/packages/ir_launch)
[0.283s] Level 1:colcon.colcon_core.environment:create_environment_scripts_only(ir_launch)
[0.283s] Level 1:colcon.colcon_core.environment:checking '/home/giacomo/IR_LABS/Assignments/ws_07_assignments/install/ir_launch' for CMake module files
[0.283s] Level 1:colcon.colcon_core.environment:checking '/home/giacomo/IR_LABS/Assignments/ws_07_assignments/install/ir_launch' for CMake config files
[0.283s] Level 1:colcon.colcon_core.shell:create_environment_hook('ir_launch', 'cmake_prefix_path')
[0.283s] INFO:colcon.colcon_core.shell:Creating environment hook '/home/giacomo/IR_LABS/Assignments/ws_07_assignments/install/ir_launch/share/ir_launch/hook/cmake_prefix_path.ps1'
[0.284s] INFO:colcon.colcon_core.shell:Creating environment descriptor '/home/giacomo/IR_LABS/Assignments/ws_07_assignments/install/ir_launch/share/ir_launch/hook/cmake_prefix_path.dsv'
[0.284s] INFO:colcon.colcon_core.shell:Creating environment hook '/home/giacomo/IR_LABS/Assignments/ws_07_assignments/install/ir_launch/share/ir_launch/hook/cmake_prefix_path.sh'
[0.284s] Level 1:colcon.colcon_core.environment:checking '/home/giacomo/IR_LABS/Assignments/ws_07_assignments/install/ir_launch/bin'
[0.284s] Level 1:colcon.colcon_core.environment:checking '/home/giacomo/IR_LABS/Assignments/ws_07_assignments/install/ir_launch/lib/pkgconfig/ir_launch.pc'
[0.285s] Level 1:colcon.colcon_core.environment:checking '/home/giacomo/IR_LABS/Assignments/ws_07_assignments/install/ir_launch/lib/python3.12/site-packages'
[0.285s] Level 1:colcon.colcon_core.environment:checking '/home/giacomo/IR_LABS/Assignments/ws_07_assignments/install/ir_launch/bin'
[0.285s] INFO:colcon.colcon_core.shell:Creating package script '/home/giacomo/IR_LABS/Assignments/ws_07_assignments/install/ir_launch/share/ir_launch/package.ps1'
[0.285s] INFO:colcon.colcon_core.shell:Creating package descriptor '/home/giacomo/IR_LABS/Assignments/ws_07_assignments/install/ir_launch/share/ir_launch/package.dsv'
[0.286s] INFO:colcon.colcon_core.shell:Creating package script '/home/giacomo/IR_LABS/Assignments/ws_07_assignments/install/ir_launch/share/ir_launch/package.sh'
[0.286s] INFO:colcon.colcon_core.shell:Creating package script '/home/giacomo/IR_LABS/Assignments/ws_07_assignments/install/ir_launch/share/ir_launch/package.bash'
[0.286s] INFO:colcon.colcon_core.shell:Creating package script '/home/giacomo/IR_LABS/Assignments/ws_07_assignments/install/ir_launch/share/ir_launch/package.zsh'
[0.287s] Level 1:colcon.colcon_core.environment:create_file_with_runtime_dependencies(/home/giacomo/IR_LABS/Assignments/ws_07_assignments/install/ir_launch/share/colcon-core/packages/ir_launch)
[0.287s] Level 1:colcon.colcon_core.environment:create_environment_scripts_only(ir_base)
[0.287s] Level 1:colcon.colcon_core.environment:checking '/home/giacomo/IR_LABS/Assignments/ws_07_assignments/install/ir_base' for CMake module files
[0.288s] Level 1:colcon.colcon_core.environment:checking '/home/giacomo/IR_LABS/Assignments/ws_07_assignments/install/ir_base' for CMake config files
[0.288s] DEBUG:colcon.colcon_core.event_handler.log_command:Invoked command in '/home/giacomo/IR_LABS/Assignments/ws_07_assignments/build/ir_base' returned '0': CMAKE_PREFIX_PATH=${CMAKE_PREFIX_PATH}:/opt/ros/jazzy DEBUGINFOD_URLS=https://debuginfod.ubuntu.com /usr/bin/cmake --install /home/giacomo/IR_LABS/Assignments/ws_07_assignments/build/ir_base
[0.288s] Level 1:colcon.colcon_core.shell:create_environment_hook('ir_base', 'cmake_prefix_path')
[0.288s] INFO:colcon.colcon_core.shell:Creating environment hook '/home/giacomo/IR_LABS/Assignments/ws_07_assignments/install/ir_base/share/ir_base/hook/cmake_prefix_path.ps1'
[0.289s] INFO:colcon.colcon_core.shell:Creating environment descriptor '/home/giacomo/IR_LABS/Assignments/ws_07_assignments/install/ir_base/share/ir_base/hook/cmake_prefix_path.dsv'
[0.289s] INFO:colcon.colcon_core.shell:Creating environment hook '/home/giacomo/IR_LABS/Assignments/ws_07_assignments/install/ir_base/share/ir_base/hook/cmake_prefix_path.sh'
[0.289s] Level 1:colcon.colcon_core.environment:checking '/home/giacomo/IR_LABS/Assignments/ws_07_assignments/install/ir_base/bin'
[0.289s] Level 1:colcon.colcon_core.environment:checking '/home/giacomo/IR_LABS/Assignments/ws_07_assignments/install/ir_base/lib/pkgconfig/ir_base.pc'
[0.290s] Level 1:colcon.colcon_core.environment:checking '/home/giacomo/IR_LABS/Assignments/ws_07_assignments/install/ir_base/lib/python3.12/site-packages'
[0.290s] Level 1:colcon.colcon_core.environment:checking '/home/giacomo/IR_LABS/Assignments/ws_07_assignments/install/ir_base/bin'
[0.290s] INFO:colcon.colcon_core.shell:Creating package script '/home/giacomo/IR_LABS/Assignments/ws_07_assignments/install/ir_base/share/ir_base/package.ps1'
[0.290s] INFO:colcon.colcon_core.shell:Creating package descriptor '/home/giacomo/IR_LABS/Assignments/ws_07_assignments/install/ir_base/share/ir_base/package.dsv'
[0.291s] INFO:colcon.colcon_core.shell:Creating package script '/home/giacomo/IR_LABS/Assignments/ws_07_assignments/install/ir_base/share/ir_base/package.sh'
[0.291s] INFO:colcon.colcon_core.shell:Creating package script '/home/giacomo/IR_LABS/Assignments/ws_07_assignments/install/ir_base/share/ir_base/package.bash'
[0.299s] INFO:colcon.colcon_core.shell:Creating package script '/home/giacomo/IR_LABS/Assignments/ws_07_assignments/install/ir_base/share/ir_base/package.zsh'
[0.300s] Level 1:colcon.colcon_core.environment:create_file_with_runtime_dependencies(/home/giacomo/IR_LABS/Assignments/ws_07_assignments/install/ir_base/share/colcon-core/packages/ir_base)
[0.300s] Level 1:colcon.colcon_core.environment:create_environment_scripts_only(ir_base)
[0.300s] Level 1:colcon.colcon_core.environment:checking '/home/giacomo/IR_LABS/Assignments/ws_07_assignments/install/ir_base' for CMake module files
[0.300s] Level 1:colcon.colcon_core.environment:checking '/home/giacomo/IR_LABS/Assignments/ws_07_assignments/install/ir_base' for CMake config files
[0.301s] Level 1:colcon.colcon_core.shell:create_environment_hook('ir_base', 'cmake_prefix_path')
[0.301s] INFO:colcon.colcon_core.shell:Creating environment hook '/home/giacomo/IR_LABS/Assignments/ws_07_assignments/install/ir_base/share/ir_base/hook/cmake_prefix_path.ps1'
[0.301s] INFO:colcon.colcon_core.shell:Creating environment descriptor '/home/giacomo/IR_LABS/Assignments/ws_07_assignments/install/ir_base/share/ir_base/hook/cmake_prefix_path.dsv'
[0.302s] INFO:colcon.colcon_core.shell:Creating environment hook '/home/giacomo/IR_LABS/Assignments/ws_07_assignments/install/ir_base/share/ir_base/hook/cmake_prefix_path.sh'
[0.302s] Level 1:colcon.colcon_core.environment:checking '/home/giacomo/IR_LABS/Assignments/ws_07_assignments/install/ir_base/bin'
[0.302s] Level 1:colcon.colcon_core.environment:checking '/home/giacomo/IR_LABS/Assignments/ws_07_assignments/install/ir_base/lib/pkgconfig/ir_base.pc'
[0.302s] Level 1:colcon.colcon_core.environment:checking '/home/giacomo/IR_LABS/Assignments/ws_07_assignments/install/ir_base/lib/python3.12/site-packages'
[0.303s] Level 1:colcon.colcon_core.environment:checking '/home/giacomo/IR_LABS/Assignments/ws_07_assignments/install/ir_base/bin'
[0.303s] INFO:colcon.colcon_core.shell:Creating package script '/home/giacomo/IR_LABS/Assignments/ws_07_assignments/install/ir_base/share/ir_base/package.ps1'
[0.303s] INFO:colcon.colcon_core.shell:Creating package descriptor '/home/giacomo/IR_LABS/Assignments/ws_07_assignments/install/ir_base/share/ir_base/package.dsv'
[0.303s] INFO:colcon.colcon_core.shell:Creating package script '/home/giacomo/IR_LABS/Assignments/ws_07_assignments/install/ir_base/share/ir_base/package.sh'
[0.304s] INFO:colcon.colcon_core.shell:Creating package script '/home/giacomo/IR_LABS/Assignments/ws_07_assignments/install/ir_base/share/ir_base/package.bash'
[0.304s] INFO:colcon.colcon_core.shell:Creating package script '/home/giacomo/IR_LABS/Assignments/ws_07_assignments/install/ir_base/share/ir_base/package.zsh'
[0.304s] Level 1:colcon.colcon_core.environment:create_file_with_runtime_dependencies(/home/giacomo/IR_LABS/Assignments/ws_07_assignments/install/ir_base/share/colcon-core/packages/ir_base)
[0.307s] DEBUG:colcon.colcon_core.event_handler.log_command:Invoking command in '/home/giacomo/IR_LABS/Assignments/ws_07_assignments/build/ir_movit_config': CMAKE_PREFIX_PATH=/home/giacomo/IR_LABS/Assignments/ws_07_assignments/install/ir_desription:/home/giacomo/IR_LABS/Assignments/ws_07_assignments/install/ir_movit_config:/home/giacomo/IR_LABS/Assignments/ws_07_assignments/install/ir_launch:/home/giacomo/IR_LABS/Assignments/ws_07_assignments/install/ir_base:/home/giacomo/IR_LABS/Assignments/ws_07_assignments/install/assignment_1_07:/home/giacomo/IR_LABS/Assignments/ws_07_assignments/install/apriltag_ros:/opt/ros/jazzy/opt/gz_sim_vendor:/opt/ros/jazzy/opt/gz_sensors_vendor:/opt/ros/jazzy/opt/gz_physics_vendor:/opt/ros/jazzy/opt/sdformat_vendor:/opt/ros/jazzy/opt/gz_gui_vendor:/opt/ros/jazzy/opt/gz_transport_vendor:/opt/ros/jazzy/opt/gz_rendering_vendor:/opt/ros/jazzy/opt/gz_plugin_vendor:/opt/ros/jazzy/opt/gz_fuel_tools_vendor:/opt/ros/jazzy/opt/gz_msgs_vendor:/opt/ros/jazzy/opt/gz_common_vendor:/opt/ros/jazzy/opt/gz_math_vendor:/opt/ros/jazzy/opt/gz_utils_vendor:/opt/ros/jazzy/opt/gz_tools_vendor:/opt/ros/jazzy/opt/gz_ogre_next_vendor:/opt/ros/jazzy/opt/gz_dartsim_vendor:/opt/ros/jazzy/opt/gz_cmake_vendor:/opt/ros/jazzy DEBUGINFOD_URLS=https://debuginfod.ubuntu.com /usr/bin/cmake --build /home/giacomo/IR_LABS/Assignments/ws_07_assignments/build/ir_movit_config -- -j16 -l16
[0.307s] DEBUG:colcon.colcon_core.event_handler.log_command:Invoked command in '/home/giacomo/IR_LABS/Assignments/ws_07_assignments/build/apriltag_ros' returned '0': CMAKE_PREFIX_PATH=${CMAKE_PREFIX_PATH}:/opt/ros/jazzy DEBUGINFOD_URLS=https://debuginfod.ubuntu.com /usr/bin/cmake --build /home/giacomo/IR_LABS/Assignments/ws_07_assignments/build/apriltag_ros -- -j16 -l16
[0.308s] DEBUG:colcon.colcon_core.event_handler.log_command:Invoking command in '/home/giacomo/IR_LABS/Assignments/ws_07_assignments/build/apriltag_ros': CMAKE_PREFIX_PATH=${CMAKE_PREFIX_PATH}:/opt/ros/jazzy DEBUGINFOD_URLS=https://debuginfod.ubuntu.com /usr/bin/cmake --install /home/giacomo/IR_LABS/Assignments/ws_07_assignments/build/apriltag_ros
[0.316s] Level 1:colcon.colcon_core.environment:create_environment_scripts_only(apriltag_ros)
[0.316s] DEBUG:colcon.colcon_core.event_handler.log_command:Invoked command in '/home/giacomo/IR_LABS/Assignments/ws_07_assignments/build/apriltag_ros' returned '0': CMAKE_PREFIX_PATH=${CMAKE_PREFIX_PATH}:/opt/ros/jazzy DEBUGINFOD_URLS=https://debuginfod.ubuntu.com /usr/bin/cmake --install /home/giacomo/IR_LABS/Assignments/ws_07_assignments/build/apriltag_ros
[0.316s] Level 1:colcon.colcon_core.environment:checking '/home/giacomo/IR_LABS/Assignments/ws_07_assignments/install/apriltag_ros' for CMake module files
[0.317s] Level 1:colcon.colcon_core.environment:checking '/home/giacomo/IR_LABS/Assignments/ws_07_assignments/install/apriltag_ros' for CMake config files
[0.317s] Level 1:colcon.colcon_core.shell:create_environment_hook('apriltag_ros', 'cmake_prefix_path')
[0.317s] INFO:colcon.colcon_core.shell:Creating environment hook '/home/giacomo/IR_LABS/Assignments/ws_07_assignments/install/apriltag_ros/share/apriltag_ros/hook/cmake_prefix_path.ps1'
[0.317s] INFO:colcon.colcon_core.shell:Creating environment descriptor '/home/giacomo/IR_LABS/Assignments/ws_07_assignments/install/apriltag_ros/share/apriltag_ros/hook/cmake_prefix_path.dsv'
[0.318s] INFO:colcon.colcon_core.shell:Creating environment hook '/home/giacomo/IR_LABS/Assignments/ws_07_assignments/install/apriltag_ros/share/apriltag_ros/hook/cmake_prefix_path.sh'
[0.318s] Level 1:colcon.colcon_core.environment:checking '/home/giacomo/IR_LABS/Assignments/ws_07_assignments/install/apriltag_ros/lib'
[0.318s] Level 1:colcon.colcon_core.shell:create_environment_hook('apriltag_ros', 'ld_library_path_lib')
[0.318s] INFO:colcon.colcon_core.shell:Creating environment hook '/home/giacomo/IR_LABS/Assignments/ws_07_assignments/install/apriltag_ros/share/apriltag_ros/hook/ld_library_path_lib.ps1'
[0.319s] INFO:colcon.colcon_core.shell:Creating environment descriptor '/home/giacomo/IR_LABS/Assignments/ws_07_assignments/install/apriltag_ros/share/apriltag_ros/hook/ld_library_path_lib.dsv'
[0.319s] INFO:colcon.colcon_core.shell:Creating environment hook '/home/giacomo/IR_LABS/Assignments/ws_07_assignments/install/apriltag_ros/share/apriltag_ros/hook/ld_library_path_lib.sh'
[0.319s] Level 1:colcon.colcon_core.environment:checking '/home/giacomo/IR_LABS/Assignments/ws_07_assignments/install/apriltag_ros/bin'
[0.319s] Level 1:colcon.colcon_core.environment:checking '/home/giacomo/IR_LABS/Assignments/ws_07_assignments/install/apriltag_ros/lib/pkgconfig/apriltag_ros.pc'
[0.319s] Level 1:colcon.colcon_core.environment:checking '/home/giacomo/IR_LABS/Assignments/ws_07_assignments/install/apriltag_ros/lib/python3.12/site-packages'
[0.320s] Level 1:colcon.colcon_core.environment:checking '/home/giacomo/IR_LABS/Assignments/ws_07_assignments/install/apriltag_ros/bin'
[0.320s] INFO:colcon.colcon_core.shell:Creating package script '/home/giacomo/IR_LABS/Assignments/ws_07_assignments/install/apriltag_ros/share/apriltag_ros/package.ps1'
[0.320s] INFO:colcon.colcon_core.shell:Creating package descriptor '/home/giacomo/IR_LABS/Assignments/ws_07_assignments/install/apriltag_ros/share/apriltag_ros/package.dsv'
[0.321s] INFO:colcon.colcon_core.shell:Creating package script '/home/giacomo/IR_LABS/Assignments/ws_07_assignments/install/apriltag_ros/share/apriltag_ros/package.sh'
[0.321s] INFO:colcon.colcon_core.shell:Creating package script '/home/giacomo/IR_LABS/Assignments/ws_07_assignments/install/apriltag_ros/share/apriltag_ros/package.bash'
[0.321s] INFO:colcon.colcon_core.shell:Creating package script '/home/giacomo/IR_LABS/Assignments/ws_07_assignments/install/apriltag_ros/share/apriltag_ros/package.zsh'
[0.321s] Level 1:colcon.colcon_core.environment:create_file_with_runtime_dependencies(/home/giacomo/IR_LABS/Assignments/ws_07_assignments/install/apriltag_ros/share/colcon-core/packages/apriltag_ros)
[0.322s] Level 1:colcon.colcon_core.environment:create_environment_scripts_only(apriltag_ros)
[0.322s] Level 1:colcon.colcon_core.environment:checking '/home/giacomo/IR_LABS/Assignments/ws_07_assignments/install/apriltag_ros' for CMake module files
[0.322s] Level 1:colcon.colcon_core.environment:checking '/home/giacomo/IR_LABS/Assignments/ws_07_assignments/install/apriltag_ros' for CMake config files
[0.322s] Level 1:colcon.colcon_core.shell:create_environment_hook('apriltag_ros', 'cmake_prefix_path')
[0.322s] INFO:colcon.colcon_core.shell:Creating environment hook '/home/giacomo/IR_LABS/Assignments/ws_07_assignments/install/apriltag_ros/share/apriltag_ros/hook/cmake_prefix_path.ps1'
[0.323s] INFO:colcon.colcon_core.shell:Creating environment descriptor '/home/giacomo/IR_LABS/Assignments/ws_07_assignments/install/apriltag_ros/share/apriltag_ros/hook/cmake_prefix_path.dsv'
[0.323s] INFO:colcon.colcon_core.shell:Creating environment hook '/home/giacomo/IR_LABS/Assignments/ws_07_assignments/install/apriltag_ros/share/apriltag_ros/hook/cmake_prefix_path.sh'
[0.323s] Level 1:colcon.colcon_core.environment:checking '/home/giacomo/IR_LABS/Assignments/ws_07_assignments/install/apriltag_ros/lib'
[0.323s] Level 1:colcon.colcon_core.shell:create_environment_hook('apriltag_ros', 'ld_library_path_lib')
[0.323s] INFO:colcon.colcon_core.shell:Creating environment hook '/home/giacomo/IR_LABS/Assignments/ws_07_assignments/install/apriltag_ros/share/apriltag_ros/hook/ld_library_path_lib.ps1'
[0.324s] INFO:colcon.colcon_core.shell:Creating environment descriptor '/home/giacomo/IR_LABS/Assignments/ws_07_assignments/install/apriltag_ros/share/apriltag_ros/hook/ld_library_path_lib.dsv'
[0.324s] INFO:colcon.colcon_core.shell:Creating environment hook '/home/giacomo/IR_LABS/Assignments/ws_07_assignments/install/apriltag_ros/share/apriltag_ros/hook/ld_library_path_lib.sh'
[0.324s] Level 1:colcon.colcon_core.environment:checking '/home/giacomo/IR_LABS/Assignments/ws_07_assignments/install/apriltag_ros/bin'
[0.324s] Level 1:colcon.colcon_core.environment:checking '/home/giacomo/IR_LABS/Assignments/ws_07_assignments/install/apriltag_ros/lib/pkgconfig/apriltag_ros.pc'
[0.324s] Level 1:colcon.colcon_core.environment:checking '/home/giacomo/IR_LABS/Assignments/ws_07_assignments/install/apriltag_ros/lib/python3.12/site-packages'
[0.324s] Level 1:colcon.colcon_core.environment:checking '/home/giacomo/IR_LABS/Assignments/ws_07_assignments/install/apriltag_ros/bin'
[0.325s] INFO:colcon.colcon_core.shell:Creating package script '/home/giacomo/IR_LABS/Assignments/ws_07_assignments/install/apriltag_ros/share/apriltag_ros/package.ps1'
[0.325s] INFO:colcon.colcon_core.shell:Creating package descriptor '/home/giacomo/IR_LABS/Assignments/ws_07_assignments/install/apriltag_ros/share/apriltag_ros/package.dsv'
[0.325s] INFO:colcon.colcon_core.shell:Creating package script '/home/giacomo/IR_LABS/Assignments/ws_07_assignments/install/apriltag_ros/share/apriltag_ros/package.sh'
[0.326s] INFO:colcon.colcon_core.shell:Creating package script '/home/giacomo/IR_LABS/Assignments/ws_07_assignments/install/apriltag_ros/share/apriltag_ros/package.bash'
[0.326s] INFO:colcon.colcon_core.shell:Creating package script '/home/giacomo/IR_LABS/Assignments/ws_07_assignments/install/apriltag_ros/share/apriltag_ros/package.zsh'
[0.326s] Level 1:colcon.colcon_core.environment:create_file_with_runtime_dependencies(/home/giacomo/IR_LABS/Assignments/ws_07_assignments/install/apriltag_ros/share/colcon-core/packages/apriltag_ros)
[0.367s] DEBUG:colcon.colcon_core.event_handler.log_command:Invoked command in '/home/giacomo/IR_LABS/Assignments/ws_07_assignments/build/ir_movit_config' returned '0': CMAKE_PREFIX_PATH=/home/giacomo/IR_LABS/Assignments/ws_07_assignments/install/ir_desription:/home/giacomo/IR_LABS/Assignments/ws_07_assignments/install/ir_movit_config:/home/giacomo/IR_LABS/Assignments/ws_07_assignments/install/ir_launch:/home/giacomo/IR_LABS/Assignments/ws_07_assignments/install/ir_base:/home/giacomo/IR_LABS/Assignments/ws_07_assignments/install/assignment_1_07:/home/giacomo/IR_LABS/Assignments/ws_07_assignments/install/apriltag_ros:/opt/ros/jazzy/opt/gz_sim_vendor:/opt/ros/jazzy/opt/gz_sensors_vendor:/opt/ros/jazzy/opt/gz_physics_vendor:/opt/ros/jazzy/opt/sdformat_vendor:/opt/ros/jazzy/opt/gz_gui_vendor:/opt/ros/jazzy/opt/gz_transport_vendor:/opt/ros/jazzy/opt/gz_rendering_vendor:/opt/ros/jazzy/opt/gz_plugin_vendor:/opt/ros/jazzy/opt/gz_fuel_tools_vendor:/opt/ros/jazzy/opt/gz_msgs_vendor:/opt/ros/jazzy/opt/gz_common_vendor:/opt/ros/jazzy/opt/gz_math_vendor:/opt/ros/jazzy/opt/gz_utils_vendor:/opt/ros/jazzy/opt/gz_tools_vendor:/opt/ros/jazzy/opt/gz_ogre_next_vendor:/opt/ros/jazzy/opt/gz_dartsim_vendor:/opt/ros/jazzy/opt/gz_cmake_vendor:/opt/ros/jazzy DEBUGINFOD_URLS=https://debuginfod.ubuntu.com /usr/bin/cmake --build /home/giacomo/IR_LABS/Assignments/ws_07_assignments/build/ir_movit_config -- -j16 -l16
[0.368s] DEBUG:colcon.colcon_core.event_handler.log_command:Invoking command in '/home/giacomo/IR_LABS/Assignments/ws_07_assignments/build/ir_movit_config': CMAKE_PREFIX_PATH=/home/giacomo/IR_LABS/Assignments/ws_07_assignments/install/ir_desription:/home/giacomo/IR_LABS/Assignments/ws_07_assignments/install/ir_movit_config:/home/giacomo/IR_LABS/Assignments/ws_07_assignments/install/ir_launch:/home/giacomo/IR_LABS/Assignments/ws_07_assignments/install/ir_base:/home/giacomo/IR_LABS/Assignments/ws_07_assignments/install/assignment_1_07:/home/giacomo/IR_LABS/Assignments/ws_07_assignments/install/apriltag_ros:/opt/ros/jazzy/opt/gz_sim_vendor:/opt/ros/jazzy/opt/gz_sensors_vendor:/opt/ros/jazzy/opt/gz_physics_vendor:/opt/ros/jazzy/opt/sdformat_vendor:/opt/ros/jazzy/opt/gz_gui_vendor:/opt/ros/jazzy/opt/gz_transport_vendor:/opt/ros/jazzy/opt/gz_rendering_vendor:/opt/ros/jazzy/opt/gz_plugin_vendor:/opt/ros/jazzy/opt/gz_fuel_tools_vendor:/opt/ros/jazzy/opt/gz_msgs_vendor:/opt/ros/jazzy/opt/gz_common_vendor:/opt/ros/jazzy/opt/gz_math_vendor:/opt/ros/jazzy/opt/gz_utils_vendor:/opt/ros/jazzy/opt/gz_tools_vendor:/opt/ros/jazzy/opt/gz_ogre_next_vendor:/opt/ros/jazzy/opt/gz_dartsim_vendor:/opt/ros/jazzy/opt/gz_cmake_vendor:/opt/ros/jazzy DEBUGINFOD_URLS=https://debuginfod.ubuntu.com /usr/bin/cmake --install /home/giacomo/IR_LABS/Assignments/ws_07_assignments/build/ir_movit_config
[0.380s] Level 1:colcon.colcon_core.environment:create_environment_scripts_only(ir_movit_config)
[0.380s] Level 1:colcon.colcon_core.environment:checking '/home/giacomo/IR_LABS/Assignments/ws_07_assignments/install/ir_movit_config' for CMake module files
[0.382s] Level 1:colcon.colcon_core.environment:checking '/home/giacomo/IR_LABS/Assignments/ws_07_assignments/install/ir_movit_config' for CMake config files
[0.383s] DEBUG:colcon.colcon_core.event_handler.log_command:Invoked command in '/home/giacomo/IR_LABS/Assignments/ws_07_assignments/build/ir_movit_config' returned '0': CMAKE_PREFIX_PATH=/home/giacomo/IR_LABS/Assignments/ws_07_assignments/install/ir_desription:/home/giacomo/IR_LABS/Assignments/ws_07_assignments/install/ir_movit_config:/home/giacomo/IR_LABS/Assignments/ws_07_assignments/install/ir_launch:/home/giacomo/IR_LABS/Assignments/ws_07_assignments/install/ir_base:/home/giacomo/IR_LABS/Assignments/ws_07_assignments/install/assignment_1_07:/home/giacomo/IR_LABS/Assignments/ws_07_assignments/install/apriltag_ros:/opt/ros/jazzy/opt/gz_sim_vendor:/opt/ros/jazzy/opt/gz_sensors_vendor:/opt/ros/jazzy/opt/gz_physics_vendor:/opt/ros/jazzy/opt/sdformat_vendor:/opt/ros/jazzy/opt/gz_gui_vendor:/opt/ros/jazzy/opt/gz_transport_vendor:/opt/ros/jazzy/opt/gz_rendering_vendor:/opt/ros/jazzy/opt/gz_plugin_vendor:/opt/ros/jazzy/opt/gz_fuel_tools_vendor:/opt/ros/jazzy/opt/gz_msgs_vendor:/opt/ros/jazzy/opt/gz_common_vendor:/opt/ros/jazzy/opt/gz_math_vendor:/opt/ros/jazzy/opt/gz_utils_vendor:/opt/ros/jazzy/opt/gz_tools_vendor:/opt/ros/jazzy/opt/gz_ogre_next_vendor:/opt/ros/jazzy/opt/gz_dartsim_vendor:/opt/ros/jazzy/opt/gz_cmake_vendor:/opt/ros/jazzy DEBUGINFOD_URLS=https://debuginfod.ubuntu.com /usr/bin/cmake --install /home/giacomo/IR_LABS/Assignments/ws_07_assignments/build/ir_movit_config
[0.383s] Level 1:colcon.colcon_core.shell:create_environment_hook('ir_movit_config', 'cmake_prefix_path')
[0.383s] INFO:colcon.colcon_core.shell:Creating environment hook '/home/giacomo/IR_LABS/Assignments/ws_07_assignments/install/ir_movit_config/share/ir_movit_config/hook/cmake_prefix_path.ps1'
[0.383s] INFO:colcon.colcon_core.shell:Creating environment descriptor '/home/giacomo/IR_LABS/Assignments/ws_07_assignments/install/ir_movit_config/share/ir_movit_config/hook/cmake_prefix_path.dsv'
[0.383s] INFO:colcon.colcon_core.shell:Creating environment hook '/home/giacomo/IR_LABS/Assignments/ws_07_assignments/install/ir_movit_config/share/ir_movit_config/hook/cmake_prefix_path.sh'
[0.384s] Level 1:colcon.colcon_core.environment:checking '/home/giacomo/IR_LABS/Assignments/ws_07_assignments/install/ir_movit_config/lib'
[0.384s] Level 1:colcon.colcon_core.environment:checking '/home/giacomo/IR_LABS/Assignments/ws_07_assignments/install/ir_movit_config/bin'
[0.384s] Level 1:colcon.colcon_core.environment:checking '/home/giacomo/IR_LABS/Assignments/ws_07_assignments/install/ir_movit_config/lib/pkgconfig/ir_movit_config.pc'
[0.384s] Level 1:colcon.colcon_core.environment:checking '/home/giacomo/IR_LABS/Assignments/ws_07_assignments/install/ir_movit_config/lib/python3.12/site-packages'
[0.384s] Level 1:colcon.colcon_core.environment:checking '/home/giacomo/IR_LABS/Assignments/ws_07_assignments/install/ir_movit_config/bin'
[0.384s] INFO:colcon.colcon_core.shell:Creating package script '/home/giacomo/IR_LABS/Assignments/ws_07_assignments/install/ir_movit_config/share/ir_movit_config/package.ps1'
[0.385s] INFO:colcon.colcon_core.shell:Creating package descriptor '/home/giacomo/IR_LABS/Assignments/ws_07_assignments/install/ir_movit_config/share/ir_movit_config/package.dsv'
[0.385s] INFO:colcon.colcon_core.shell:Creating package script '/home/giacomo/IR_LABS/Assignments/ws_07_assignments/install/ir_movit_config/share/ir_movit_config/package.sh'
[0.385s] INFO:colcon.colcon_core.shell:Creating package script '/home/giacomo/IR_LABS/Assignments/ws_07_assignments/install/ir_movit_config/share/ir_movit_config/package.bash'
[0.385s] INFO:colcon.colcon_core.shell:Creating package script '/home/giacomo/IR_LABS/Assignments/ws_07_assignments/install/ir_movit_config/share/ir_movit_config/package.zsh'
[0.385s] Level 1:colcon.colcon_core.environment:create_file_with_runtime_dependencies(/home/giacomo/IR_LABS/Assignments/ws_07_assignments/install/ir_movit_config/share/colcon-core/packages/ir_movit_config)
[0.386s] Level 1:colcon.colcon_core.environment:create_environment_scripts_only(ir_movit_config)
[0.386s] Level 1:colcon.colcon_core.environment:checking '/home/giacomo/IR_LABS/Assignments/ws_07_assignments/install/ir_movit_config' for CMake module files
[0.386s] Level 1:colcon.colcon_core.environment:checking '/home/giacomo/IR_LABS/Assignments/ws_07_assignments/install/ir_movit_config' for CMake config files
[0.386s] Level 1:colcon.colcon_core.shell:create_environment_hook('ir_movit_config', 'cmake_prefix_path')
[0.386s] INFO:colcon.colcon_core.shell:Creating environment hook '/home/giacomo/IR_LABS/Assignments/ws_07_assignments/install/ir_movit_config/share/ir_movit_config/hook/cmake_prefix_path.ps1'
[0.386s] INFO:colcon.colcon_core.shell:Creating environment descriptor '/home/giacomo/IR_LABS/Assignments/ws_07_assignments/install/ir_movit_config/share/ir_movit_config/hook/cmake_prefix_path.dsv'
[0.387s] INFO:colcon.colcon_core.shell:Creating environment hook '/home/giacomo/IR_LABS/Assignments/ws_07_assignments/install/ir_movit_config/share/ir_movit_config/hook/cmake_prefix_path.sh'
[0.387s] Level 1:colcon.colcon_core.environment:checking '/home/giacomo/IR_LABS/Assignments/ws_07_assignments/install/ir_movit_config/lib'
[0.387s] Level 1:colcon.colcon_core.environment:checking '/home/giacomo/IR_LABS/Assignments/ws_07_assignments/install/ir_movit_config/bin'
[0.387s] Level 1:colcon.colcon_core.environment:checking '/home/giacomo/IR_LABS/Assignments/ws_07_assignments/install/ir_movit_config/lib/pkgconfig/ir_movit_config.pc'
[0.387s] Level 1:colcon.colcon_core.environment:checking '/home/giacomo/IR_LABS/Assignments/ws_07_assignments/install/ir_movit_config/lib/python3.12/site-packages'
[0.387s] Level 1:colcon.colcon_core.environment:checking '/home/giacomo/IR_LABS/Assignments/ws_07_assignments/install/ir_movit_config/bin'
[0.387s] INFO:colcon.colcon_core.shell:Creating package script '/home/giacomo/IR_LABS/Assignments/ws_07_assignments/install/ir_movit_config/share/ir_movit_config/package.ps1'
[0.388s] INFO:colcon.colcon_core.shell:Creating package descriptor '/home/giacomo/IR_LABS/Assignments/ws_07_assignments/install/ir_movit_config/share/ir_movit_config/package.dsv'
[0.388s] INFO:colcon.colcon_core.shell:Creating package script '/home/giacomo/IR_LABS/Assignments/ws_07_assignments/install/ir_movit_config/share/ir_movit_config/package.sh'
[0.388s] INFO:colcon.colcon_core.shell:Creating package script '/home/giacomo/IR_LABS/Assignments/ws_07_assignments/install/ir_movit_config/share/ir_movit_config/package.bash'
[0.389s] INFO:colcon.colcon_core.shell:Creating package script '/home/giacomo/IR_LABS/Assignments/ws_07_assignments/install/ir_movit_config/share/ir_movit_config/package.zsh'
[0.389s] Level 1:colcon.colcon_core.environment:create_file_with_runtime_dependencies(/home/giacomo/IR_LABS/Assignments/ws_07_assignments/install/ir_movit_config/share/colcon-core/packages/ir_movit_config)
[0.389s] DEBUG:colcon.colcon_parallel_executor.executor.parallel:closing loop
[0.389s] DEBUG:colcon.colcon_parallel_executor.executor.parallel:loop closed
[0.389s] DEBUG:colcon.colcon_parallel_executor.executor.parallel:run_until_complete finished with '0'
[0.389s] DEBUG:colcon.colcon_core.event_reactor:joining thread
[0.393s] INFO:colcon.colcon_core.plugin_system:Skipping extension 'colcon_notification.desktop_notification.terminal_notifier': Not used on non-Darwin systems
[0.394s] INFO:colcon.colcon_core.plugin_system:Skipping extension 'colcon_notification.desktop_notification.win32': Not used on non-Windows systems
[0.394s] INFO:colcon.colcon_notification.desktop_notification:Sending desktop notification using 'notify2'
[0.404s] DEBUG:colcon.colcon_core.event_reactor:joined thread
[0.404s] INFO:colcon.colcon_core.shell:Creating prefix script '/home/giacomo/IR_LABS/Assignments/ws_07_assignments/install/local_setup.ps1'
[0.405s] INFO:colcon.colcon_core.shell:Creating prefix util module '/home/giacomo/IR_LABS/Assignments/ws_07_assignments/install/_local_setup_util_ps1.py'
[0.406s] INFO:colcon.colcon_core.shell:Creating prefix chain script '/home/giacomo/IR_LABS/Assignments/ws_07_assignments/install/setup.ps1'
[0.406s] INFO:colcon.colcon_core.shell:Creating prefix script '/home/giacomo/IR_LABS/Assignments/ws_07_assignments/install/local_setup.sh'
[0.407s] INFO:colcon.colcon_core.shell:Creating prefix util module '/home/giacomo/IR_LABS/Assignments/ws_07_assignments/install/_local_setup_util_sh.py'
[0.407s] INFO:colcon.colcon_core.shell:Creating prefix chain script '/home/giacomo/IR_LABS/Assignments/ws_07_assignments/install/setup.sh'
[0.408s] INFO:colcon.colcon_core.shell:Creating prefix script '/home/giacomo/IR_LABS/Assignments/ws_07_assignments/install/local_setup.bash'
[0.408s] INFO:colcon.colcon_core.shell:Creating prefix chain script '/home/giacomo/IR_LABS/Assignments/ws_07_assignments/install/setup.bash'
[0.409s] INFO:colcon.colcon_core.shell:Creating prefix script '/home/giacomo/IR_LABS/Assignments/ws_07_assignments/install/local_setup.zsh'
[0.409s] INFO:colcon.colcon_core.shell:Creating prefix chain script '/home/giacomo/IR_LABS/Assignments/ws_07_assignments/install/setup.zsh'
