[0.013s] Invoking command in '/home/giacomo/IR_LABS/Assignments/ws_07_assignments/build/assignment_1_07': CMAKE_PREFIX_PATH=${CMAKE_PREFIX_PATH}:/opt/ros/jazzy DEBUGINFOD_URLS=https://debuginfod.ubuntu.com /usr/bin/cmake /home/giacomo/IR_LABS/Assignments/ws_07_assignments/src/assignment_1_07 -DCMAKE_INSTALL_PREFIX=/home/giacomo/IR_LABS/Assignments/ws_07_assignments/install/assignment_1_07
[0.106s] -- The C compiler identification is GNU 13.3.0
[0.197s] -- The CXX compiler identification is GNU 13.3.0
[0.215s] -- Detecting C compiler ABI info
[0.296s] -- Detecting C compiler ABI info - done
[0.303s] -- Check for working C compiler: /usr/bin/cc - skipped
[0.305s] -- Detecting C compile features
[0.306s] -- Detecting C compile features - done
[0.314s] -- Detecting CXX compiler ABI info
[0.404s] -- Detecting CXX compiler ABI info - done
[0.412s] -- Check for working CXX compiler: /usr/bin/c++ - skipped
[0.412s] -- Detecting CXX compile features
[0.413s] -- Detecting CXX compile features - done
[0.420s] -- Found ament_cmake: 2.5.4 (/opt/ros/jazzy/share/ament_cmake/cmake)
[0.536s] -- Found Python3: /usr/bin/python3 (found version "3.12.3") found components: Interpreter 
[0.716s] -- Configuring done (0.7s)
[0.717s] -- Generating done (0.0s)
[0.718s] -- Build files have been written to: /home/giacomo/IR_LABS/Assignments/ws_07_assignments/build/assignment_1_07
[0.722s] Invoked command in '/home/giacomo/IR_LABS/Assignments/ws_07_assignments/build/assignment_1_07' returned '0': CMAKE_PREFIX_PATH=${CMAKE_PREFIX_PATH}:/opt/ros/jazzy DEBUGINFOD_URLS=https://debuginfod.ubuntu.com /usr/bin/cmake /home/giacomo/IR_LABS/Assignments/ws_07_assignments/src/assignment_1_07 -DCMAKE_INSTALL_PREFIX=/home/giacomo/IR_LABS/Assignments/ws_07_assignments/install/assignment_1_07
[0.723s] Invoking command in '/home/giacomo/IR_LABS/Assignments/ws_07_assignments/build/assignment_1_07': CMAKE_PREFIX_PATH=${CMAKE_PREFIX_PATH}:/opt/ros/jazzy DEBUGINFOD_URLS=https://debuginfod.ubuntu.com /usr/bin/cmake --build /home/giacomo/IR_LABS/Assignments/ws_07_assignments/build/assignment_1_07 -- -j16 -l16
[0.773s] Invoked command in '/home/giacomo/IR_LABS/Assignments/ws_07_assignments/build/assignment_1_07' returned '0': CMAKE_PREFIX_PATH=${CMAKE_PREFIX_PATH}:/opt/ros/jazzy DEBUGINFOD_URLS=https://debuginfod.ubuntu.com /usr/bin/cmake --build /home/giacomo/IR_LABS/Assignments/ws_07_assignments/build/assignment_1_07 -- -j16 -l16
[0.775s] Invoking command in '/home/giacomo/IR_LABS/Assignments/ws_07_assignments/build/assignment_1_07': CMAKE_PREFIX_PATH=${CMAKE_PREFIX_PATH}:/opt/ros/jazzy DEBUGINFOD_URLS=https://debuginfod.ubuntu.com /usr/bin/cmake --install /home/giacomo/IR_LABS/Assignments/ws_07_assignments/build/assignment_1_07
[0.786s] -- Install configuration: ""
[0.786s] -- Installing: /home/giacomo/IR_LABS/Assignments/ws_07_assignments/install/assignment_1_07/share/assignment_1_07//launch
[0.786s] -- Installing: /home/giacomo/IR_LABS/Assignments/ws_07_assignments/install/assignment_1_07/share/assignment_1_07//launch/apriltag.launch.py
[0.787s] -- Installing: /home/giacomo/IR_LABS/Assignments/ws_07_assignments/install/assignment_1_07/share/ament_index/resource_index/package_run_dependencies/assignment_1_07
[0.787s] -- Installing: /home/giacomo/IR_LABS/Assignments/ws_07_assignments/install/assignment_1_07/share/ament_index/resource_index/parent_prefix_path/assignment_1_07
[0.787s] -- Installing: /home/giacomo/IR_LABS/Assignments/ws_07_assignments/install/assignment_1_07/share/assignment_1_07/environment/ament_prefix_path.sh
[0.787s] -- Installing: /home/giacomo/IR_LABS/Assignments/ws_07_assignments/install/assignment_1_07/share/assignment_1_07/environment/ament_prefix_path.dsv
[0.787s] -- Installing: /home/giacomo/IR_LABS/Assignments/ws_07_assignments/install/assignment_1_07/share/assignment_1_07/environment/path.sh
[0.787s] -- Installing: /home/giacomo/IR_LABS/Assignments/ws_07_assignments/install/assignment_1_07/share/assignment_1_07/environment/path.dsv
[0.787s] -- Installing: /home/giacomo/IR_LABS/Assignments/ws_07_assignments/install/assignment_1_07/share/assignment_1_07/local_setup.bash
[0.787s] -- Installing: /home/giacomo/IR_LABS/Assignments/ws_07_assignments/install/assignment_1_07/share/assignment_1_07/local_setup.sh
[0.787s] -- Installing: /home/giacomo/IR_LABS/Assignments/ws_07_assignments/install/assignment_1_07/share/assignment_1_07/local_setup.zsh
[0.787s] -- Installing: /home/giacomo/IR_LABS/Assignments/ws_07_assignments/install/assignment_1_07/share/assignment_1_07/local_setup.dsv
[0.787s] -- Installing: /home/giacomo/IR_LABS/Assignments/ws_07_assignments/install/assignment_1_07/share/assignment_1_07/package.dsv
[0.787s] -- Installing: /home/giacomo/IR_LABS/Assignments/ws_07_assignments/install/assignment_1_07/share/ament_index/resource_index/packages/assignment_1_07
[0.787s] -- Installing: /home/giacomo/IR_LABS/Assignments/ws_07_assignments/install/assignment_1_07/share/assignment_1_07/cmake/assignment_1_07Config.cmake
[0.788s] -- Installing: /home/giacomo/IR_LABS/Assignments/ws_07_assignments/install/assignment_1_07/share/assignment_1_07/cmake/assignment_1_07Config-version.cmake
[0.788s] -- Installing: /home/giacomo/IR_LABS/Assignments/ws_07_assignments/install/assignment_1_07/share/assignment_1_07/package.xml
[0.789s] Invoked command in '/home/giacomo/IR_LABS/Assignments/ws_07_assignments/build/assignment_1_07' returned '0': CMAKE_PREFIX_PATH=${CMAKE_PREFIX_PATH}:/opt/ros/jazzy DEBUGINFOD_URLS=https://debuginfod.ubuntu.com /usr/bin/cmake --install /home/giacomo/IR_LABS/Assignments/ws_07_assignments/build/assignment_1_07
