[0.018s] Invoking command in '/home/giacomo/IR_LABS/Assignments/ws_07_assignments/build/ir_desription': CMAKE_PREFIX_PATH=${CMAKE_PREFIX_PATH}:/opt/ros/jazzy DEBUGINFOD_URLS=https://debuginfod.ubuntu.com /usr/bin/cmake /home/giacomo/IR_LABS/Assignments/ws_07_assignments/src/ir_2526/ir_desription -DCMAKE_INSTALL_PREFIX=/home/giacomo/IR_LABS/Assignments/ws_07_assignments/install/ir_desription
[0.095s] -- The C compiler identification is GNU 13.3.0
[0.138s] -- The CXX compiler identification is GNU 13.3.0
[0.152s] -- Detecting C compiler ABI info
[0.218s] -- Detecting C compiler ABI info - done
[0.227s] -- Check for working C compiler: /usr/bin/cc - skipped
[0.227s] -- Detecting C compile features
[0.228s] -- Detecting C compile features - done
[0.235s] -- Detecting CXX compiler ABI info
[0.312s] -- Detecting CXX compiler ABI info - done
[0.319s] -- Check for working CXX compiler: /usr/bin/c++ - skipped
[0.319s] -- Detecting CXX compile features
[0.319s] -- Detecting CXX compile features - done
[0.327s] -- Found ament_cmake: 2.5.4 (/opt/ros/jazzy/share/ament_cmake/cmake)
[0.486s] -- Found Python3: /usr/bin/python3 (found version "3.12.3") found components: Interpreter 
[0.593s] -- Found ament_lint_auto: 0.17.3 (/opt/ros/jazzy/share/ament_lint_auto/cmake)
[0.690s] -- Added test 'lint_cmake' to check CMake code style
[0.692s] -- Added test 'xmllint' to check XML markup files
[0.694s] -- Configuring done (0.7s)
[0.695s] -- Generating done (0.0s)
[0.696s] -- Build files have been written to: /home/giacomo/IR_LABS/Assignments/ws_07_assignments/build/ir_desription
[0.700s] Invoked command in '/home/giacomo/IR_LABS/Assignments/ws_07_assignments/build/ir_desription' returned '0': CMAKE_PREFIX_PATH=${CMAKE_PREFIX_PATH}:/opt/ros/jazzy DEBUGINFOD_URLS=https://debuginfod.ubuntu.com /usr/bin/cmake /home/giacomo/IR_LABS/Assignments/ws_07_assignments/src/ir_2526/ir_desription -DCMAKE_INSTALL_PREFIX=/home/giacomo/IR_LABS/Assignments/ws_07_assignments/install/ir_desription
[0.700s] Invoking command in '/home/giacomo/IR_LABS/Assignments/ws_07_assignments/build/ir_desription': CMAKE_PREFIX_PATH=${CMAKE_PREFIX_PATH}:/opt/ros/jazzy DEBUGINFOD_URLS=https://debuginfod.ubuntu.com /usr/bin/cmake --build /home/giacomo/IR_LABS/Assignments/ws_07_assignments/build/ir_desription -- -j16 -l16
[0.732s] Invoked command in '/home/giacomo/IR_LABS/Assignments/ws_07_assignments/build/ir_desription' returned '0': CMAKE_PREFIX_PATH=${CMAKE_PREFIX_PATH}:/opt/ros/jazzy DEBUGINFOD_URLS=https://debuginfod.ubuntu.com /usr/bin/cmake --build /home/giacomo/IR_LABS/Assignments/ws_07_assignments/build/ir_desription -- -j16 -l16
[0.733s] Invoking command in '/home/giacomo/IR_LABS/Assignments/ws_07_assignments/build/ir_desription': CMAKE_PREFIX_PATH=${CMAKE_PREFIX_PATH}:/opt/ros/jazzy DEBUGINFOD_URLS=https://debuginfod.ubuntu.com /usr/bin/cmake --install /home/giacomo/IR_LABS/Assignments/ws_07_assignments/build/ir_desription
[0.740s] -- Install configuration: ""
[0.741s] -- Installing: /home/giacomo/IR_LABS/Assignments/ws_07_assignments/install/ir_desription/share/ament_index/resource_index/package_run_dependencies/ir_desription
[0.741s] -- Installing: /home/giacomo/IR_LABS/Assignments/ws_07_assignments/install/ir_desription/share/ament_index/resource_index/parent_prefix_path/ir_desription
[0.741s] -- Installing: /home/giacomo/IR_LABS/Assignments/ws_07_assignments/install/ir_desription/share/ir_desription/environment/ament_prefix_path.sh
[0.741s] -- Installing: /home/giacomo/IR_LABS/Assignments/ws_07_assignments/install/ir_desription/share/ir_desription/environment/ament_prefix_path.dsv
[0.741s] -- Installing: /home/giacomo/IR_LABS/Assignments/ws_07_assignments/install/ir_desription/share/ir_desription/environment/path.sh
[0.741s] -- Installing: /home/giacomo/IR_LABS/Assignments/ws_07_assignments/install/ir_desription/share/ir_desription/environment/path.dsv
[0.741s] -- Installing: /home/giacomo/IR_LABS/Assignments/ws_07_assignments/install/ir_desription/share/ir_desription/local_setup.bash
[0.741s] -- Installing: /home/giacomo/IR_LABS/Assignments/ws_07_assignments/install/ir_desription/share/ir_desription/local_setup.sh
[0.741s] -- Installing: /home/giacomo/IR_LABS/Assignments/ws_07_assignments/install/ir_desription/share/ir_desription/local_setup.zsh
[0.741s] -- Installing: /home/giacomo/IR_LABS/Assignments/ws_07_assignments/install/ir_desription/share/ir_desription/local_setup.dsv
[0.741s] -- Installing: /home/giacomo/IR_LABS/Assignments/ws_07_assignments/install/ir_desription/share/ir_desription/package.dsv
[0.741s] -- Installing: /home/giacomo/IR_LABS/Assignments/ws_07_assignments/install/ir_desription/share/ament_index/resource_index/packages/ir_desription
[0.741s] -- Installing: /home/giacomo/IR_LABS/Assignments/ws_07_assignments/install/ir_desription/share/ir_desription/cmake/ir_desriptionConfig.cmake
[0.741s] -- Installing: /home/giacomo/IR_LABS/Assignments/ws_07_assignments/install/ir_desription/share/ir_desription/cmake/ir_desriptionConfig-version.cmake
[0.741s] -- Installing: /home/giacomo/IR_LABS/Assignments/ws_07_assignments/install/ir_desription/share/ir_desription/package.xml
[0.741s] -- Installing: /home/giacomo/IR_LABS/Assignments/ws_07_assignments/install/ir_desription/share/ir_desription/meshes
[0.741s] -- Installing: /home/giacomo/IR_LABS/Assignments/ws_07_assignments/install/ir_desription/share/ir_desription/meshes/ur5
[0.742s] -- Installing: /home/giacomo/IR_LABS/Assignments/ws_07_assignments/install/ir_desription/share/ir_desription/meshes/ur5/collision
[0.742s] -- Installing: /home/giacomo/IR_LABS/Assignments/ws_07_assignments/install/ir_desription/share/ir_desription/meshes/ur5/collision/base.stl
[0.742s] -- Installing: /home/giacomo/IR_LABS/Assignments/ws_07_assignments/install/ir_desription/share/ir_desription/meshes/ur5/collision/wrist1.stl
[0.742s] -- Installing: /home/giacomo/IR_LABS/Assignments/ws_07_assignments/install/ir_desription/share/ir_desription/meshes/ur5/collision/forearm.stl
[0.742s] -- Installing: /home/giacomo/IR_LABS/Assignments/ws_07_assignments/install/ir_desription/share/ir_desription/meshes/ur5/collision/upperarm.stl
[0.743s] -- Installing: /home/giacomo/IR_LABS/Assignments/ws_07_assignments/install/ir_desription/share/ir_desription/meshes/ur5/collision/shoulder.stl
[0.743s] -- Installing: /home/giacomo/IR_LABS/Assignments/ws_07_assignments/install/ir_desription/share/ir_desription/meshes/ur5/collision/wrist2.stl
[0.744s] -- Installing: /home/giacomo/IR_LABS/Assignments/ws_07_assignments/install/ir_desription/share/ir_desription/meshes/ur5/collision/wrist3.stl
[0.744s] -- Installing: /home/giacomo/IR_LABS/Assignments/ws_07_assignments/install/ir_desription/share/ir_desription/meshes/ur5/visual
[0.744s] -- Installing: /home/giacomo/IR_LABS/Assignments/ws_07_assignments/install/ir_desription/share/ir_desription/meshes/ur5/visual/upperarm.dae
[0.749s] -- Installing: /home/giacomo/IR_LABS/Assignments/ws_07_assignments/install/ir_desription/share/ir_desription/meshes/ur5/visual/wrist2.dae
[0.751s] -- Installing: /home/giacomo/IR_LABS/Assignments/ws_07_assignments/install/ir_desription/share/ir_desription/meshes/ur5/visual/wrist3.dae
[0.752s] -- Installing: /home/giacomo/IR_LABS/Assignments/ws_07_assignments/install/ir_desription/share/ir_desription/meshes/ur5/visual/base.dae
[0.753s] -- Installing: /home/giacomo/IR_LABS/Assignments/ws_07_assignments/install/ir_desription/share/ir_desription/meshes/ur5/visual/forearm.dae
[0.756s] -- Installing: /home/giacomo/IR_LABS/Assignments/ws_07_assignments/install/ir_desription/share/ir_desription/meshes/ur5/visual/wrist1.dae
[0.759s] -- Installing: /home/giacomo/IR_LABS/Assignments/ws_07_assignments/install/ir_desription/share/ir_desription/meshes/ur5/visual/shoulder.dae
[0.761s] -- Installing: /home/giacomo/IR_LABS/Assignments/ws_07_assignments/install/ir_desription/share/ir_desription/config
[0.761s] -- Installing: /home/giacomo/IR_LABS/Assignments/ws_07_assignments/install/ir_desription/share/ir_desription/config/initial_positions.yaml
[0.761s] -- Installing: /home/giacomo/IR_LABS/Assignments/ws_07_assignments/install/ir_desription/share/ir_desription/config/ur5
[0.761s] -- Installing: /home/giacomo/IR_LABS/Assignments/ws_07_assignments/install/ir_desription/share/ir_desription/config/ur5/default_kinematics.yaml
[0.761s] -- Installing: /home/giacomo/IR_LABS/Assignments/ws_07_assignments/install/ir_desription/share/ir_desription/config/ur5/visual_parameters.yaml
[0.761s] -- Installing: /home/giacomo/IR_LABS/Assignments/ws_07_assignments/install/ir_desription/share/ir_desription/config/ur5/joint_limits.yaml
[0.762s] -- Installing: /home/giacomo/IR_LABS/Assignments/ws_07_assignments/install/ir_desription/share/ir_desription/config/ur5/physical_parameters.yaml
[0.762s] -- Installing: /home/giacomo/IR_LABS/Assignments/ws_07_assignments/install/ir_desription/share/ir_desription/urdf
[0.762s] -- Installing: /home/giacomo/IR_LABS/Assignments/ws_07_assignments/install/ir_desription/share/ir_desription/urdf/ur_gz.ros2_control.xacro
[0.762s] -- Installing: /home/giacomo/IR_LABS/Assignments/ws_07_assignments/install/ir_desription/share/ir_desription/urdf/ur_gripper_backup.urdf
[0.762s] -- Installing: /home/giacomo/IR_LABS/Assignments/ws_07_assignments/install/ir_desription/share/ir_desription/urdf/original.urdf
[0.762s] -- Installing: /home/giacomo/IR_LABS/Assignments/ws_07_assignments/install/ir_desription/share/ir_desription/urdf/ros2_control_mock_hardware.xacro
[0.763s] -- Installing: /home/giacomo/IR_LABS/Assignments/ws_07_assignments/install/ir_desription/share/ir_desription/urdf/inc
[0.763s] -- Installing: /home/giacomo/IR_LABS/Assignments/ws_07_assignments/install/ir_desription/share/ir_desription/urdf/inc/ur_joint_control.xacro
[0.763s] -- Installing: /home/giacomo/IR_LABS/Assignments/ws_07_assignments/install/ir_desription/share/ir_desription/urdf/inc/ur_transmissions.xacro
[0.763s] -- Installing: /home/giacomo/IR_LABS/Assignments/ws_07_assignments/install/ir_desription/share/ir_desription/urdf/inc/ur_common.xacro
[0.764s] -- Installing: /home/giacomo/IR_LABS/Assignments/ws_07_assignments/install/ir_desription/share/ir_desription/urdf/inc/ur_sensors.xacro
[0.764s] -- Installing: /home/giacomo/IR_LABS/Assignments/ws_07_assignments/install/ir_desription/share/ir_desription/urdf/ur_gripper_base.urdf
[0.764s] -- Installing: /home/giacomo/IR_LABS/Assignments/ws_07_assignments/install/ir_desription/share/ir_desription/urdf/ur_gripper.urdf.xacro
[0.764s] -- Installing: /home/giacomo/IR_LABS/Assignments/ws_07_assignments/install/ir_desription/share/ir_desription/urdf/ur.urdf.xacro
[0.764s] -- Installing: /home/giacomo/IR_LABS/Assignments/ws_07_assignments/install/ir_desription/share/ir_desription/urdf/ur_gripper.urdf
[0.764s] -- Installing: /home/giacomo/IR_LABS/Assignments/ws_07_assignments/install/ir_desription/share/ir_desription/urdf/ur_mocked.urdf.xacro
[0.764s] -- Installing: /home/giacomo/IR_LABS/Assignments/ws_07_assignments/install/ir_desription/share/ir_desription/urdf/ur_macro.xacro
[0.765s] -- Installing: /home/giacomo/IR_LABS/Assignments/ws_07_assignments/install/ir_desription/share/ir_desription/urdf/robotiq_d.urdf
[0.766s] Invoked command in '/home/giacomo/IR_LABS/Assignments/ws_07_assignments/build/ir_desription' returned '0': CMAKE_PREFIX_PATH=${CMAKE_PREFIX_PATH}:/opt/ros/jazzy DEBUGINFOD_URLS=https://debuginfod.ubuntu.com /usr/bin/cmake --install /home/giacomo/IR_LABS/Assignments/ws_07_assignments/build/ir_desription
