[0.010s] Invoking command in '/home/giacomo/IR_LABS/Assignments/ws_07_assignments/build/ir_base': CMAKE_PREFIX_PATH=${CMAKE_PREFIX_PATH}:/opt/ros/jazzy DEBUGINFOD_URLS=https://debuginfod.ubuntu.com /usr/bin/cmake /home/giacomo/IR_LABS/Assignments/ws_07_assignments/src/ir_2526/ir_base -DCMAKE_INSTALL_PREFIX=/home/giacomo/IR_LABS/Assignments/ws_07_assignments/install/ir_base
[0.085s] -- The C compiler identification is GNU 13.3.0
[0.131s] -- The CXX compiler identification is GNU 13.3.0
[0.144s] -- Detecting C compiler ABI info
[0.211s] -- Detecting C compiler ABI info - done
[0.218s] -- Check for working C compiler: /usr/bin/cc - skipped
[0.218s] -- Detecting C compile features
[0.218s] -- Detecting C compile features - done
[0.224s] -- Detecting CXX compiler ABI info
[0.302s] -- Detecting CXX compiler ABI info - done
[0.309s] -- Check for working CXX compiler: /usr/bin/c++ - skipped
[0.310s] -- Detecting CXX compile features
[0.310s] -- Detecting CXX compile features - done
[0.317s] -- Found ament_cmake: 2.5.4 (/opt/ros/jazzy/share/ament_cmake/cmake)
[0.450s] -- Found Python3: /usr/bin/python3 (found version "3.12.3") found components: Interpreter 
[0.564s] -- Found ament_lint_auto: 0.17.3 (/opt/ros/jazzy/share/ament_lint_auto/cmake)
[0.664s] -- Added test 'flake8' to check Python code syntax and style conventions
[0.664s] -- Configured 'flake8' exclude dirs and/or files: 
[0.666s] -- Added test 'lint_cmake' to check CMake code style
[0.667s] -- Added test 'pep257' to check Python code against some of the docstring style conventions in PEP 257
[0.672s] -- Added test 'xmllint' to check XML markup files
[0.675s] -- Configuring done (0.7s)
[0.677s] -- Generating done (0.0s)
[0.678s] -- Build files have been written to: /home/giacomo/IR_LABS/Assignments/ws_07_assignments/build/ir_base
[0.682s] Invoked command in '/home/giacomo/IR_LABS/Assignments/ws_07_assignments/build/ir_base' returned '0': CMAKE_PREFIX_PATH=${CMAKE_PREFIX_PATH}:/opt/ros/jazzy DEBUGINFOD_URLS=https://debuginfod.ubuntu.com /usr/bin/cmake /home/giacomo/IR_LABS/Assignments/ws_07_assignments/src/ir_2526/ir_base -DCMAKE_INSTALL_PREFIX=/home/giacomo/IR_LABS/Assignments/ws_07_assignments/install/ir_base
[0.683s] Invoking command in '/home/giacomo/IR_LABS/Assignments/ws_07_assignments/build/ir_base': CMAKE_PREFIX_PATH=${CMAKE_PREFIX_PATH}:/opt/ros/jazzy DEBUGINFOD_URLS=https://debuginfod.ubuntu.com /usr/bin/cmake --build /home/giacomo/IR_LABS/Assignments/ws_07_assignments/build/ir_base -- -j16 -l16
[0.711s] Invoked command in '/home/giacomo/IR_LABS/Assignments/ws_07_assignments/build/ir_base' returned '0': CMAKE_PREFIX_PATH=${CMAKE_PREFIX_PATH}:/opt/ros/jazzy DEBUGINFOD_URLS=https://debuginfod.ubuntu.com /usr/bin/cmake --build /home/giacomo/IR_LABS/Assignments/ws_07_assignments/build/ir_base -- -j16 -l16
[0.720s] Invoking command in '/home/giacomo/IR_LABS/Assignments/ws_07_assignments/build/ir_base': CMAKE_PREFIX_PATH=${CMAKE_PREFIX_PATH}:/opt/ros/jazzy DEBUGINFOD_URLS=https://debuginfod.ubuntu.com /usr/bin/cmake --install /home/giacomo/IR_LABS/Assignments/ws_07_assignments/build/ir_base
[0.726s] -- Install configuration: ""
[0.726s] -- Installing: /home/giacomo/IR_LABS/Assignments/ws_07_assignments/install/ir_base/share/ament_index/resource_index/package_run_dependencies/ir_base
[0.726s] -- Installing: /home/giacomo/IR_LABS/Assignments/ws_07_assignments/install/ir_base/share/ament_index/resource_index/parent_prefix_path/ir_base
[0.726s] -- Installing: /home/giacomo/IR_LABS/Assignments/ws_07_assignments/install/ir_base/share/ir_base/environment/ament_prefix_path.sh
[0.726s] -- Installing: /home/giacomo/IR_LABS/Assignments/ws_07_assignments/install/ir_base/share/ir_base/environment/ament_prefix_path.dsv
[0.726s] -- Installing: /home/giacomo/IR_LABS/Assignments/ws_07_assignments/install/ir_base/share/ir_base/environment/path.sh
[0.726s] -- Installing: /home/giacomo/IR_LABS/Assignments/ws_07_assignments/install/ir_base/share/ir_base/environment/path.dsv
[0.727s] -- Installing: /home/giacomo/IR_LABS/Assignments/ws_07_assignments/install/ir_base/share/ir_base/local_setup.bash
[0.727s] -- Installing: /home/giacomo/IR_LABS/Assignments/ws_07_assignments/install/ir_base/share/ir_base/local_setup.sh
[0.727s] -- Installing: /home/giacomo/IR_LABS/Assignments/ws_07_assignments/install/ir_base/share/ir_base/local_setup.zsh
[0.727s] -- Installing: /home/giacomo/IR_LABS/Assignments/ws_07_assignments/install/ir_base/share/ir_base/local_setup.dsv
[0.727s] -- Installing: /home/giacomo/IR_LABS/Assignments/ws_07_assignments/install/ir_base/share/ir_base/package.dsv
[0.727s] -- Installing: /home/giacomo/IR_LABS/Assignments/ws_07_assignments/install/ir_base/share/ament_index/resource_index/packages/ir_base
[0.727s] -- Installing: /home/giacomo/IR_LABS/Assignments/ws_07_assignments/install/ir_base/share/ir_base/cmake/ir_baseConfig.cmake
[0.727s] -- Installing: /home/giacomo/IR_LABS/Assignments/ws_07_assignments/install/ir_base/share/ir_base/cmake/ir_baseConfig-version.cmake
[0.727s] -- Installing: /home/giacomo/IR_LABS/Assignments/ws_07_assignments/install/ir_base/share/ir_base/package.xml
[0.727s] -- Installing: /home/giacomo/IR_LABS/Assignments/ws_07_assignments/install/ir_base/share/ir_base/launch
[0.728s] -- Installing: /home/giacomo/IR_LABS/Assignments/ws_07_assignments/install/ir_base/share/ir_base/launch/ir_arena.launch.py
[0.728s] -- Installing: /home/giacomo/IR_LABS/Assignments/ws_07_assignments/install/ir_base/share/ir_base/launch/ir_arena_turtle.launch.py
[0.728s] -- Installing: /home/giacomo/IR_LABS/Assignments/ws_07_assignments/install/ir_base/share/ir_base/worlds
[0.728s] -- Installing: /home/giacomo/IR_LABS/Assignments/ws_07_assignments/install/ir_base/share/ir_base/worlds/iaslab_ur.sdf
[0.729s] -- Installing: /home/giacomo/IR_LABS/Assignments/ws_07_assignments/install/ir_base/share/ir_base/worlds/apples_world.sdf.xacro
[0.729s] -- Installing: /home/giacomo/IR_LABS/Assignments/ws_07_assignments/install/ir_base/share/ir_base/worlds/iaslab_nav.sdf
[0.729s] -- Installing: /home/giacomo/IR_LABS/Assignments/ws_07_assignments/install/ir_base/share/ir_base/worlds/iaslab_empty_ur.sdf.xacro
[0.730s] -- Installing: /home/giacomo/IR_LABS/Assignments/ws_07_assignments/install/ir_base/share/ir_base/worlds/iaslab_empty.sdf
[0.730s] -- Installing: /home/giacomo/IR_LABS/Assignments/ws_07_assignments/install/ir_base/share/ir_base/worlds/iaslab.sdf.xacro
[0.730s] -- Installing: /home/giacomo/IR_LABS/Assignments/ws_07_assignments/install/ir_base/share/ir_base/worlds/iaslab_empty.sdf.xacro
[0.730s] -- Installing: /home/giacomo/IR_LABS/Assignments/ws_07_assignments/install/ir_base/share/ir_base/worlds/iaslab_camera_tables.sdf
[0.730s] -- Installing: /home/giacomo/IR_LABS/Assignments/ws_07_assignments/install/ir_base/share/ir_base/worlds/iaslab_ur.sdf.xacro
[0.731s] -- Installing: /home/giacomo/IR_LABS/Assignments/ws_07_assignments/install/ir_base/share/ir_base/worlds/empy.sdf
[0.731s] -- Installing: /home/giacomo/IR_LABS/Assignments/ws_07_assignments/install/ir_base/share/ir_base/params
[0.731s] -- Installing: /home/giacomo/IR_LABS/Assignments/ws_07_assignments/install/ir_base/share/ir_base/params/nav2_params.yaml
[0.731s] -- Installing: /home/giacomo/IR_LABS/Assignments/ws_07_assignments/install/ir_base/share/ir_base/params/turtlebot3_waffle_bridge.yaml
[0.731s] -- Installing: /home/giacomo/IR_LABS/Assignments/ws_07_assignments/install/ir_base/share/ir_base/params/ur_bridge.yaml
[0.731s] -- Installing: /home/giacomo/IR_LABS/Assignments/ws_07_assignments/install/ir_base/share/ir_base/maps
[0.732s] -- Installing: /home/giacomo/IR_LABS/Assignments/ws_07_assignments/install/ir_base/share/ir_base/maps/lab_map.pgm
[0.732s] -- Installing: /home/giacomo/IR_LABS/Assignments/ws_07_assignments/install/ir_base/share/ir_base/maps/lab_map.yaml
[0.732s] -- Installing: /home/giacomo/IR_LABS/Assignments/ws_07_assignments/install/ir_base/share/ir_base/models
[0.732s] -- Installing: /home/giacomo/IR_LABS/Assignments/ws_07_assignments/install/ir_base/share/ir_base/models/log
[0.732s] -- Installing: /home/giacomo/IR_LABS/Assignments/ws_07_assignments/install/ir_base/share/ir_base/models/log/build_2025-09-05_12-40-06
[0.732s] -- Installing: /home/giacomo/IR_LABS/Assignments/ws_07_assignments/install/ir_base/share/ir_base/models/log/build_2025-09-05_12-40-06/events.log
[0.732s] -- Installing: /home/giacomo/IR_LABS/Assignments/ws_07_assignments/install/ir_base/share/ir_base/models/log/build_2025-09-05_12-40-06/logger_all.log
[0.733s] -- Installing: /home/giacomo/IR_LABS/Assignments/ws_07_assignments/install/ir_base/share/ir_base/models/log/build_2025-09-05_12-40-26
[0.733s] -- Installing: /home/giacomo/IR_LABS/Assignments/ws_07_assignments/install/ir_base/share/ir_base/models/log/build_2025-09-05_12-40-26/events.log
[0.734s] -- Installing: /home/giacomo/IR_LABS/Assignments/ws_07_assignments/install/ir_base/share/ir_base/models/log/build_2025-09-05_12-40-26/logger_all.log
[0.734s] -- Installing: /home/giacomo/IR_LABS/Assignments/ws_07_assignments/install/ir_base/share/ir_base/models/log/build_2025-09-05_12-15-26
[0.734s] -- Installing: /home/giacomo/IR_LABS/Assignments/ws_07_assignments/install/ir_base/share/ir_base/models/log/build_2025-09-05_12-15-26/events.log
[0.735s] -- Installing: /home/giacomo/IR_LABS/Assignments/ws_07_assignments/install/ir_base/share/ir_base/models/log/build_2025-09-05_12-15-26/logger_all.log
[0.735s] -- Installing: /home/giacomo/IR_LABS/Assignments/ws_07_assignments/install/ir_base/share/ir_base/models/log/build_2025-09-05_12-03-44
[0.735s] -- Installing: /home/giacomo/IR_LABS/Assignments/ws_07_assignments/install/ir_base/share/ir_base/models/log/build_2025-09-05_12-03-44/events.log
[0.735s] -- Installing: /home/giacomo/IR_LABS/Assignments/ws_07_assignments/install/ir_base/share/ir_base/models/log/build_2025-09-05_12-03-44/logger_all.log
[0.737s] -- Installing: /home/giacomo/IR_LABS/Assignments/ws_07_assignments/install/ir_base/share/ir_base/models/log/latest
[0.737s] -- Installing: /home/giacomo/IR_LABS/Assignments/ws_07_assignments/install/ir_base/share/ir_base/models/log/COLCON_IGNORE
[0.737s] -- Installing: /home/giacomo/IR_LABS/Assignments/ws_07_assignments/install/ir_base/share/ir_base/models/log/build_2025-09-05_12-17-19
[0.737s] -- Installing: /home/giacomo/IR_LABS/Assignments/ws_07_assignments/install/ir_base/share/ir_base/models/log/build_2025-09-05_12-17-19/events.log
[0.737s] -- Installing: /home/giacomo/IR_LABS/Assignments/ws_07_assignments/install/ir_base/share/ir_base/models/log/build_2025-09-05_12-17-19/logger_all.log
[0.738s] -- Installing: /home/giacomo/IR_LABS/Assignments/ws_07_assignments/install/ir_base/share/ir_base/models/log/build_2025-09-05_12-23-38
[0.738s] -- Installing: /home/giacomo/IR_LABS/Assignments/ws_07_assignments/install/ir_base/share/ir_base/models/log/build_2025-09-05_12-23-38/events.log
[0.738s] -- Installing: /home/giacomo/IR_LABS/Assignments/ws_07_assignments/install/ir_base/share/ir_base/models/log/build_2025-09-05_12-23-38/logger_all.log
[0.738s] -- Installing: /home/giacomo/IR_LABS/Assignments/ws_07_assignments/install/ir_base/share/ir_base/models/log/latest_build
[0.739s] -- Installing: /home/giacomo/IR_LABS/Assignments/ws_07_assignments/install/ir_base/share/ir_base/models/log/build_2025-09-05_12-04-38
[0.739s] -- Installing: /home/giacomo/IR_LABS/Assignments/ws_07_assignments/install/ir_base/share/ir_base/models/log/build_2025-09-05_12-04-38/events.log
[0.739s] -- Installing: /home/giacomo/IR_LABS/Assignments/ws_07_assignments/install/ir_base/share/ir_base/models/log/build_2025-09-05_12-04-38/logger_all.log
[0.739s] -- Installing: /home/giacomo/IR_LABS/Assignments/ws_07_assignments/install/ir_base/share/ir_base/models/log/build_2025-09-05_12-18-28
[0.739s] -- Installing: /home/giacomo/IR_LABS/Assignments/ws_07_assignments/install/ir_base/share/ir_base/models/log/build_2025-09-05_12-18-28/events.log
[0.740s] -- Installing: /home/giacomo/IR_LABS/Assignments/ws_07_assignments/install/ir_base/share/ir_base/models/log/build_2025-09-05_12-18-28/logger_all.log
[0.740s] -- Installing: /home/giacomo/IR_LABS/Assignments/ws_07_assignments/install/ir_base/share/ir_base/models/log/build_2025-09-05_11-54-02
[0.740s] -- Installing: /home/giacomo/IR_LABS/Assignments/ws_07_assignments/install/ir_base/share/ir_base/models/log/build_2025-09-05_11-54-02/events.log
[0.741s] -- Installing: /home/giacomo/IR_LABS/Assignments/ws_07_assignments/install/ir_base/share/ir_base/models/log/build_2025-09-05_11-54-02/logger_all.log
[0.741s] -- Installing: /home/giacomo/IR_LABS/Assignments/ws_07_assignments/install/ir_base/share/ir_base/models/docks
[0.741s] -- Installing: /home/giacomo/IR_LABS/Assignments/ws_07_assignments/install/ir_base/share/ir_base/models/docks/unloading_station_0
[0.741s] -- Installing: /home/giacomo/IR_LABS/Assignments/ws_07_assignments/install/ir_base/share/ir_base/models/docks/unloading_station_0/model.sdf
[0.741s] -- Installing: /home/giacomo/IR_LABS/Assignments/ws_07_assignments/install/ir_base/share/ir_base/models/docks/unloading_station_0/model.config
[0.741s] -- Installing: /home/giacomo/IR_LABS/Assignments/ws_07_assignments/install/ir_base/share/ir_base/models/docks/loading_station_0
[0.741s] -- Installing: /home/giacomo/IR_LABS/Assignments/ws_07_assignments/install/ir_base/share/ir_base/models/docks/loading_station_0/model.sdf
[0.742s] -- Installing: /home/giacomo/IR_LABS/Assignments/ws_07_assignments/install/ir_base/share/ir_base/models/docks/loading_station_0/model.config
[0.742s] -- Installing: /home/giacomo/IR_LABS/Assignments/ws_07_assignments/install/ir_base/share/ir_base/models/docks/loading_station_1
[0.742s] -- Installing: /home/giacomo/IR_LABS/Assignments/ws_07_assignments/install/ir_base/share/ir_base/models/docks/loading_station_1/model.sdf
[0.742s] -- Installing: /home/giacomo/IR_LABS/Assignments/ws_07_assignments/install/ir_base/share/ir_base/models/docks/loading_station_1/model.config
[0.742s] -- Installing: /home/giacomo/IR_LABS/Assignments/ws_07_assignments/install/ir_base/share/ir_base/models/install
[0.742s] -- Installing: /home/giacomo/IR_LABS/Assignments/ws_07_assignments/install/ir_base/share/ir_base/models/install/setup.ps1
[0.742s] -- Installing: /home/giacomo/IR_LABS/Assignments/ws_07_assignments/install/ir_base/share/ir_base/models/install/setup.zsh
[0.742s] -- Installing: /home/giacomo/IR_LABS/Assignments/ws_07_assignments/install/ir_base/share/ir_base/models/install/_local_setup_util_ps1.py
[0.742s] -- Installing: /home/giacomo/IR_LABS/Assignments/ws_07_assignments/install/ir_base/share/ir_base/models/install/local_setup.ps1
[0.742s] -- Installing: /home/giacomo/IR_LABS/Assignments/ws_07_assignments/install/ir_base/share/ir_base/models/install/setup.bash
[0.742s] -- Installing: /home/giacomo/IR_LABS/Assignments/ws_07_assignments/install/ir_base/share/ir_base/models/install/local_setup.bash
[0.743s] -- Installing: /home/giacomo/IR_LABS/Assignments/ws_07_assignments/install/ir_base/share/ir_base/models/install/.colcon_install_layout
[0.743s] -- Installing: /home/giacomo/IR_LABS/Assignments/ws_07_assignments/install/ir_base/share/ir_base/models/install/COLCON_IGNORE
[0.743s] -- Installing: /home/giacomo/IR_LABS/Assignments/ws_07_assignments/install/ir_base/share/ir_base/models/install/local_setup.sh
[0.743s] -- Installing: /home/giacomo/IR_LABS/Assignments/ws_07_assignments/install/ir_base/share/ir_base/models/install/setup.sh
[0.743s] -- Installing: /home/giacomo/IR_LABS/Assignments/ws_07_assignments/install/ir_base/share/ir_base/models/install/_local_setup_util_sh.py
[0.743s] -- Installing: /home/giacomo/IR_LABS/Assignments/ws_07_assignments/install/ir_base/share/ir_base/models/install/local_setup.zsh
[0.744s] -- Installing: /home/giacomo/IR_LABS/Assignments/ws_07_assignments/install/ir_base/share/ir_base/models/artag
[0.744s] -- Installing: /home/giacomo/IR_LABS/Assignments/ws_07_assignments/install/ir_base/share/ir_base/models/artag/materials
[0.744s] -- Installing: /home/giacomo/IR_LABS/Assignments/ws_07_assignments/install/ir_base/share/ir_base/models/artag/materials/textures
[0.744s] -- Installing: /home/giacomo/IR_LABS/Assignments/ws_07_assignments/install/ir_base/share/ir_base/models/artag/materials/textures/tag36_11_00100.png
[0.744s] -- Installing: /home/giacomo/IR_LABS/Assignments/ws_07_assignments/install/ir_base/share/ir_base/models/artag/materials/textures/tag36_11_00004.png
[0.744s] -- Installing: /home/giacomo/IR_LABS/Assignments/ws_07_assignments/install/ir_base/share/ir_base/models/artag/materials/textures/tag36_11_00012.png
[0.744s] -- Installing: /home/giacomo/IR_LABS/Assignments/ws_07_assignments/install/ir_base/share/ir_base/models/artag/materials/textures/tag36_11_00005.png
[0.744s] -- Installing: /home/giacomo/IR_LABS/Assignments/ws_07_assignments/install/ir_base/share/ir_base/models/artag/materials/textures/tag36_11_00014.png
[0.745s] -- Installing: /home/giacomo/IR_LABS/Assignments/ws_07_assignments/install/ir_base/share/ir_base/models/artag/materials/textures/tag36_11_00000.png
[0.745s] -- Installing: /home/giacomo/IR_LABS/Assignments/ws_07_assignments/install/ir_base/share/ir_base/models/artag/materials/textures/tag36_11_00009.png
[0.746s] -- Installing: /home/giacomo/IR_LABS/Assignments/ws_07_assignments/install/ir_base/share/ir_base/models/artag/materials/textures/tag36_11_00010.png
[0.746s] -- Installing: /home/giacomo/IR_LABS/Assignments/ws_07_assignments/install/ir_base/share/ir_base/models/artag/materials/textures/tag36_11_00002.png
[0.747s] -- Installing: /home/giacomo/IR_LABS/Assignments/ws_07_assignments/install/ir_base/share/ir_base/models/artag/materials/textures/tag36_11_00008.png
[0.747s] -- Installing: /home/giacomo/IR_LABS/Assignments/ws_07_assignments/install/ir_base/share/ir_base/models/artag/materials/textures/tag36_11_00101.png
[0.747s] -- Installing: /home/giacomo/IR_LABS/Assignments/ws_07_assignments/install/ir_base/share/ir_base/models/artag/materials/textures/tag36_11_00011.png
[0.747s] -- Installing: /home/giacomo/IR_LABS/Assignments/ws_07_assignments/install/ir_base/share/ir_base/models/artag/materials/textures/tag36_11_00007.png
[0.748s] -- Installing: /home/giacomo/IR_LABS/Assignments/ws_07_assignments/install/ir_base/share/ir_base/models/artag/materials/textures/tag36_11_00015.png
[0.748s] -- Installing: /home/giacomo/IR_LABS/Assignments/ws_07_assignments/install/ir_base/share/ir_base/models/artag/materials/textures/tag36_11_00013.png
[0.748s] -- Installing: /home/giacomo/IR_LABS/Assignments/ws_07_assignments/install/ir_base/share/ir_base/models/artag/materials/textures/tag36_11_00006.png
[0.748s] -- Installing: /home/giacomo/IR_LABS/Assignments/ws_07_assignments/install/ir_base/share/ir_base/models/artag/materials/textures/tag36_11_00003.png
[0.749s] -- Installing: /home/giacomo/IR_LABS/Assignments/ws_07_assignments/install/ir_base/share/ir_base/models/artag/materials/textures/tag36_11_00001.png
[0.749s] -- Installing: /home/giacomo/IR_LABS/Assignments/ws_07_assignments/install/ir_base/share/ir_base/models/artag/materials/scripts
[0.749s] -- Installing: /home/giacomo/IR_LABS/Assignments/ws_07_assignments/install/ir_base/share/ir_base/models/artag/materials/scripts/artag6.material
[0.749s] -- Installing: /home/giacomo/IR_LABS/Assignments/ws_07_assignments/install/ir_base/share/ir_base/models/artag/materials/scripts/artag3.material
[0.749s] -- Installing: /home/giacomo/IR_LABS/Assignments/ws_07_assignments/install/ir_base/share/ir_base/models/artag/materials/scripts/artag7.material
[0.750s] -- Installing: /home/giacomo/IR_LABS/Assignments/ws_07_assignments/install/ir_base/share/ir_base/models/artag/materials/scripts/artag8.material
[0.750s] -- Installing: /home/giacomo/IR_LABS/Assignments/ws_07_assignments/install/ir_base/share/ir_base/models/artag/materials/scripts/artag13.material
[0.750s] -- Installing: /home/giacomo/IR_LABS/Assignments/ws_07_assignments/install/ir_base/share/ir_base/models/artag/materials/scripts/artag10.material
[0.750s] -- Installing: /home/giacomo/IR_LABS/Assignments/ws_07_assignments/install/ir_base/share/ir_base/models/artag/materials/scripts/artag4.material
[0.750s] -- Installing: /home/giacomo/IR_LABS/Assignments/ws_07_assignments/install/ir_base/share/ir_base/models/artag/materials/scripts/artag15.material
[0.751s] -- Installing: /home/giacomo/IR_LABS/Assignments/ws_07_assignments/install/ir_base/share/ir_base/models/artag/materials/scripts/artag0.material
[0.751s] -- Installing: /home/giacomo/IR_LABS/Assignments/ws_07_assignments/install/ir_base/share/ir_base/models/artag/materials/scripts/artag11.material
[0.751s] -- Installing: /home/giacomo/IR_LABS/Assignments/ws_07_assignments/install/ir_base/share/ir_base/models/artag/materials/scripts/artag12.material
[0.751s] -- Installing: /home/giacomo/IR_LABS/Assignments/ws_07_assignments/install/ir_base/share/ir_base/models/artag/materials/scripts/artag5.material
[0.751s] -- Installing: /home/giacomo/IR_LABS/Assignments/ws_07_assignments/install/ir_base/share/ir_base/models/artag/materials/scripts/artag1.material
[0.751s] -- Installing: /home/giacomo/IR_LABS/Assignments/ws_07_assignments/install/ir_base/share/ir_base/models/artag/materials/scripts/artag14.material
[0.751s] -- Installing: /home/giacomo/IR_LABS/Assignments/ws_07_assignments/install/ir_base/share/ir_base/models/artag/materials/scripts/artag2.material
[0.751s] -- Installing: /home/giacomo/IR_LABS/Assignments/ws_07_assignments/install/ir_base/share/ir_base/models/artag/materials/scripts/artag9.material
[0.751s] -- Installing: /home/giacomo/IR_LABS/Assignments/ws_07_assignments/install/ir_base/share/ir_base/models/artag/model.sdf
[0.751s] -- Installing: /home/giacomo/IR_LABS/Assignments/ws_07_assignments/install/ir_base/share/ir_base/models/artag/model.config
[0.752s] -- Installing: /home/giacomo/IR_LABS/Assignments/ws_07_assignments/install/ir_base/share/ir_base/models/objects
[0.752s] -- Installing: /home/giacomo/IR_LABS/Assignments/ws_07_assignments/install/ir_base/share/ir_base/models/objects/Triangle
[0.752s] -- Installing: /home/giacomo/IR_LABS/Assignments/ws_07_assignments/install/ir_base/share/ir_base/models/objects/Triangle/model.sdf
[0.752s] -- Installing: /home/giacomo/IR_LABS/Assignments/ws_07_assignments/install/ir_base/share/ir_base/models/objects/Triangle/meshes
[0.752s] -- Installing: /home/giacomo/IR_LABS/Assignments/ws_07_assignments/install/ir_base/share/ir_base/models/objects/Triangle/meshes/triangle.dae
[0.752s] -- Installing: /home/giacomo/IR_LABS/Assignments/ws_07_assignments/install/ir_base/share/ir_base/models/objects/Triangle/meshes/triangle_centered.stl
[0.752s] -- Installing: /home/giacomo/IR_LABS/Assignments/ws_07_assignments/install/ir_base/share/ir_base/models/objects/Triangle/model.config
[0.752s] -- Installing: /home/giacomo/IR_LABS/Assignments/ws_07_assignments/install/ir_base/share/ir_base/models/objects/OctagonBig
[0.752s] -- Installing: /home/giacomo/IR_LABS/Assignments/ws_07_assignments/install/ir_base/share/ir_base/models/objects/OctagonBig/model.sdf
[0.753s] -- Installing: /home/giacomo/IR_LABS/Assignments/ws_07_assignments/install/ir_base/share/ir_base/models/objects/OctagonBig/meshes
[0.753s] -- Installing: /home/giacomo/IR_LABS/Assignments/ws_07_assignments/install/ir_base/share/ir_base/models/objects/OctagonBig/meshes/octagon_big.dae
[0.753s] -- Installing: /home/giacomo/IR_LABS/Assignments/ws_07_assignments/install/ir_base/share/ir_base/models/objects/OctagonBig/model.config
[0.753s] -- Installing: /home/giacomo/IR_LABS/Assignments/ws_07_assignments/install/ir_base/share/ir_base/models/objects/Hexagon
[0.753s] -- Installing: /home/giacomo/IR_LABS/Assignments/ws_07_assignments/install/ir_base/share/ir_base/models/objects/Hexagon/model.sdf
[0.753s] -- Installing: /home/giacomo/IR_LABS/Assignments/ws_07_assignments/install/ir_base/share/ir_base/models/objects/Hexagon/meshes
[0.753s] -- Installing: /home/giacomo/IR_LABS/Assignments/ws_07_assignments/install/ir_base/share/ir_base/models/objects/Hexagon/meshes/hexagon.dae
[0.753s] -- Installing: /home/giacomo/IR_LABS/Assignments/ws_07_assignments/install/ir_base/share/ir_base/models/objects/Hexagon/model.config
[0.754s] -- Installing: /home/giacomo/IR_LABS/Assignments/ws_07_assignments/install/ir_base/share/ir_base/models/objects/OctagonSmall
[0.754s] -- Installing: /home/giacomo/IR_LABS/Assignments/ws_07_assignments/install/ir_base/share/ir_base/models/objects/OctagonSmall/model.sdf
[0.754s] -- Installing: /home/giacomo/IR_LABS/Assignments/ws_07_assignments/install/ir_base/share/ir_base/models/objects/OctagonSmall/meshes
[0.754s] -- Installing: /home/giacomo/IR_LABS/Assignments/ws_07_assignments/install/ir_base/share/ir_base/models/objects/OctagonSmall/meshes/octagon_small.dae
[0.754s] -- Installing: /home/giacomo/IR_LABS/Assignments/ws_07_assignments/install/ir_base/share/ir_base/models/objects/OctagonSmall/model.config
[0.754s] -- Installing: /home/giacomo/IR_LABS/Assignments/ws_07_assignments/install/ir_base/share/ir_base/models/build
[0.754s] -- Installing: /home/giacomo/IR_LABS/Assignments/ws_07_assignments/install/ir_base/share/ir_base/models/build/.built_by
[0.754s] -- Installing: /home/giacomo/IR_LABS/Assignments/ws_07_assignments/install/ir_base/share/ir_base/models/build/COLCON_IGNORE
[0.754s] -- Installing: /home/giacomo/IR_LABS/Assignments/ws_07_assignments/install/ir_base/share/ir_base/models/walls
[0.754s] -- Installing: /home/giacomo/IR_LABS/Assignments/ws_07_assignments/install/ir_base/share/ir_base/models/walls/arena_walls
[0.754s] -- Installing: /home/giacomo/IR_LABS/Assignments/ws_07_assignments/install/ir_base/share/ir_base/models/walls/arena_walls/model.sdf
[0.754s] -- Installing: /home/giacomo/IR_LABS/Assignments/ws_07_assignments/install/ir_base/share/ir_base/models/walls/arena_walls/meshes
[0.754s] -- Installing: /home/giacomo/IR_LABS/Assignments/ws_07_assignments/install/ir_base/share/ir_base/models/walls/arena_walls/meshes/arena.dae
[0.755s] -- Installing: /home/giacomo/IR_LABS/Assignments/ws_07_assignments/install/ir_base/share/ir_base/models/walls/arena_walls/model.config
[0.755s] -- Installing: /home/giacomo/IR_LABS/Assignments/ws_07_assignments/install/ir_base/share/ir_base/models/cafe_table
[0.755s] -- Installing: /home/giacomo/IR_LABS/Assignments/ws_07_assignments/install/ir_base/share/ir_base/models/cafe_table/materials
[0.755s] -- Installing: /home/giacomo/IR_LABS/Assignments/ws_07_assignments/install/ir_base/share/ir_base/models/cafe_table/materials/textures
[0.755s] -- Installing: /home/giacomo/IR_LABS/Assignments/ws_07_assignments/install/ir_base/share/ir_base/models/cafe_table/materials/textures/Wood_Floor_Dark.jpg
[0.755s] -- Installing: /home/giacomo/IR_LABS/Assignments/ws_07_assignments/install/ir_base/share/ir_base/models/cafe_table/materials/textures/Maple.jpg
[0.756s] -- Installing: /home/giacomo/IR_LABS/Assignments/ws_07_assignments/install/ir_base/share/ir_base/models/cafe_table/model.sdf
[0.756s] -- Installing: /home/giacomo/IR_LABS/Assignments/ws_07_assignments/install/ir_base/share/ir_base/models/cafe_table/model-1_4.sdf
[0.756s] -- Installing: /home/giacomo/IR_LABS/Assignments/ws_07_assignments/install/ir_base/share/ir_base/models/cafe_table/meshes
[0.756s] -- Installing: /home/giacomo/IR_LABS/Assignments/ws_07_assignments/install/ir_base/share/ir_base/models/cafe_table/meshes/cafe_table.dae
[0.756s] -- Installing: /home/giacomo/IR_LABS/Assignments/ws_07_assignments/install/ir_base/share/ir_base/models/cafe_table/model.config
[0.756s] -- Installing: /home/giacomo/IR_LABS/Assignments/ws_07_assignments/install/ir_base/share/ir_base/rviz
[0.756s] -- Installing: /home/giacomo/IR_LABS/Assignments/ws_07_assignments/install/ir_base/share/ir_base/rviz/exercise_4.rviz
[0.757s] -- Installing: /home/giacomo/IR_LABS/Assignments/ws_07_assignments/install/ir_base/share/ir_base/urdf
[0.757s] -- Installing: /home/giacomo/IR_LABS/Assignments/ws_07_assignments/install/ir_base/share/ir_base/urdf/turtlebot3_waffle.urdf
[0.757s] -- Installing: /home/giacomo/IR_LABS/Assignments/ws_07_assignments/install/ir_base/share/ir_base/urdf/camera.urdf
[0.769s] Invoked command in '/home/giacomo/IR_LABS/Assignments/ws_07_assignments/build/ir_base' returned '0': CMAKE_PREFIX_PATH=${CMAKE_PREFIX_PATH}:/opt/ros/jazzy DEBUGINFOD_URLS=https://debuginfod.ubuntu.com /usr/bin/cmake --install /home/giacomo/IR_LABS/Assignments/ws_07_assignments/build/ir_base
