[0.015s] Invoking command in '/home/giacomo/IR_LABS/Assignments/ws_07_assignments/build/ir_desription': CMAKE_PREFIX_PATH=${CMAKE_PREFIX_PATH}:/opt/ros/jazzy DEBUGINFOD_URLS=https://debuginfod.ubuntu.com /usr/bin/cmake /home/giacomo/IR_LABS/Assignments/ws_07_assignments/src/ir_2526/ir_desription -DCMAKE_INSTALL_PREFIX=/home/giacomo/IR_LABS/Assignments/ws_07_assignments/install/ir_desription
[0.055s] -- The C compiler identification is GNU 13.3.0
[0.101s] -- The CXX compiler identification is GNU 13.3.0
[0.113s] -- Detecting C compiler ABI info
[0.170s] -- Detecting C compiler ABI info - done
[0.176s] -- Check for working C compiler: /usr/bin/cc - skipped
[0.176s] -- Detecting C compile features
[0.177s] -- Detecting C compile features - done
[0.182s] -- Detecting CXX compiler ABI info
[0.255s] -- Detecting CXX compiler ABI info - done
[0.262s] -- Check for working CXX compiler: /usr/bin/c++ - skipped
[0.262s] -- Detecting CXX compile features
[0.262s] -- Detecting CXX compile features - done
[0.265s] -- Found ament_cmake: 2.5.4 (/opt/ros/jazzy/share/ament_cmake/cmake)
[0.377s] -- Found Python3: /usr/bin/python3 (found version "3.12.3") found components: Interpreter 
[0.469s] -- Found ament_lint_auto: 0.17.3 (/opt/ros/jazzy/share/ament_lint_auto/cmake)
[0.552s] -- Added test 'lint_cmake' to check CMake code style
[0.554s] -- Added test 'xmllint' to check XML markup files
[0.555s] -- Configuring done (0.5s)
[0.556s] -- Generating done (0.0s)
[0.557s] -- Build files have been written to: /home/giacomo/IR_LABS/Assignments/ws_07_assignments/build/ir_desription
[0.562s] Invoked command in '/home/giacomo/IR_LABS/Assignments/ws_07_assignments/build/ir_desription' returned '0': CMAKE_PREFIX_PATH=${CMAKE_PREFIX_PATH}:/opt/ros/jazzy DEBUGINFOD_URLS=https://debuginfod.ubuntu.com /usr/bin/cmake /home/giacomo/IR_LABS/Assignments/ws_07_assignments/src/ir_2526/ir_desription -DCMAKE_INSTALL_PREFIX=/home/giacomo/IR_LABS/Assignments/ws_07_assignments/install/ir_desription
[0.563s] Invoking command in '/home/giacomo/IR_LABS/Assignments/ws_07_assignments/build/ir_desription': CMAKE_PREFIX_PATH=${CMAKE_PREFIX_PATH}:/opt/ros/jazzy DEBUGINFOD_URLS=https://debuginfod.ubuntu.com /usr/bin/cmake --build /home/giacomo/IR_LABS/Assignments/ws_07_assignments/build/ir_desription -- -j16 -l16
[0.591s] Invoked command in '/home/giacomo/IR_LABS/Assignments/ws_07_assignments/build/ir_desription' returned '0': CMAKE_PREFIX_PATH=${CMAKE_PREFIX_PATH}:/opt/ros/jazzy DEBUGINFOD_URLS=https://debuginfod.ubuntu.com /usr/bin/cmake --build /home/giacomo/IR_LABS/Assignments/ws_07_assignments/build/ir_desription -- -j16 -l16
[0.597s] Invoking command in '/home/giacomo/IR_LABS/Assignments/ws_07_assignments/build/ir_desription': CMAKE_PREFIX_PATH=${CMAKE_PREFIX_PATH}:/opt/ros/jazzy DEBUGINFOD_URLS=https://debuginfod.ubuntu.com /usr/bin/cmake --install /home/giacomo/IR_LABS/Assignments/ws_07_assignments/build/ir_desription
[0.603s] -- Install configuration: ""
[0.603s] -- Installing: /home/giacomo/IR_LABS/Assignments/ws_07_assignments/install/ir_desription/share/ament_index/resource_index/package_run_dependencies/ir_desription
[0.603s] -- Installing: /home/giacomo/IR_LABS/Assignments/ws_07_assignments/install/ir_desription/share/ament_index/resource_index/parent_prefix_path/ir_desription
[0.603s] -- Installing: /home/giacomo/IR_LABS/Assignments/ws_07_assignments/install/ir_desription/share/ir_desription/environment/ament_prefix_path.sh
[0.603s] -- Installing: /home/giacomo/IR_LABS/Assignments/ws_07_assignments/install/ir_desription/share/ir_desription/environment/ament_prefix_path.dsv
[0.603s] -- Installing: /home/giacomo/IR_LABS/Assignments/ws_07_assignments/install/ir_desription/share/ir_desription/environment/path.sh
[0.603s] -- Installing: /home/giacomo/IR_LABS/Assignments/ws_07_assignments/install/ir_desription/share/ir_desription/environment/path.dsv
[0.603s] -- Installing: /home/giacomo/IR_LABS/Assignments/ws_07_assignments/install/ir_desription/share/ir_desription/local_setup.bash
[0.603s] -- Installing: /home/giacomo/IR_LABS/Assignments/ws_07_assignments/install/ir_desription/share/ir_desription/local_setup.sh
[0.603s] -- Installing: /home/giacomo/IR_LABS/Assignments/ws_07_assignments/install/ir_desription/share/ir_desription/local_setup.zsh
[0.604s] -- Installing: /home/giacomo/IR_LABS/Assignments/ws_07_assignments/install/ir_desription/share/ir_desription/local_setup.dsv
[0.604s] -- Installing: /home/giacomo/IR_LABS/Assignments/ws_07_assignments/install/ir_desription/share/ir_desription/package.dsv
[0.604s] -- Installing: /home/giacomo/IR_LABS/Assignments/ws_07_assignments/install/ir_desription/share/ament_index/resource_index/packages/ir_desription
[0.604s] -- Installing: /home/giacomo/IR_LABS/Assignments/ws_07_assignments/install/ir_desription/share/ir_desription/cmake/ir_desriptionConfig.cmake
[0.604s] -- Installing: /home/giacomo/IR_LABS/Assignments/ws_07_assignments/install/ir_desription/share/ir_desription/cmake/ir_desriptionConfig-version.cmake
[0.604s] -- Installing: /home/giacomo/IR_LABS/Assignments/ws_07_assignments/install/ir_desription/share/ir_desription/package.xml
[0.604s] -- Installing: /home/giacomo/IR_LABS/Assignments/ws_07_assignments/install/ir_desription/share/ir_desription/meshes
[0.604s] -- Installing: /home/giacomo/IR_LABS/Assignments/ws_07_assignments/install/ir_desription/share/ir_desription/meshes/ur5
[0.604s] -- Installing: /home/giacomo/IR_LABS/Assignments/ws_07_assignments/install/ir_desription/share/ir_desription/meshes/ur5/collision
[0.604s] -- Installing: /home/giacomo/IR_LABS/Assignments/ws_07_assignments/install/ir_desription/share/ir_desription/meshes/ur5/collision/base.stl
[0.604s] -- Installing: /home/giacomo/IR_LABS/Assignments/ws_07_assignments/install/ir_desription/share/ir_desription/meshes/ur5/collision/wrist1.stl
[0.604s] -- Installing: /home/giacomo/IR_LABS/Assignments/ws_07_assignments/install/ir_desription/share/ir_desription/meshes/ur5/collision/forearm.stl
[0.604s] -- Installing: /home/giacomo/IR_LABS/Assignments/ws_07_assignments/install/ir_desription/share/ir_desription/meshes/ur5/collision/upperarm.stl
[0.604s] -- Installing: /home/giacomo/IR_LABS/Assignments/ws_07_assignments/install/ir_desription/share/ir_desription/meshes/ur5/collision/shoulder.stl
[0.604s] -- Installing: /home/giacomo/IR_LABS/Assignments/ws_07_assignments/install/ir_desription/share/ir_desription/meshes/ur5/collision/wrist2.stl
[0.604s] -- Installing: /home/giacomo/IR_LABS/Assignments/ws_07_assignments/install/ir_desription/share/ir_desription/meshes/ur5/collision/wrist3.stl
[0.604s] -- Installing: /home/giacomo/IR_LABS/Assignments/ws_07_assignments/install/ir_desription/share/ir_desription/meshes/ur5/visual
[0.604s] -- Installing: /home/giacomo/IR_LABS/Assignments/ws_07_assignments/install/ir_desription/share/ir_desription/meshes/ur5/visual/upperarm.dae
[0.605s] -- Installing: /home/giacomo/IR_LABS/Assignments/ws_07_assignments/install/ir_desription/share/ir_desription/meshes/ur5/visual/wrist2.dae
[0.606s] -- Installing: /home/giacomo/IR_LABS/Assignments/ws_07_assignments/install/ir_desription/share/ir_desription/meshes/ur5/visual/wrist3.dae
[0.606s] -- Installing: /home/giacomo/IR_LABS/Assignments/ws_07_assignments/install/ir_desription/share/ir_desription/meshes/ur5/visual/base.dae
[0.606s] -- Installing: /home/giacomo/IR_LABS/Assignments/ws_07_assignments/install/ir_desription/share/ir_desription/meshes/ur5/visual/forearm.dae
[0.607s] -- Installing: /home/giacomo/IR_LABS/Assignments/ws_07_assignments/install/ir_desription/share/ir_desription/meshes/ur5/visual/wrist1.dae
[0.608s] -- Installing: /home/giacomo/IR_LABS/Assignments/ws_07_assignments/install/ir_desription/share/ir_desription/meshes/ur5/visual/shoulder.dae
[0.609s] -- Installing: /home/giacomo/IR_LABS/Assignments/ws_07_assignments/install/ir_desription/share/ir_desription/config
[0.609s] -- Installing: /home/giacomo/IR_LABS/Assignments/ws_07_assignments/install/ir_desription/share/ir_desription/config/initial_positions.yaml
[0.610s] -- Installing: /home/giacomo/IR_LABS/Assignments/ws_07_assignments/install/ir_desription/share/ir_desription/config/ur5
[0.610s] -- Installing: /home/giacomo/IR_LABS/Assignments/ws_07_assignments/install/ir_desription/share/ir_desription/config/ur5/default_kinematics.yaml
[0.610s] -- Installing: /home/giacomo/IR_LABS/Assignments/ws_07_assignments/install/ir_desription/share/ir_desription/config/ur5/visual_parameters.yaml
[0.610s] -- Installing: /home/giacomo/IR_LABS/Assignments/ws_07_assignments/install/ir_desription/share/ir_desription/config/ur5/joint_limits.yaml
[0.610s] -- Installing: /home/giacomo/IR_LABS/Assignments/ws_07_assignments/install/ir_desription/share/ir_desription/config/ur5/physical_parameters.yaml
[0.610s] -- Installing: /home/giacomo/IR_LABS/Assignments/ws_07_assignments/install/ir_desription/share/ir_desription/urdf
[0.610s] -- Installing: /home/giacomo/IR_LABS/Assignments/ws_07_assignments/install/ir_desription/share/ir_desription/urdf/ur_gz.ros2_control.xacro
[0.610s] -- Installing: /home/giacomo/IR_LABS/Assignments/ws_07_assignments/install/ir_desription/share/ir_desription/urdf/ur_gripper_backup.urdf
[0.610s] -- Installing: /home/giacomo/IR_LABS/Assignments/ws_07_assignments/install/ir_desription/share/ir_desription/urdf/original.urdf
[0.610s] -- Installing: /home/giacomo/IR_LABS/Assignments/ws_07_assignments/install/ir_desription/share/ir_desription/urdf/ros2_control_mock_hardware.xacro
[0.610s] -- Installing: /home/giacomo/IR_LABS/Assignments/ws_07_assignments/install/ir_desription/share/ir_desription/urdf/inc
[0.610s] -- Installing: /home/giacomo/IR_LABS/Assignments/ws_07_assignments/install/ir_desription/share/ir_desription/urdf/inc/ur_joint_control.xacro
[0.610s] -- Installing: /home/giacomo/IR_LABS/Assignments/ws_07_assignments/install/ir_desription/share/ir_desription/urdf/inc/ur_transmissions.xacro
[0.610s] -- Installing: /home/giacomo/IR_LABS/Assignments/ws_07_assignments/install/ir_desription/share/ir_desription/urdf/inc/ur_common.xacro
[0.610s] -- Installing: /home/giacomo/IR_LABS/Assignments/ws_07_assignments/install/ir_desription/share/ir_desription/urdf/inc/ur_sensors.xacro
[0.610s] -- Installing: /home/giacomo/IR_LABS/Assignments/ws_07_assignments/install/ir_desription/share/ir_desription/urdf/ur_gripper_base.urdf
[0.610s] -- Installing: /home/giacomo/IR_LABS/Assignments/ws_07_assignments/install/ir_desription/share/ir_desription/urdf/ur_gripper.urdf.xacro
[0.610s] -- Installing: /home/giacomo/IR_LABS/Assignments/ws_07_assignments/install/ir_desription/share/ir_desription/urdf/ur.urdf.xacro
[0.611s] -- Installing: /home/giacomo/IR_LABS/Assignments/ws_07_assignments/install/ir_desription/share/ir_desription/urdf/ur_gripper.urdf
[0.611s] -- Installing: /home/giacomo/IR_LABS/Assignments/ws_07_assignments/install/ir_desription/share/ir_desription/urdf/ur_mocked.urdf.xacro
[0.611s] -- Installing: /home/giacomo/IR_LABS/Assignments/ws_07_assignments/install/ir_desription/share/ir_desription/urdf/ur_macro.xacro
[0.611s] -- Installing: /home/giacomo/IR_LABS/Assignments/ws_07_assignments/install/ir_desription/share/ir_desription/urdf/robotiq_d.urdf
[0.611s] Invoked command in '/home/giacomo/IR_LABS/Assignments/ws_07_assignments/build/ir_desription' returned '0': CMAKE_PREFIX_PATH=${CMAKE_PREFIX_PATH}:/opt/ros/jazzy DEBUGINFOD_URLS=https://debuginfod.ubuntu.com /usr/bin/cmake --install /home/giacomo/IR_LABS/Assignments/ws_07_assignments/build/ir_desription
