[0.027s] Invoking command in '/home/giacomo/IR_LABS/Assignments/ws_07_assignments/build/assignment_1_07': CMAKE_PREFIX_PATH=${CMAKE_PREFIX_PATH}:/opt/ros/jazzy DEBUGINFOD_URLS=https://debuginfod.ubuntu.com /usr/bin/cmake --build /home/giacomo/IR_LABS/Assignments/ws_07_assignments/build/assignment_1_07 -- -j16 -l16
[0.058s] -- Found ament_cmake: 2.5.4 (/opt/ros/jazzy/share/ament_cmake/cmake)
[0.334s] -- Found rclcpp: 28.1.12 (/opt/ros/jazzy/share/rclcpp/cmake)
[0.362s] -- Found rosidl_generator_c: 4.6.6 (/opt/ros/jazzy/share/rosidl_generator_c/cmake)
[0.370s] -- Found rosidl_generator_cpp: 4.6.6 (/opt/ros/jazzy/share/rosidl_generator_cpp/cmake)
[0.380s] -- Using all available rosidl_typesupport_c: rosidl_typesupport_fastrtps_c;rosidl_typesupport_introspection_c
[0.392s] -- Using all available rosidl_typesupport_cpp: rosidl_typesupport_fastrtps_cpp;rosidl_typesupport_introspection_cpp
[0.450s] -- Found rmw_implementation_cmake: 7.3.2 (/opt/ros/jazzy/share/rmw_implementation_cmake/cmake)
[0.452s] -- Found rmw_fastrtps_cpp: 8.4.3 (/opt/ros/jazzy/share/rmw_fastrtps_cpp/cmake)
[0.529s] -- Using RMW implementation 'rmw_fastrtps_cpp' as default
[0.599s] -- Found tf2: 0.36.14 (/opt/ros/jazzy/share/tf2/cmake)
[0.631s] -- Found tf2_ros: 0.36.14 (/opt/ros/jazzy/share/tf2_ros/cmake)
[0.728s] -- Found tf2_geometry_msgs: 0.36.14 (/opt/ros/jazzy/share/tf2_geometry_msgs/cmake)
[0.732s] -- Found eigen3_cmake_module: 0.3.0 (/opt/ros/jazzy/share/eigen3_cmake_module/cmake)
[0.733s] -- Ensuring Eigen3 include directory is part of orocos-kdl CMake target
[0.734s] -- Found apriltag_msgs: 2.0.1 (/opt/ros/jazzy/share/apriltag_msgs/cmake)
[0.876s] -- Configuring done (0.8s)
[0.891s] -- Generating done (0.0s)
[0.896s] -- Build files have been written to: /home/giacomo/IR_LABS/Assignments/ws_07_assignments/build/assignment_1_07
[0.964s] [ 50%] [32mBuilding CXX object CMakeFiles/goal_selector.dir/src/goal_selector.cpp.o[0m
[3.519s] [01m[K/home/giacomo/IR_LABS/Assignments/ws_07_assignments/src/assignment_1_07/src/goal_selector.cpp:[m[K In member function ‘[01m[Kvoid GoalSelector::[01;32m[KdetectionsCallback[m[K(apriltag_msgs::msg::AprilTagDetectionArray_<std::allocator<void> >::SharedPtr)[m[K’:
[3.519s] [01m[K/home/giacomo/IR_LABS/Assignments/ws_07_assignments/src/assignment_1_07/src/goal_selector.cpp:44:35:[m[K [01;31m[Kerror: [m[K‘[01m[Kconst struct apriltag_msgs::msg::AprilTagDetection_<std::allocator<void> >[m[K’ has no member named ‘[01m[Kpose[m[K’
[3.519s]    44 |             pose_cam.header = det.[01;31m[Kpose[m[K.header;
[3.520s]       |                                   [01;31m[K^~~~[m[K
[3.520s] [01m[K/home/giacomo/IR_LABS/Assignments/ws_07_assignments/src/assignment_1_07/src/goal_selector.cpp:45:33:[m[K [01;31m[Kerror: [m[K‘[01m[Kconst struct apriltag_msgs::msg::AprilTagDetection_<std::allocator<void> >[m[K’ has no member named ‘[01m[Kpose[m[K’
[3.520s]    45 |             pose_cam.pose = det.[01;31m[Kpose[m[K.pose.pose;
[3.520s]       |                                 [01;31m[K^~~~[m[K
[6.381s] gmake[2]: *** [CMakeFiles/goal_selector.dir/build.make:76: CMakeFiles/goal_selector.dir/src/goal_selector.cpp.o] Error 1
[6.381s] gmake[1]: *** [CMakeFiles/Makefile2:137: CMakeFiles/goal_selector.dir/all] Error 2
[6.381s] gmake: *** [Makefile:146: all] Error 2
[6.384s] Invoked command in '/home/giacomo/IR_LABS/Assignments/ws_07_assignments/build/assignment_1_07' returned '2': CMAKE_PREFIX_PATH=${CMAKE_PREFIX_PATH}:/opt/ros/jazzy DEBUGINFOD_URLS=https://debuginfod.ubuntu.com /usr/bin/cmake --build /home/giacomo/IR_LABS/Assignments/ws_07_assignments/build/assignment_1_07 -- -j16 -l16
