[0.014s] Invoking command in '/home/giacomo/IR_LABS/Assignments/ws_07_assignments/build/ir_desription': CMAKE_PREFIX_PATH=${CMAKE_PREFIX_PATH}:/opt/ros/jazzy DEBUGINFOD_URLS=https://debuginfod.ubuntu.com /usr/bin/cmake /home/giacomo/IR_LABS/Assignments/ws_07_assignments/src/ir_2526/ir_desription -DCMAKE_INSTALL_PREFIX=/home/giacomo/IR_LABS/Assignments/ws_07_assignments/install/ir_desription
[0.058s] -- The C compiler identification is GNU 13.3.0
[0.099s] -- The CXX compiler identification is GNU 13.3.0
[0.112s] -- Detecting C compiler ABI info
[0.177s] -- Detecting C compiler ABI info - done
[0.183s] -- Check for working C compiler: /usr/bin/cc - skipped
[0.184s] -- Detecting C compile features
[0.184s] -- Detecting C compile features - done
[0.190s] -- Detecting CXX compiler ABI info
[0.258s] -- Detecting CXX compiler ABI info - done
[0.267s] -- Check for working CXX compiler: /usr/bin/c++ - skipped
[0.267s] -- Detecting CXX compile features
[0.267s] -- Detecting CXX compile features - done
[0.274s] -- Found ament_cmake: 2.5.4 (/opt/ros/jazzy/share/ament_cmake/cmake)
[0.395s] -- Found Python3: /usr/bin/python3 (found version "3.12.3") found components: Interpreter 
[0.495s] -- Found ament_lint_auto: 0.17.3 (/opt/ros/jazzy/share/ament_lint_auto/cmake)
[0.584s] -- Added test 'lint_cmake' to check CMake code style
[0.585s] -- Added test 'xmllint' to check XML markup files
[0.586s] -- Configuring done (0.6s)
[0.588s] -- Generating done (0.0s)
[0.589s] -- Build files have been written to: /home/giacomo/IR_LABS/Assignments/ws_07_assignments/build/ir_desription
[0.592s] Invoked command in '/home/giacomo/IR_LABS/Assignments/ws_07_assignments/build/ir_desription' returned '0': CMAKE_PREFIX_PATH=${CMAKE_PREFIX_PATH}:/opt/ros/jazzy DEBUGINFOD_URLS=https://debuginfod.ubuntu.com /usr/bin/cmake /home/giacomo/IR_LABS/Assignments/ws_07_assignments/src/ir_2526/ir_desription -DCMAKE_INSTALL_PREFIX=/home/giacomo/IR_LABS/Assignments/ws_07_assignments/install/ir_desription
[0.593s] Invoking command in '/home/giacomo/IR_LABS/Assignments/ws_07_assignments/build/ir_desription': CMAKE_PREFIX_PATH=${CMAKE_PREFIX_PATH}:/opt/ros/jazzy DEBUGINFOD_URLS=https://debuginfod.ubuntu.com /usr/bin/cmake --build /home/giacomo/IR_LABS/Assignments/ws_07_assignments/build/ir_desription -- -j16 -l16
[0.622s] Invoked command in '/home/giacomo/IR_LABS/Assignments/ws_07_assignments/build/ir_desription' returned '0': CMAKE_PREFIX_PATH=${CMAKE_PREFIX_PATH}:/opt/ros/jazzy DEBUGINFOD_URLS=https://debuginfod.ubuntu.com /usr/bin/cmake --build /home/giacomo/IR_LABS/Assignments/ws_07_assignments/build/ir_desription -- -j16 -l16
[0.628s] Invoking command in '/home/giacomo/IR_LABS/Assignments/ws_07_assignments/build/ir_desription': CMAKE_PREFIX_PATH=${CMAKE_PREFIX_PATH}:/opt/ros/jazzy DEBUGINFOD_URLS=https://debuginfod.ubuntu.com /usr/bin/cmake --install /home/giacomo/IR_LABS/Assignments/ws_07_assignments/build/ir_desription
[0.635s] -- Install configuration: ""
[0.636s] -- Installing: /home/giacomo/IR_LABS/Assignments/ws_07_assignments/install/ir_desription/share/ament_index/resource_index/package_run_dependencies/ir_desription
[0.636s] -- Installing: /home/giacomo/IR_LABS/Assignments/ws_07_assignments/install/ir_desription/share/ament_index/resource_index/parent_prefix_path/ir_desription
[0.636s] -- Installing: /home/giacomo/IR_LABS/Assignments/ws_07_assignments/install/ir_desription/share/ir_desription/environment/ament_prefix_path.sh
[0.636s] -- Installing: /home/giacomo/IR_LABS/Assignments/ws_07_assignments/install/ir_desription/share/ir_desription/environment/ament_prefix_path.dsv
[0.636s] -- Installing: /home/giacomo/IR_LABS/Assignments/ws_07_assignments/install/ir_desription/share/ir_desription/environment/path.sh
[0.636s] -- Installing: /home/giacomo/IR_LABS/Assignments/ws_07_assignments/install/ir_desription/share/ir_desription/environment/path.dsv
[0.636s] -- Installing: /home/giacomo/IR_LABS/Assignments/ws_07_assignments/install/ir_desription/share/ir_desription/local_setup.bash
[0.637s] -- Installing: /home/giacomo/IR_LABS/Assignments/ws_07_assignments/install/ir_desription/share/ir_desription/local_setup.sh
[0.637s] -- Installing: /home/giacomo/IR_LABS/Assignments/ws_07_assignments/install/ir_desription/share/ir_desription/local_setup.zsh
[0.637s] -- Installing: /home/giacomo/IR_LABS/Assignments/ws_07_assignments/install/ir_desription/share/ir_desription/local_setup.dsv
[0.637s] -- Installing: /home/giacomo/IR_LABS/Assignments/ws_07_assignments/install/ir_desription/share/ir_desription/package.dsv
[0.637s] -- Installing: /home/giacomo/IR_LABS/Assignments/ws_07_assignments/install/ir_desription/share/ament_index/resource_index/packages/ir_desription
[0.637s] -- Installing: /home/giacomo/IR_LABS/Assignments/ws_07_assignments/install/ir_desription/share/ir_desription/cmake/ir_desriptionConfig.cmake
[0.637s] -- Installing: /home/giacomo/IR_LABS/Assignments/ws_07_assignments/install/ir_desription/share/ir_desription/cmake/ir_desriptionConfig-version.cmake
[0.637s] -- Installing: /home/giacomo/IR_LABS/Assignments/ws_07_assignments/install/ir_desription/share/ir_desription/package.xml
[0.637s] -- Installing: /home/giacomo/IR_LABS/Assignments/ws_07_assignments/install/ir_desription/share/ir_desription/meshes
[0.637s] -- Installing: /home/giacomo/IR_LABS/Assignments/ws_07_assignments/install/ir_desription/share/ir_desription/meshes/ur5
[0.637s] -- Installing: /home/giacomo/IR_LABS/Assignments/ws_07_assignments/install/ir_desription/share/ir_desription/meshes/ur5/collision
[0.637s] -- Installing: /home/giacomo/IR_LABS/Assignments/ws_07_assignments/install/ir_desription/share/ir_desription/meshes/ur5/collision/base.stl
[0.637s] -- Installing: /home/giacomo/IR_LABS/Assignments/ws_07_assignments/install/ir_desription/share/ir_desription/meshes/ur5/collision/wrist1.stl
[0.637s] -- Installing: /home/giacomo/IR_LABS/Assignments/ws_07_assignments/install/ir_desription/share/ir_desription/meshes/ur5/collision/forearm.stl
[0.637s] -- Installing: /home/giacomo/IR_LABS/Assignments/ws_07_assignments/install/ir_desription/share/ir_desription/meshes/ur5/collision/upperarm.stl
[0.637s] -- Installing: /home/giacomo/IR_LABS/Assignments/ws_07_assignments/install/ir_desription/share/ir_desription/meshes/ur5/collision/shoulder.stl
[0.637s] -- Installing: /home/giacomo/IR_LABS/Assignments/ws_07_assignments/install/ir_desription/share/ir_desription/meshes/ur5/collision/wrist2.stl
[0.637s] -- Installing: /home/giacomo/IR_LABS/Assignments/ws_07_assignments/install/ir_desription/share/ir_desription/meshes/ur5/collision/wrist3.stl
[0.637s] -- Installing: /home/giacomo/IR_LABS/Assignments/ws_07_assignments/install/ir_desription/share/ir_desription/meshes/ur5/visual
[0.637s] -- Installing: /home/giacomo/IR_LABS/Assignments/ws_07_assignments/install/ir_desription/share/ir_desription/meshes/ur5/visual/upperarm.dae
[0.638s] -- Installing: /home/giacomo/IR_LABS/Assignments/ws_07_assignments/install/ir_desription/share/ir_desription/meshes/ur5/visual/wrist2.dae
[0.639s] -- Installing: /home/giacomo/IR_LABS/Assignments/ws_07_assignments/install/ir_desription/share/ir_desription/meshes/ur5/visual/wrist3.dae
[0.639s] -- Installing: /home/giacomo/IR_LABS/Assignments/ws_07_assignments/install/ir_desription/share/ir_desription/meshes/ur5/visual/base.dae
[0.639s] -- Installing: /home/giacomo/IR_LABS/Assignments/ws_07_assignments/install/ir_desription/share/ir_desription/meshes/ur5/visual/forearm.dae
[0.641s] -- Installing: /home/giacomo/IR_LABS/Assignments/ws_07_assignments/install/ir_desription/share/ir_desription/meshes/ur5/visual/wrist1.dae
[0.641s] -- Installing: /home/giacomo/IR_LABS/Assignments/ws_07_assignments/install/ir_desription/share/ir_desription/meshes/ur5/visual/shoulder.dae
[0.641s] -- Installing: /home/giacomo/IR_LABS/Assignments/ws_07_assignments/install/ir_desription/share/ir_desription/config
[0.641s] -- Installing: /home/giacomo/IR_LABS/Assignments/ws_07_assignments/install/ir_desription/share/ir_desription/config/initial_positions.yaml
[0.641s] -- Installing: /home/giacomo/IR_LABS/Assignments/ws_07_assignments/install/ir_desription/share/ir_desription/config/ur5
[0.641s] -- Installing: /home/giacomo/IR_LABS/Assignments/ws_07_assignments/install/ir_desription/share/ir_desription/config/ur5/default_kinematics.yaml
[0.641s] -- Installing: /home/giacomo/IR_LABS/Assignments/ws_07_assignments/install/ir_desription/share/ir_desription/config/ur5/visual_parameters.yaml
[0.641s] -- Installing: /home/giacomo/IR_LABS/Assignments/ws_07_assignments/install/ir_desription/share/ir_desription/config/ur5/joint_limits.yaml
[0.641s] -- Installing: /home/giacomo/IR_LABS/Assignments/ws_07_assignments/install/ir_desription/share/ir_desription/config/ur5/physical_parameters.yaml
[0.641s] -- Installing: /home/giacomo/IR_LABS/Assignments/ws_07_assignments/install/ir_desription/share/ir_desription/urdf
[0.642s] -- Installing: /home/giacomo/IR_LABS/Assignments/ws_07_assignments/install/ir_desription/share/ir_desription/urdf/ur_gz.ros2_control.xacro
[0.642s] -- Installing: /home/giacomo/IR_LABS/Assignments/ws_07_assignments/install/ir_desription/share/ir_desription/urdf/ur_gripper_backup.urdf
[0.642s] -- Installing: /home/giacomo/IR_LABS/Assignments/ws_07_assignments/install/ir_desription/share/ir_desription/urdf/original.urdf
[0.642s] -- Installing: /home/giacomo/IR_LABS/Assignments/ws_07_assignments/install/ir_desription/share/ir_desription/urdf/ros2_control_mock_hardware.xacro
[0.642s] -- Installing: /home/giacomo/IR_LABS/Assignments/ws_07_assignments/install/ir_desription/share/ir_desription/urdf/inc
[0.642s] -- Installing: /home/giacomo/IR_LABS/Assignments/ws_07_assignments/install/ir_desription/share/ir_desription/urdf/inc/ur_joint_control.xacro
[0.642s] -- Installing: /home/giacomo/IR_LABS/Assignments/ws_07_assignments/install/ir_desription/share/ir_desription/urdf/inc/ur_transmissions.xacro
[0.642s] -- Installing: /home/giacomo/IR_LABS/Assignments/ws_07_assignments/install/ir_desription/share/ir_desription/urdf/inc/ur_common.xacro
[0.642s] -- Installing: /home/giacomo/IR_LABS/Assignments/ws_07_assignments/install/ir_desription/share/ir_desription/urdf/inc/ur_sensors.xacro
[0.642s] -- Installing: /home/giacomo/IR_LABS/Assignments/ws_07_assignments/install/ir_desription/share/ir_desription/urdf/ur_gripper_base.urdf
[0.642s] -- Installing: /home/giacomo/IR_LABS/Assignments/ws_07_assignments/install/ir_desription/share/ir_desription/urdf/ur_gripper.urdf.xacro
[0.642s] -- Installing: /home/giacomo/IR_LABS/Assignments/ws_07_assignments/install/ir_desription/share/ir_desription/urdf/ur.urdf.xacro
[0.642s] -- Installing: /home/giacomo/IR_LABS/Assignments/ws_07_assignments/install/ir_desription/share/ir_desription/urdf/ur_gripper.urdf
[0.642s] -- Installing: /home/giacomo/IR_LABS/Assignments/ws_07_assignments/install/ir_desription/share/ir_desription/urdf/ur_mocked.urdf.xacro
[0.642s] -- Installing: /home/giacomo/IR_LABS/Assignments/ws_07_assignments/install/ir_desription/share/ir_desription/urdf/ur_macro.xacro
[0.642s] -- Installing: /home/giacomo/IR_LABS/Assignments/ws_07_assignments/install/ir_desription/share/ir_desription/urdf/robotiq_d.urdf
[0.659s] Invoked command in '/home/giacomo/IR_LABS/Assignments/ws_07_assignments/build/ir_desription' returned '0': CMAKE_PREFIX_PATH=${CMAKE_PREFIX_PATH}:/opt/ros/jazzy DEBUGINFOD_URLS=https://debuginfod.ubuntu.com /usr/bin/cmake --install /home/giacomo/IR_LABS/Assignments/ws_07_assignments/build/ir_desription
