[0.103s] DEBUG:colcon:Command line arguments: ['/usr/bin/colcon', 'build']
[0.103s] DEBUG:colcon:Parsed command line arguments: Namespace(log_base=None, log_level=None, verb_name='build', build_base='build', install_base='install', merge_install=False, symlink_install=False, test_result_base=None, continue_on_error=False, executor='parallel', parallel_workers=16, event_handlers=None, ignore_user_meta=False, metas=['./colcon.meta'], base_paths=['.'], packages_ignore=None, packages_ignore_regex=None, paths=None, packages_up_to=None, packages_up_to_regex=None, packages_above=None, packages_above_and_dependencies=None, packages_above_depth=None, packages_select_by_dep=None, packages_skip_by_dep=None, packages_skip_up_to=None, packages_select_build_failed=False, packages_skip_build_finished=False, packages_select_test_failures=False, packages_skip_test_passed=False, packages_select=None, packages_skip=None, packages_select_regex=None, packages_skip_regex=None, packages_start=None, packages_end=None, allow_overriding=[], cmake_args=None, cmake_target=None, cmake_target_skip_unavailable=False, cmake_clean_cache=False, cmake_clean_first=False, cmake_force_configure=False, ament_cmake_args=None, catkin_cmake_args=None, catkin_skip_building_tests=False, verb_parser=<colcon_defaults.argument_parser.defaults.DefaultArgumentsDecorator object at 0x7614ef2023f0>, verb_extension=<colcon_core.verb.build.BuildVerb object at 0x7614ef39a6c0>, main=<bound method BuildVerb.main of <colcon_core.verb.build.BuildVerb object at 0x7614ef39a6c0>>)
[0.142s] Level 1:colcon.colcon_core.package_discovery:discover_packages(colcon_meta) check parameters
[0.142s] Level 1:colcon.colcon_core.package_discovery:discover_packages(recursive) check parameters
[0.142s] Level 1:colcon.colcon_core.package_discovery:discover_packages(ignore) check parameters
[0.142s] Level 1:colcon.colcon_core.package_discovery:discover_packages(path) check parameters
[0.142s] Level 1:colcon.colcon_core.package_discovery:discover_packages(colcon_meta) discover
[0.142s] Level 1:colcon.colcon_core.package_discovery:discover_packages(recursive) discover
[0.142s] INFO:colcon.colcon_core.package_discovery:Crawling recursively for packages in '/home/giacomo/IR_LABS/Assignments/ws_07_assignments'
[0.142s] Level 1:colcon.colcon_core.package_identification:_identify(.) by extensions ['ignore', 'ignore_ament_install']
[0.142s] Level 1:colcon.colcon_core.package_identification:_identify(.) by extension 'ignore'
[0.143s] Level 1:colcon.colcon_core.package_identification:_identify(.) by extension 'ignore_ament_install'
[0.143s] Level 1:colcon.colcon_core.package_identification:_identify(.) by extensions ['colcon_pkg']
[0.143s] Level 1:colcon.colcon_core.package_identification:_identify(.) by extension 'colcon_pkg'
[0.143s] Level 1:colcon.colcon_core.package_identification:_identify(.) by extensions ['colcon_meta']
[0.143s] Level 1:colcon.colcon_core.package_identification:_identify(.) by extension 'colcon_meta'
[0.143s] Level 1:colcon.colcon_core.package_identification:_identify(.) by extensions ['ros']
[0.143s] Level 1:colcon.colcon_core.package_identification:_identify(.) by extension 'ros'
[0.169s] Level 1:colcon.colcon_core.package_identification:_identify(.) by extensions ['cmake', 'python']
[0.169s] Level 1:colcon.colcon_core.package_identification:_identify(.) by extension 'cmake'
[0.169s] Level 1:colcon.colcon_core.package_identification:_identify(.) by extension 'python'
[0.169s] Level 1:colcon.colcon_core.package_identification:_identify(.) by extensions ['python_setup_py']
[0.169s] Level 1:colcon.colcon_core.package_identification:_identify(.) by extension 'python_setup_py'
[0.169s] Level 1:colcon.colcon_core.package_identification:_identify(build) by extensions ['ignore', 'ignore_ament_install']
[0.169s] Level 1:colcon.colcon_core.package_identification:_identify(build) by extension 'ignore'
[0.169s] Level 1:colcon.colcon_core.package_identification:_identify(build) ignored
[0.170s] Level 1:colcon.colcon_core.package_identification:_identify(install) by extensions ['ignore', 'ignore_ament_install']
[0.170s] Level 1:colcon.colcon_core.package_identification:_identify(install) by extension 'ignore'
[0.170s] Level 1:colcon.colcon_core.package_identification:_identify(install) ignored
[0.170s] Level 1:colcon.colcon_core.package_identification:_identify(log) by extensions ['ignore', 'ignore_ament_install']
[0.170s] Level 1:colcon.colcon_core.package_identification:_identify(log) by extension 'ignore'
[0.170s] Level 1:colcon.colcon_core.package_identification:_identify(log) ignored
[0.170s] Level 1:colcon.colcon_core.package_identification:_identify(src) by extensions ['ignore', 'ignore_ament_install']
[0.170s] Level 1:colcon.colcon_core.package_identification:_identify(src) by extension 'ignore'
[0.170s] Level 1:colcon.colcon_core.package_identification:_identify(src) by extension 'ignore_ament_install'
[0.170s] Level 1:colcon.colcon_core.package_identification:_identify(src) by extensions ['colcon_pkg']
[0.170s] Level 1:colcon.colcon_core.package_identification:_identify(src) by extension 'colcon_pkg'
[0.170s] Level 1:colcon.colcon_core.package_identification:_identify(src) by extensions ['colcon_meta']
[0.171s] Level 1:colcon.colcon_core.package_identification:_identify(src) by extension 'colcon_meta'
[0.171s] Level 1:colcon.colcon_core.package_identification:_identify(src) by extensions ['ros']
[0.171s] Level 1:colcon.colcon_core.package_identification:_identify(src) by extension 'ros'
[0.171s] Level 1:colcon.colcon_core.package_identification:_identify(src) by extensions ['cmake', 'python']
[0.171s] Level 1:colcon.colcon_core.package_identification:_identify(src) by extension 'cmake'
[0.171s] Level 1:colcon.colcon_core.package_identification:_identify(src) by extension 'python'
[0.171s] Level 1:colcon.colcon_core.package_identification:_identify(src) by extensions ['python_setup_py']
[0.171s] Level 1:colcon.colcon_core.package_identification:_identify(src) by extension 'python_setup_py'
[0.171s] Level 1:colcon.colcon_core.package_identification:_identify(src/assignment_1_07) by extensions ['ignore', 'ignore_ament_install']
[0.171s] Level 1:colcon.colcon_core.package_identification:_identify(src/assignment_1_07) by extension 'ignore'
[0.171s] Level 1:colcon.colcon_core.package_identification:_identify(src/assignment_1_07) by extension 'ignore_ament_install'
[0.171s] Level 1:colcon.colcon_core.package_identification:_identify(src/assignment_1_07) by extensions ['colcon_pkg']
[0.171s] Level 1:colcon.colcon_core.package_identification:_identify(src/assignment_1_07) by extension 'colcon_pkg'
[0.171s] Level 1:colcon.colcon_core.package_identification:_identify(src/assignment_1_07) by extensions ['colcon_meta']
[0.171s] Level 1:colcon.colcon_core.package_identification:_identify(src/assignment_1_07) by extension 'colcon_meta'
[0.171s] Level 1:colcon.colcon_core.package_identification:_identify(src/assignment_1_07) by extensions ['ros']
[0.171s] Level 1:colcon.colcon_core.package_identification:_identify(src/assignment_1_07) by extension 'ros'
[0.174s] DEBUG:colcon.colcon_core.package_identification:Package 'src/assignment_1_07' with type 'ros.ament_cmake' and name 'assignment_1_07'
[0.175s] Level 1:colcon.colcon_core.package_identification:_identify(src/ir_2526) by extensions ['ignore', 'ignore_ament_install']
[0.175s] Level 1:colcon.colcon_core.package_identification:_identify(src/ir_2526) by extension 'ignore'
[0.175s] Level 1:colcon.colcon_core.package_identification:_identify(src/ir_2526) by extension 'ignore_ament_install'
[0.175s] Level 1:colcon.colcon_core.package_identification:_identify(src/ir_2526) by extensions ['colcon_pkg']
[0.175s] Level 1:colcon.colcon_core.package_identification:_identify(src/ir_2526) by extension 'colcon_pkg'
[0.175s] Level 1:colcon.colcon_core.package_identification:_identify(src/ir_2526) by extensions ['colcon_meta']
[0.175s] Level 1:colcon.colcon_core.package_identification:_identify(src/ir_2526) by extension 'colcon_meta'
[0.175s] Level 1:colcon.colcon_core.package_identification:_identify(src/ir_2526) by extensions ['ros']
[0.175s] Level 1:colcon.colcon_core.package_identification:_identify(src/ir_2526) by extension 'ros'
[0.175s] Level 1:colcon.colcon_core.package_identification:_identify(src/ir_2526) by extensions ['cmake', 'python']
[0.175s] Level 1:colcon.colcon_core.package_identification:_identify(src/ir_2526) by extension 'cmake'
[0.175s] Level 1:colcon.colcon_core.package_identification:_identify(src/ir_2526) by extension 'python'
[0.175s] Level 1:colcon.colcon_core.package_identification:_identify(src/ir_2526) by extensions ['python_setup_py']
[0.175s] Level 1:colcon.colcon_core.package_identification:_identify(src/ir_2526) by extension 'python_setup_py'
[0.175s] Level 1:colcon.colcon_core.package_identification:_identify(src/ir_2526/apriltag_ros) by extensions ['ignore', 'ignore_ament_install']
[0.175s] Level 1:colcon.colcon_core.package_identification:_identify(src/ir_2526/apriltag_ros) by extension 'ignore'
[0.175s] Level 1:colcon.colcon_core.package_identification:_identify(src/ir_2526/apriltag_ros) by extension 'ignore_ament_install'
[0.175s] Level 1:colcon.colcon_core.package_identification:_identify(src/ir_2526/apriltag_ros) by extensions ['colcon_pkg']
[0.175s] Level 1:colcon.colcon_core.package_identification:_identify(src/ir_2526/apriltag_ros) by extension 'colcon_pkg'
[0.175s] Level 1:colcon.colcon_core.package_identification:_identify(src/ir_2526/apriltag_ros) by extensions ['colcon_meta']
[0.175s] Level 1:colcon.colcon_core.package_identification:_identify(src/ir_2526/apriltag_ros) by extension 'colcon_meta'
[0.175s] Level 1:colcon.colcon_core.package_identification:_identify(src/ir_2526/apriltag_ros) by extensions ['ros']
[0.175s] Level 1:colcon.colcon_core.package_identification:_identify(src/ir_2526/apriltag_ros) by extension 'ros'
[0.178s] DEBUG:colcon.colcon_core.package_identification:Package 'src/ir_2526/apriltag_ros' with type 'ros.ament_cmake' and name 'apriltag_ros'
[0.179s] Level 1:colcon.colcon_core.package_identification:_identify(src/ir_2526/ir_base) by extensions ['ignore', 'ignore_ament_install']
[0.179s] Level 1:colcon.colcon_core.package_identification:_identify(src/ir_2526/ir_base) by extension 'ignore'
[0.179s] Level 1:colcon.colcon_core.package_identification:_identify(src/ir_2526/ir_base) by extension 'ignore_ament_install'
[0.179s] Level 1:colcon.colcon_core.package_identification:_identify(src/ir_2526/ir_base) by extensions ['colcon_pkg']
[0.179s] Level 1:colcon.colcon_core.package_identification:_identify(src/ir_2526/ir_base) by extension 'colcon_pkg'
[0.179s] Level 1:colcon.colcon_core.package_identification:_identify(src/ir_2526/ir_base) by extensions ['colcon_meta']
[0.179s] Level 1:colcon.colcon_core.package_identification:_identify(src/ir_2526/ir_base) by extension 'colcon_meta'
[0.179s] Level 1:colcon.colcon_core.package_identification:_identify(src/ir_2526/ir_base) by extensions ['ros']
[0.179s] Level 1:colcon.colcon_core.package_identification:_identify(src/ir_2526/ir_base) by extension 'ros'
[0.179s] DEBUG:colcon.colcon_core.package_identification:Package 'src/ir_2526/ir_base' with type 'ros.ament_cmake' and name 'ir_base'
[0.179s] Level 1:colcon.colcon_core.package_identification:_identify(src/ir_2526/ir_desription) by extensions ['ignore', 'ignore_ament_install']
[0.179s] Level 1:colcon.colcon_core.package_identification:_identify(src/ir_2526/ir_desription) by extension 'ignore'
[0.179s] Level 1:colcon.colcon_core.package_identification:_identify(src/ir_2526/ir_desription) by extension 'ignore_ament_install'
[0.180s] Level 1:colcon.colcon_core.package_identification:_identify(src/ir_2526/ir_desription) by extensions ['colcon_pkg']
[0.180s] Level 1:colcon.colcon_core.package_identification:_identify(src/ir_2526/ir_desription) by extension 'colcon_pkg'
[0.180s] Level 1:colcon.colcon_core.package_identification:_identify(src/ir_2526/ir_desription) by extensions ['colcon_meta']
[0.180s] Level 1:colcon.colcon_core.package_identification:_identify(src/ir_2526/ir_desription) by extension 'colcon_meta'
[0.180s] Level 1:colcon.colcon_core.package_identification:_identify(src/ir_2526/ir_desription) by extensions ['ros']
[0.180s] Level 1:colcon.colcon_core.package_identification:_identify(src/ir_2526/ir_desription) by extension 'ros'
[0.180s] DEBUG:colcon.colcon_core.package_identification:Package 'src/ir_2526/ir_desription' with type 'ros.ament_cmake' and name 'ir_desription'
[0.180s] Level 1:colcon.colcon_core.package_identification:_identify(src/ir_2526/ir_launch) by extensions ['ignore', 'ignore_ament_install']
[0.180s] Level 1:colcon.colcon_core.package_identification:_identify(src/ir_2526/ir_launch) by extension 'ignore'
[0.180s] Level 1:colcon.colcon_core.package_identification:_identify(src/ir_2526/ir_launch) by extension 'ignore_ament_install'
[0.180s] Level 1:colcon.colcon_core.package_identification:_identify(src/ir_2526/ir_launch) by extensions ['colcon_pkg']
[0.180s] Level 1:colcon.colcon_core.package_identification:_identify(src/ir_2526/ir_launch) by extension 'colcon_pkg'
[0.181s] Level 1:colcon.colcon_core.package_identification:_identify(src/ir_2526/ir_launch) by extensions ['colcon_meta']
[0.181s] Level 1:colcon.colcon_core.package_identification:_identify(src/ir_2526/ir_launch) by extension 'colcon_meta'
[0.181s] Level 1:colcon.colcon_core.package_identification:_identify(src/ir_2526/ir_launch) by extensions ['ros']
[0.181s] Level 1:colcon.colcon_core.package_identification:_identify(src/ir_2526/ir_launch) by extension 'ros'
[0.181s] DEBUG:colcon.colcon_core.package_identification:Package 'src/ir_2526/ir_launch' with type 'ros.ament_cmake' and name 'ir_launch'
[0.181s] Level 1:colcon.colcon_core.package_identification:_identify(src/ir_2526/ir_movit_config) by extensions ['ignore', 'ignore_ament_install']
[0.181s] Level 1:colcon.colcon_core.package_identification:_identify(src/ir_2526/ir_movit_config) by extension 'ignore'
[0.181s] Level 1:colcon.colcon_core.package_identification:_identify(src/ir_2526/ir_movit_config) by extension 'ignore_ament_install'
[0.181s] Level 1:colcon.colcon_core.package_identification:_identify(src/ir_2526/ir_movit_config) by extensions ['colcon_pkg']
[0.181s] Level 1:colcon.colcon_core.package_identification:_identify(src/ir_2526/ir_movit_config) by extension 'colcon_pkg'
[0.181s] Level 1:colcon.colcon_core.package_identification:_identify(src/ir_2526/ir_movit_config) by extensions ['colcon_meta']
[0.181s] Level 1:colcon.colcon_core.package_identification:_identify(src/ir_2526/ir_movit_config) by extension 'colcon_meta'
[0.181s] Level 1:colcon.colcon_core.package_identification:_identify(src/ir_2526/ir_movit_config) by extensions ['ros']
[0.181s] Level 1:colcon.colcon_core.package_identification:_identify(src/ir_2526/ir_movit_config) by extension 'ros'
[0.182s] DEBUG:colcon.colcon_core.package_identification:Package 'src/ir_2526/ir_movit_config' with type 'ros.ament_cmake' and name 'ir_movit_config'
[0.182s] Level 1:colcon.colcon_core.package_discovery:discover_packages(recursive) using defaults
[0.182s] Level 1:colcon.colcon_core.package_discovery:discover_packages(ignore) discover
[0.182s] Level 1:colcon.colcon_core.package_discovery:discover_packages(ignore) using defaults
[0.182s] Level 1:colcon.colcon_core.package_discovery:discover_packages(path) discover
[0.182s] Level 1:colcon.colcon_core.package_discovery:discover_packages(path) using defaults
[0.206s] Level 1:colcon.colcon_core.package_discovery:discover_packages(prefix_path) check parameters
[0.206s] Level 1:colcon.colcon_core.package_discovery:discover_packages(prefix_path) discover
[0.207s] DEBUG:colcon.colcon_installed_package_information.package_discovery:Found 6 installed packages in /home/giacomo/IR_LABS/Assignments/ws_07_assignments/install
[0.209s] DEBUG:colcon.colcon_installed_package_information.package_discovery:Found 459 installed packages in /opt/ros/jazzy
[0.211s] Level 1:colcon.colcon_core.package_discovery:discover_packages(prefix_path) using defaults
[0.271s] Level 5:colcon.colcon_core.verb:set package 'apriltag_ros' build argument 'cmake_args' from command line to 'None'
[0.272s] Level 5:colcon.colcon_core.verb:set package 'apriltag_ros' build argument 'cmake_target' from command line to 'None'
[0.272s] Level 5:colcon.colcon_core.verb:set package 'apriltag_ros' build argument 'cmake_target_skip_unavailable' from command line to 'False'
[0.272s] Level 5:colcon.colcon_core.verb:set package 'apriltag_ros' build argument 'cmake_clean_cache' from command line to 'False'
[0.272s] Level 5:colcon.colcon_core.verb:set package 'apriltag_ros' build argument 'cmake_clean_first' from command line to 'False'
[0.272s] Level 5:colcon.colcon_core.verb:set package 'apriltag_ros' build argument 'cmake_force_configure' from command line to 'False'
[0.272s] Level 5:colcon.colcon_core.verb:set package 'apriltag_ros' build argument 'ament_cmake_args' from command line to 'None'
[0.272s] Level 5:colcon.colcon_core.verb:set package 'apriltag_ros' build argument 'catkin_cmake_args' from command line to 'None'
[0.272s] Level 5:colcon.colcon_core.verb:set package 'apriltag_ros' build argument 'catkin_skip_building_tests' from command line to 'False'
[0.272s] DEBUG:colcon.colcon_core.verb:Building package 'apriltag_ros' with the following arguments: {'ament_cmake_args': None, 'build_base': '/home/giacomo/IR_LABS/Assignments/ws_07_assignments/build/apriltag_ros', 'catkin_cmake_args': None, 'catkin_skip_building_tests': False, 'cmake_args': None, 'cmake_clean_cache': False, 'cmake_clean_first': False, 'cmake_force_configure': False, 'cmake_target': None, 'cmake_target_skip_unavailable': False, 'install_base': '/home/giacomo/IR_LABS/Assignments/ws_07_assignments/install/apriltag_ros', 'merge_install': False, 'path': '/home/giacomo/IR_LABS/Assignments/ws_07_assignments/src/ir_2526/apriltag_ros', 'symlink_install': False, 'test_result_base': None}
[0.273s] Level 5:colcon.colcon_core.verb:set package 'assignment_1_07' build argument 'cmake_args' from command line to 'None'
[0.273s] Level 5:colcon.colcon_core.verb:set package 'assignment_1_07' build argument 'cmake_target' from command line to 'None'
[0.273s] Level 5:colcon.colcon_core.verb:set package 'assignment_1_07' build argument 'cmake_target_skip_unavailable' from command line to 'False'
[0.273s] Level 5:colcon.colcon_core.verb:set package 'assignment_1_07' build argument 'cmake_clean_cache' from command line to 'False'
[0.273s] Level 5:colcon.colcon_core.verb:set package 'assignment_1_07' build argument 'cmake_clean_first' from command line to 'False'
[0.273s] Level 5:colcon.colcon_core.verb:set package 'assignment_1_07' build argument 'cmake_force_configure' from command line to 'False'
[0.273s] Level 5:colcon.colcon_core.verb:set package 'assignment_1_07' build argument 'ament_cmake_args' from command line to 'None'
[0.273s] Level 5:colcon.colcon_core.verb:set package 'assignment_1_07' build argument 'catkin_cmake_args' from command line to 'None'
[0.273s] Level 5:colcon.colcon_core.verb:set package 'assignment_1_07' build argument 'catkin_skip_building_tests' from command line to 'False'
[0.273s] DEBUG:colcon.colcon_core.verb:Building package 'assignment_1_07' with the following arguments: {'ament_cmake_args': None, 'build_base': '/home/giacomo/IR_LABS/Assignments/ws_07_assignments/build/assignment_1_07', 'catkin_cmake_args': None, 'catkin_skip_building_tests': False, 'cmake_args': None, 'cmake_clean_cache': False, 'cmake_clean_first': False, 'cmake_force_configure': False, 'cmake_target': None, 'cmake_target_skip_unavailable': False, 'install_base': '/home/giacomo/IR_LABS/Assignments/ws_07_assignments/install/assignment_1_07', 'merge_install': False, 'path': '/home/giacomo/IR_LABS/Assignments/ws_07_assignments/src/assignment_1_07', 'symlink_install': False, 'test_result_base': None}
[0.273s] Level 5:colcon.colcon_core.verb:set package 'ir_base' build argument 'cmake_args' from command line to 'None'
[0.273s] Level 5:colcon.colcon_core.verb:set package 'ir_base' build argument 'cmake_target' from command line to 'None'
[0.273s] Level 5:colcon.colcon_core.verb:set package 'ir_base' build argument 'cmake_target_skip_unavailable' from command line to 'False'
[0.273s] Level 5:colcon.colcon_core.verb:set package 'ir_base' build argument 'cmake_clean_cache' from command line to 'False'
[0.273s] Level 5:colcon.colcon_core.verb:set package 'ir_base' build argument 'cmake_clean_first' from command line to 'False'
[0.273s] Level 5:colcon.colcon_core.verb:set package 'ir_base' build argument 'cmake_force_configure' from command line to 'False'
[0.273s] Level 5:colcon.colcon_core.verb:set package 'ir_base' build argument 'ament_cmake_args' from command line to 'None'
[0.273s] Level 5:colcon.colcon_core.verb:set package 'ir_base' build argument 'catkin_cmake_args' from command line to 'None'
[0.273s] Level 5:colcon.colcon_core.verb:set package 'ir_base' build argument 'catkin_skip_building_tests' from command line to 'False'
[0.273s] DEBUG:colcon.colcon_core.verb:Building package 'ir_base' with the following arguments: {'ament_cmake_args': None, 'build_base': '/home/giacomo/IR_LABS/Assignments/ws_07_assignments/build/ir_base', 'catkin_cmake_args': None, 'catkin_skip_building_tests': False, 'cmake_args': None, 'cmake_clean_cache': False, 'cmake_clean_first': False, 'cmake_force_configure': False, 'cmake_target': None, 'cmake_target_skip_unavailable': False, 'install_base': '/home/giacomo/IR_LABS/Assignments/ws_07_assignments/install/ir_base', 'merge_install': False, 'path': '/home/giacomo/IR_LABS/Assignments/ws_07_assignments/src/ir_2526/ir_base', 'symlink_install': False, 'test_result_base': None}
[0.274s] Level 5:colcon.colcon_core.verb:set package 'ir_desription' build argument 'cmake_args' from command line to 'None'
[0.274s] Level 5:colcon.colcon_core.verb:set package 'ir_desription' build argument 'cmake_target' from command line to 'None'
[0.274s] Level 5:colcon.colcon_core.verb:set package 'ir_desription' build argument 'cmake_target_skip_unavailable' from command line to 'False'
[0.274s] Level 5:colcon.colcon_core.verb:set package 'ir_desription' build argument 'cmake_clean_cache' from command line to 'False'
[0.274s] Level 5:colcon.colcon_core.verb:set package 'ir_desription' build argument 'cmake_clean_first' from command line to 'False'
[0.274s] Level 5:colcon.colcon_core.verb:set package 'ir_desription' build argument 'cmake_force_configure' from command line to 'False'
[0.274s] Level 5:colcon.colcon_core.verb:set package 'ir_desription' build argument 'ament_cmake_args' from command line to 'None'
[0.274s] Level 5:colcon.colcon_core.verb:set package 'ir_desription' build argument 'catkin_cmake_args' from command line to 'None'
[0.274s] Level 5:colcon.colcon_core.verb:set package 'ir_desription' build argument 'catkin_skip_building_tests' from command line to 'False'
[0.274s] DEBUG:colcon.colcon_core.verb:Building package 'ir_desription' with the following arguments: {'ament_cmake_args': None, 'build_base': '/home/giacomo/IR_LABS/Assignments/ws_07_assignments/build/ir_desription', 'catkin_cmake_args': None, 'catkin_skip_building_tests': False, 'cmake_args': None, 'cmake_clean_cache': False, 'cmake_clean_first': False, 'cmake_force_configure': False, 'cmake_target': None, 'cmake_target_skip_unavailable': False, 'install_base': '/home/giacomo/IR_LABS/Assignments/ws_07_assignments/install/ir_desription', 'merge_install': False, 'path': '/home/giacomo/IR_LABS/Assignments/ws_07_assignments/src/ir_2526/ir_desription', 'symlink_install': False, 'test_result_base': None}
[0.274s] Level 5:colcon.colcon_core.verb:set package 'ir_launch' build argument 'cmake_args' from command line to 'None'
[0.274s] Level 5:colcon.colcon_core.verb:set package 'ir_launch' build argument 'cmake_target' from command line to 'None'
[0.274s] Level 5:colcon.colcon_core.verb:set package 'ir_launch' build argument 'cmake_target_skip_unavailable' from command line to 'False'
[0.274s] Level 5:colcon.colcon_core.verb:set package 'ir_launch' build argument 'cmake_clean_cache' from command line to 'False'
[0.274s] Level 5:colcon.colcon_core.verb:set package 'ir_launch' build argument 'cmake_clean_first' from command line to 'False'
[0.275s] Level 5:colcon.colcon_core.verb:set package 'ir_launch' build argument 'cmake_force_configure' from command line to 'False'
[0.275s] Level 5:colcon.colcon_core.verb:set package 'ir_launch' build argument 'ament_cmake_args' from command line to 'None'
[0.275s] Level 5:colcon.colcon_core.verb:set package 'ir_launch' build argument 'catkin_cmake_args' from command line to 'None'
[0.275s] Level 5:colcon.colcon_core.verb:set package 'ir_launch' build argument 'catkin_skip_building_tests' from command line to 'False'
[0.275s] DEBUG:colcon.colcon_core.verb:Building package 'ir_launch' with the following arguments: {'ament_cmake_args': None, 'build_base': '/home/giacomo/IR_LABS/Assignments/ws_07_assignments/build/ir_launch', 'catkin_cmake_args': None, 'catkin_skip_building_tests': False, 'cmake_args': None, 'cmake_clean_cache': False, 'cmake_clean_first': False, 'cmake_force_configure': False, 'cmake_target': None, 'cmake_target_skip_unavailable': False, 'install_base': '/home/giacomo/IR_LABS/Assignments/ws_07_assignments/install/ir_launch', 'merge_install': False, 'path': '/home/giacomo/IR_LABS/Assignments/ws_07_assignments/src/ir_2526/ir_launch', 'symlink_install': False, 'test_result_base': None}
[0.275s] Level 5:colcon.colcon_core.verb:set package 'ir_movit_config' build argument 'cmake_args' from command line to 'None'
[0.275s] Level 5:colcon.colcon_core.verb:set package 'ir_movit_config' build argument 'cmake_target' from command line to 'None'
[0.275s] Level 5:colcon.colcon_core.verb:set package 'ir_movit_config' build argument 'cmake_target_skip_unavailable' from command line to 'False'
[0.275s] Level 5:colcon.colcon_core.verb:set package 'ir_movit_config' build argument 'cmake_clean_cache' from command line to 'False'
[0.275s] Level 5:colcon.colcon_core.verb:set package 'ir_movit_config' build argument 'cmake_clean_first' from command line to 'False'
[0.275s] Level 5:colcon.colcon_core.verb:set package 'ir_movit_config' build argument 'cmake_force_configure' from command line to 'False'
[0.275s] Level 5:colcon.colcon_core.verb:set package 'ir_movit_config' build argument 'ament_cmake_args' from command line to 'None'
[0.275s] Level 5:colcon.colcon_core.verb:set package 'ir_movit_config' build argument 'catkin_cmake_args' from command line to 'None'
[0.275s] Level 5:colcon.colcon_core.verb:set package 'ir_movit_config' build argument 'catkin_skip_building_tests' from command line to 'False'
[0.275s] DEBUG:colcon.colcon_core.verb:Building package 'ir_movit_config' with the following arguments: {'ament_cmake_args': None, 'build_base': '/home/giacomo/IR_LABS/Assignments/ws_07_assignments/build/ir_movit_config', 'catkin_cmake_args': None, 'catkin_skip_building_tests': False, 'cmake_args': None, 'cmake_clean_cache': False, 'cmake_clean_first': False, 'cmake_force_configure': False, 'cmake_target': None, 'cmake_target_skip_unavailable': False, 'install_base': '/home/giacomo/IR_LABS/Assignments/ws_07_assignments/install/ir_movit_config', 'merge_install': False, 'path': '/home/giacomo/IR_LABS/Assignments/ws_07_assignments/src/ir_2526/ir_movit_config', 'symlink_install': False, 'test_result_base': None}
[0.275s] INFO:colcon.colcon_core.executor:Executing jobs using 'parallel' executor
[0.277s] DEBUG:colcon.colcon_parallel_executor.executor.parallel:run_until_complete
[0.278s] INFO:colcon.colcon_ros.task.ament_cmake.build:Building ROS package in '/home/giacomo/IR_LABS/Assignments/ws_07_assignments/src/ir_2526/ir_desription' with build type 'ament_cmake'
[0.278s] INFO:colcon.colcon_cmake.task.cmake.build:Building CMake package in '/home/giacomo/IR_LABS/Assignments/ws_07_assignments/src/ir_2526/ir_desription'
[0.280s] INFO:colcon.colcon_core.plugin_system:Skipping extension 'colcon_core.shell.bat': Not used on non-Windows systems
[0.280s] INFO:colcon.colcon_core.shell:Skip shell extension 'powershell' for command environment: Not usable outside of PowerShell
[0.281s] DEBUG:colcon.colcon_core.shell:Skip shell extension 'dsv' for command environment
[0.284s] INFO:colcon.colcon_ros.task.ament_cmake.build:Building ROS package in '/home/giacomo/IR_LABS/Assignments/ws_07_assignments/src/ir_2526/apriltag_ros' with build type 'ament_cmake'
[0.284s] INFO:colcon.colcon_cmake.task.cmake.build:Building CMake package in '/home/giacomo/IR_LABS/Assignments/ws_07_assignments/src/ir_2526/apriltag_ros'
[0.285s] INFO:colcon.colcon_core.shell:Skip shell extension 'powershell' for command environment: Not usable outside of PowerShell
[0.285s] DEBUG:colcon.colcon_core.shell:Skip shell extension 'dsv' for command environment
[0.288s] INFO:colcon.colcon_ros.task.ament_cmake.build:Building ROS package in '/home/giacomo/IR_LABS/Assignments/ws_07_assignments/src/assignment_1_07' with build type 'ament_cmake'
[0.288s] INFO:colcon.colcon_cmake.task.cmake.build:Building CMake package in '/home/giacomo/IR_LABS/Assignments/ws_07_assignments/src/assignment_1_07'
[0.288s] INFO:colcon.colcon_core.shell:Skip shell extension 'powershell' for command environment: Not usable outside of PowerShell
[0.288s] DEBUG:colcon.colcon_core.shell:Skip shell extension 'dsv' for command environment
[0.291s] INFO:colcon.colcon_ros.task.ament_cmake.build:Building ROS package in '/home/giacomo/IR_LABS/Assignments/ws_07_assignments/src/ir_2526/ir_base' with build type 'ament_cmake'
[0.292s] INFO:colcon.colcon_cmake.task.cmake.build:Building CMake package in '/home/giacomo/IR_LABS/Assignments/ws_07_assignments/src/ir_2526/ir_base'
[0.292s] INFO:colcon.colcon_core.shell:Skip shell extension 'powershell' for command environment: Not usable outside of PowerShell
[0.292s] DEBUG:colcon.colcon_core.shell:Skip shell extension 'dsv' for command environment
[0.296s] INFO:colcon.colcon_ros.task.ament_cmake.build:Building ROS package in '/home/giacomo/IR_LABS/Assignments/ws_07_assignments/src/ir_2526/ir_launch' with build type 'ament_cmake'
[0.296s] INFO:colcon.colcon_cmake.task.cmake.build:Building CMake package in '/home/giacomo/IR_LABS/Assignments/ws_07_assignments/src/ir_2526/ir_launch'
[0.297s] INFO:colcon.colcon_core.shell:Skip shell extension 'powershell' for command environment: Not usable outside of PowerShell
[0.297s] DEBUG:colcon.colcon_core.shell:Skip shell extension 'dsv' for command environment
[0.308s] DEBUG:colcon.colcon_core.event_handler.log_command:Invoking command in '/home/giacomo/IR_LABS/Assignments/ws_07_assignments/build/ir_desription': CMAKE_PREFIX_PATH=${CMAKE_PREFIX_PATH}:/opt/ros/jazzy DEBUGINFOD_URLS=https://debuginfod.ubuntu.com /usr/bin/cmake --build /home/giacomo/IR_LABS/Assignments/ws_07_assignments/build/ir_desription -- -j16 -l16
[0.312s] DEBUG:colcon.colcon_core.event_handler.log_command:Invoking command in '/home/giacomo/IR_LABS/Assignments/ws_07_assignments/build/apriltag_ros': CMAKE_PREFIX_PATH=${CMAKE_PREFIX_PATH}:/opt/ros/jazzy DEBUGINFOD_URLS=https://debuginfod.ubuntu.com /usr/bin/cmake --build /home/giacomo/IR_LABS/Assignments/ws_07_assignments/build/apriltag_ros -- -j16 -l16
[0.315s] DEBUG:colcon.colcon_core.event_handler.log_command:Invoking command in '/home/giacomo/IR_LABS/Assignments/ws_07_assignments/build/assignment_1_07': CMAKE_PREFIX_PATH=${CMAKE_PREFIX_PATH}:/opt/ros/jazzy DEBUGINFOD_URLS=https://debuginfod.ubuntu.com /usr/bin/cmake --build /home/giacomo/IR_LABS/Assignments/ws_07_assignments/build/assignment_1_07 -- -j16 -l16
[0.319s] DEBUG:colcon.colcon_core.event_handler.log_command:Invoking command in '/home/giacomo/IR_LABS/Assignments/ws_07_assignments/build/ir_base': CMAKE_PREFIX_PATH=${CMAKE_PREFIX_PATH}:/opt/ros/jazzy DEBUGINFOD_URLS=https://debuginfod.ubuntu.com /usr/bin/cmake --build /home/giacomo/IR_LABS/Assignments/ws_07_assignments/build/ir_base -- -j16 -l16
[0.324s] DEBUG:colcon.colcon_core.event_handler.log_command:Invoking command in '/home/giacomo/IR_LABS/Assignments/ws_07_assignments/build/ir_launch': CMAKE_PREFIX_PATH=${CMAKE_PREFIX_PATH}:/opt/ros/jazzy DEBUGINFOD_URLS=https://debuginfod.ubuntu.com /usr/bin/cmake --build /home/giacomo/IR_LABS/Assignments/ws_07_assignments/build/ir_launch -- -j16 -l16
[0.360s] DEBUG:colcon.colcon_core.event_handler.log_command:Invoked command in '/home/giacomo/IR_LABS/Assignments/ws_07_assignments/build/ir_desription' returned '0': CMAKE_PREFIX_PATH=${CMAKE_PREFIX_PATH}:/opt/ros/jazzy DEBUGINFOD_URLS=https://debuginfod.ubuntu.com /usr/bin/cmake --build /home/giacomo/IR_LABS/Assignments/ws_07_assignments/build/ir_desription -- -j16 -l16
[0.371s] DEBUG:colcon.colcon_core.event_handler.log_command:Invoking command in '/home/giacomo/IR_LABS/Assignments/ws_07_assignments/build/ir_desription': CMAKE_PREFIX_PATH=${CMAKE_PREFIX_PATH}:/opt/ros/jazzy DEBUGINFOD_URLS=https://debuginfod.ubuntu.com /usr/bin/cmake --install /home/giacomo/IR_LABS/Assignments/ws_07_assignments/build/ir_desription
[0.373s] DEBUG:colcon.colcon_core.event_handler.log_command:Invoked command in '/home/giacomo/IR_LABS/Assignments/ws_07_assignments/build/ir_base' returned '0': CMAKE_PREFIX_PATH=${CMAKE_PREFIX_PATH}:/opt/ros/jazzy DEBUGINFOD_URLS=https://debuginfod.ubuntu.com /usr/bin/cmake --build /home/giacomo/IR_LABS/Assignments/ws_07_assignments/build/ir_base -- -j16 -l16
[0.375s] DEBUG:colcon.colcon_core.event_handler.log_command:Invoking command in '/home/giacomo/IR_LABS/Assignments/ws_07_assignments/build/ir_base': CMAKE_PREFIX_PATH=${CMAKE_PREFIX_PATH}:/opt/ros/jazzy DEBUGINFOD_URLS=https://debuginfod.ubuntu.com /usr/bin/cmake --install /home/giacomo/IR_LABS/Assignments/ws_07_assignments/build/ir_base
[0.376s] DEBUG:colcon.colcon_core.event_handler.log_command:Invoked command in '/home/giacomo/IR_LABS/Assignments/ws_07_assignments/build/ir_launch' returned '0': CMAKE_PREFIX_PATH=${CMAKE_PREFIX_PATH}:/opt/ros/jazzy DEBUGINFOD_URLS=https://debuginfod.ubuntu.com /usr/bin/cmake --build /home/giacomo/IR_LABS/Assignments/ws_07_assignments/build/ir_launch -- -j16 -l16
[0.379s] DEBUG:colcon.colcon_core.event_handler.log_command:Invoking command in '/home/giacomo/IR_LABS/Assignments/ws_07_assignments/build/ir_launch': CMAKE_PREFIX_PATH=${CMAKE_PREFIX_PATH}:/opt/ros/jazzy DEBUGINFOD_URLS=https://debuginfod.ubuntu.com /usr/bin/cmake --install /home/giacomo/IR_LABS/Assignments/ws_07_assignments/build/ir_launch
[0.391s] Level 1:colcon.colcon_core.environment:create_environment_scripts_only(ir_desription)
[0.403s] Level 1:colcon.colcon_core.environment:checking '/home/giacomo/IR_LABS/Assignments/ws_07_assignments/install/ir_desription' for CMake module files
[0.404s] DEBUG:colcon.colcon_core.event_handler.log_command:Invoked command in '/home/giacomo/IR_LABS/Assignments/ws_07_assignments/build/ir_desription' returned '0': CMAKE_PREFIX_PATH=${CMAKE_PREFIX_PATH}:/opt/ros/jazzy DEBUGINFOD_URLS=https://debuginfod.ubuntu.com /usr/bin/cmake --install /home/giacomo/IR_LABS/Assignments/ws_07_assignments/build/ir_desription
[0.406s] Level 1:colcon.colcon_core.environment:checking '/home/giacomo/IR_LABS/Assignments/ws_07_assignments/install/ir_desription' for CMake config files
[0.411s] Level 1:colcon.colcon_core.shell:create_environment_hook('ir_desription', 'cmake_prefix_path')
[0.411s] INFO:colcon.colcon_core.shell:Creating environment hook '/home/giacomo/IR_LABS/Assignments/ws_07_assignments/install/ir_desription/share/ir_desription/hook/cmake_prefix_path.ps1'
[0.412s] INFO:colcon.colcon_core.shell:Creating environment descriptor '/home/giacomo/IR_LABS/Assignments/ws_07_assignments/install/ir_desription/share/ir_desription/hook/cmake_prefix_path.dsv'
[0.413s] INFO:colcon.colcon_core.shell:Creating environment hook '/home/giacomo/IR_LABS/Assignments/ws_07_assignments/install/ir_desription/share/ir_desription/hook/cmake_prefix_path.sh'
[0.414s] Level 1:colcon.colcon_core.environment:checking '/home/giacomo/IR_LABS/Assignments/ws_07_assignments/install/ir_desription/bin'
[0.414s] Level 1:colcon.colcon_core.environment:checking '/home/giacomo/IR_LABS/Assignments/ws_07_assignments/install/ir_desription/lib/pkgconfig/ir_desription.pc'
[0.415s] Level 1:colcon.colcon_core.environment:checking '/home/giacomo/IR_LABS/Assignments/ws_07_assignments/install/ir_desription/lib/python3.12/site-packages'
[0.415s] Level 1:colcon.colcon_core.environment:checking '/home/giacomo/IR_LABS/Assignments/ws_07_assignments/install/ir_desription/bin'
[0.415s] INFO:colcon.colcon_core.shell:Creating package script '/home/giacomo/IR_LABS/Assignments/ws_07_assignments/install/ir_desription/share/ir_desription/package.ps1'
[0.418s] INFO:colcon.colcon_core.shell:Creating package descriptor '/home/giacomo/IR_LABS/Assignments/ws_07_assignments/install/ir_desription/share/ir_desription/package.dsv'
[0.420s] INFO:colcon.colcon_core.shell:Creating package script '/home/giacomo/IR_LABS/Assignments/ws_07_assignments/install/ir_desription/share/ir_desription/package.sh'
[0.421s] INFO:colcon.colcon_core.shell:Creating package script '/home/giacomo/IR_LABS/Assignments/ws_07_assignments/install/ir_desription/share/ir_desription/package.bash'
[0.422s] INFO:colcon.colcon_core.shell:Creating package script '/home/giacomo/IR_LABS/Assignments/ws_07_assignments/install/ir_desription/share/ir_desription/package.zsh'
[0.423s] Level 1:colcon.colcon_core.environment:create_file_with_runtime_dependencies(/home/giacomo/IR_LABS/Assignments/ws_07_assignments/install/ir_desription/share/colcon-core/packages/ir_desription)
[0.424s] Level 1:colcon.colcon_core.environment:create_environment_scripts_only(ir_desription)
[0.424s] Level 1:colcon.colcon_core.environment:checking '/home/giacomo/IR_LABS/Assignments/ws_07_assignments/install/ir_desription' for CMake module files
[0.424s] Level 1:colcon.colcon_core.environment:checking '/home/giacomo/IR_LABS/Assignments/ws_07_assignments/install/ir_desription' for CMake config files
[0.425s] Level 1:colcon.colcon_core.shell:create_environment_hook('ir_desription', 'cmake_prefix_path')
[0.425s] INFO:colcon.colcon_core.shell:Creating environment hook '/home/giacomo/IR_LABS/Assignments/ws_07_assignments/install/ir_desription/share/ir_desription/hook/cmake_prefix_path.ps1'
[0.425s] INFO:colcon.colcon_core.shell:Creating environment descriptor '/home/giacomo/IR_LABS/Assignments/ws_07_assignments/install/ir_desription/share/ir_desription/hook/cmake_prefix_path.dsv'
[0.426s] INFO:colcon.colcon_core.shell:Creating environment hook '/home/giacomo/IR_LABS/Assignments/ws_07_assignments/install/ir_desription/share/ir_desription/hook/cmake_prefix_path.sh'
[0.427s] Level 1:colcon.colcon_core.environment:checking '/home/giacomo/IR_LABS/Assignments/ws_07_assignments/install/ir_desription/bin'
[0.427s] Level 1:colcon.colcon_core.environment:checking '/home/giacomo/IR_LABS/Assignments/ws_07_assignments/install/ir_desription/lib/pkgconfig/ir_desription.pc'
[0.427s] Level 1:colcon.colcon_core.environment:checking '/home/giacomo/IR_LABS/Assignments/ws_07_assignments/install/ir_desription/lib/python3.12/site-packages'
[0.427s] Level 1:colcon.colcon_core.environment:checking '/home/giacomo/IR_LABS/Assignments/ws_07_assignments/install/ir_desription/bin'
[0.428s] INFO:colcon.colcon_core.shell:Creating package script '/home/giacomo/IR_LABS/Assignments/ws_07_assignments/install/ir_desription/share/ir_desription/package.ps1'
[0.428s] INFO:colcon.colcon_core.shell:Creating package descriptor '/home/giacomo/IR_LABS/Assignments/ws_07_assignments/install/ir_desription/share/ir_desription/package.dsv'
[0.429s] INFO:colcon.colcon_core.shell:Creating package script '/home/giacomo/IR_LABS/Assignments/ws_07_assignments/install/ir_desription/share/ir_desription/package.sh'
[0.429s] INFO:colcon.colcon_core.shell:Creating package script '/home/giacomo/IR_LABS/Assignments/ws_07_assignments/install/ir_desription/share/ir_desription/package.bash'
[0.430s] INFO:colcon.colcon_core.shell:Creating package script '/home/giacomo/IR_LABS/Assignments/ws_07_assignments/install/ir_desription/share/ir_desription/package.zsh'
[0.430s] Level 1:colcon.colcon_core.environment:create_file_with_runtime_dependencies(/home/giacomo/IR_LABS/Assignments/ws_07_assignments/install/ir_desription/share/colcon-core/packages/ir_desription)
[0.431s] INFO:colcon.colcon_ros.task.ament_cmake.build:Building ROS package in '/home/giacomo/IR_LABS/Assignments/ws_07_assignments/src/ir_2526/ir_movit_config' with build type 'ament_cmake'
[0.431s] INFO:colcon.colcon_cmake.task.cmake.build:Building CMake package in '/home/giacomo/IR_LABS/Assignments/ws_07_assignments/src/ir_2526/ir_movit_config'
[0.432s] INFO:colcon.colcon_core.shell:Skip shell extension 'powershell' for command environment: Not usable outside of PowerShell
[0.432s] DEBUG:colcon.colcon_core.shell:Skip shell extension 'dsv' for command environment
[0.436s] Level 1:colcon.colcon_core.environment:create_environment_scripts_only(ir_launch)
[0.437s] Level 1:colcon.colcon_core.environment:checking '/home/giacomo/IR_LABS/Assignments/ws_07_assignments/install/ir_launch' for CMake module files
[0.437s] DEBUG:colcon.colcon_core.event_handler.log_command:Invoked command in '/home/giacomo/IR_LABS/Assignments/ws_07_assignments/build/ir_launch' returned '0': CMAKE_PREFIX_PATH=${CMAKE_PREFIX_PATH}:/opt/ros/jazzy DEBUGINFOD_URLS=https://debuginfod.ubuntu.com /usr/bin/cmake --install /home/giacomo/IR_LABS/Assignments/ws_07_assignments/build/ir_launch
[0.438s] Level 1:colcon.colcon_core.environment:checking '/home/giacomo/IR_LABS/Assignments/ws_07_assignments/install/ir_launch' for CMake config files
[0.438s] Level 1:colcon.colcon_core.shell:create_environment_hook('ir_launch', 'cmake_prefix_path')
[0.438s] INFO:colcon.colcon_core.shell:Creating environment hook '/home/giacomo/IR_LABS/Assignments/ws_07_assignments/install/ir_launch/share/ir_launch/hook/cmake_prefix_path.ps1'
[0.439s] INFO:colcon.colcon_core.shell:Creating environment descriptor '/home/giacomo/IR_LABS/Assignments/ws_07_assignments/install/ir_launch/share/ir_launch/hook/cmake_prefix_path.dsv'
[0.439s] INFO:colcon.colcon_core.shell:Creating environment hook '/home/giacomo/IR_LABS/Assignments/ws_07_assignments/install/ir_launch/share/ir_launch/hook/cmake_prefix_path.sh'
[0.439s] Level 1:colcon.colcon_core.environment:checking '/home/giacomo/IR_LABS/Assignments/ws_07_assignments/install/ir_launch/bin'
[0.439s] Level 1:colcon.colcon_core.environment:checking '/home/giacomo/IR_LABS/Assignments/ws_07_assignments/install/ir_launch/lib/pkgconfig/ir_launch.pc'
[0.439s] Level 1:colcon.colcon_core.environment:checking '/home/giacomo/IR_LABS/Assignments/ws_07_assignments/install/ir_launch/lib/python3.12/site-packages'
[0.440s] Level 1:colcon.colcon_core.environment:checking '/home/giacomo/IR_LABS/Assignments/ws_07_assignments/install/ir_launch/bin'
[0.440s] INFO:colcon.colcon_core.shell:Creating package script '/home/giacomo/IR_LABS/Assignments/ws_07_assignments/install/ir_launch/share/ir_launch/package.ps1'
[0.440s] INFO:colcon.colcon_core.shell:Creating package descriptor '/home/giacomo/IR_LABS/Assignments/ws_07_assignments/install/ir_launch/share/ir_launch/package.dsv'
[0.441s] INFO:colcon.colcon_core.shell:Creating package script '/home/giacomo/IR_LABS/Assignments/ws_07_assignments/install/ir_launch/share/ir_launch/package.sh'
[0.441s] INFO:colcon.colcon_core.shell:Creating package script '/home/giacomo/IR_LABS/Assignments/ws_07_assignments/install/ir_launch/share/ir_launch/package.bash'
[0.441s] INFO:colcon.colcon_core.shell:Creating package script '/home/giacomo/IR_LABS/Assignments/ws_07_assignments/install/ir_launch/share/ir_launch/package.zsh'
[0.441s] Level 1:colcon.colcon_core.environment:create_file_with_runtime_dependencies(/home/giacomo/IR_LABS/Assignments/ws_07_assignments/install/ir_launch/share/colcon-core/packages/ir_launch)
[0.442s] Level 1:colcon.colcon_core.environment:create_environment_scripts_only(ir_launch)
[0.442s] Level 1:colcon.colcon_core.environment:checking '/home/giacomo/IR_LABS/Assignments/ws_07_assignments/install/ir_launch' for CMake module files
[0.442s] Level 1:colcon.colcon_core.environment:checking '/home/giacomo/IR_LABS/Assignments/ws_07_assignments/install/ir_launch' for CMake config files
[0.442s] Level 1:colcon.colcon_core.shell:create_environment_hook('ir_launch', 'cmake_prefix_path')
[0.443s] INFO:colcon.colcon_core.shell:Creating environment hook '/home/giacomo/IR_LABS/Assignments/ws_07_assignments/install/ir_launch/share/ir_launch/hook/cmake_prefix_path.ps1'
[0.443s] INFO:colcon.colcon_core.shell:Creating environment descriptor '/home/giacomo/IR_LABS/Assignments/ws_07_assignments/install/ir_launch/share/ir_launch/hook/cmake_prefix_path.dsv'
[0.443s] INFO:colcon.colcon_core.shell:Creating environment hook '/home/giacomo/IR_LABS/Assignments/ws_07_assignments/install/ir_launch/share/ir_launch/hook/cmake_prefix_path.sh'
[0.443s] Level 1:colcon.colcon_core.environment:checking '/home/giacomo/IR_LABS/Assignments/ws_07_assignments/install/ir_launch/bin'
[0.444s] Level 1:colcon.colcon_core.environment:checking '/home/giacomo/IR_LABS/Assignments/ws_07_assignments/install/ir_launch/lib/pkgconfig/ir_launch.pc'
[0.444s] Level 1:colcon.colcon_core.environment:checking '/home/giacomo/IR_LABS/Assignments/ws_07_assignments/install/ir_launch/lib/python3.12/site-packages'
[0.444s] Level 1:colcon.colcon_core.environment:checking '/home/giacomo/IR_LABS/Assignments/ws_07_assignments/install/ir_launch/bin'
[0.444s] INFO:colcon.colcon_core.shell:Creating package script '/home/giacomo/IR_LABS/Assignments/ws_07_assignments/install/ir_launch/share/ir_launch/package.ps1'
[0.445s] INFO:colcon.colcon_core.shell:Creating package descriptor '/home/giacomo/IR_LABS/Assignments/ws_07_assignments/install/ir_launch/share/ir_launch/package.dsv'
[0.445s] INFO:colcon.colcon_core.shell:Creating package script '/home/giacomo/IR_LABS/Assignments/ws_07_assignments/install/ir_launch/share/ir_launch/package.sh'
[0.445s] INFO:colcon.colcon_core.shell:Creating package script '/home/giacomo/IR_LABS/Assignments/ws_07_assignments/install/ir_launch/share/ir_launch/package.bash'
[0.446s] INFO:colcon.colcon_core.shell:Creating package script '/home/giacomo/IR_LABS/Assignments/ws_07_assignments/install/ir_launch/share/ir_launch/package.zsh'
[0.446s] Level 1:colcon.colcon_core.environment:create_file_with_runtime_dependencies(/home/giacomo/IR_LABS/Assignments/ws_07_assignments/install/ir_launch/share/colcon-core/packages/ir_launch)
[0.446s] Level 1:colcon.colcon_core.environment:create_environment_scripts_only(ir_base)
[0.447s] Level 1:colcon.colcon_core.environment:checking '/home/giacomo/IR_LABS/Assignments/ws_07_assignments/install/ir_base' for CMake module files
[0.448s] DEBUG:colcon.colcon_core.event_handler.log_command:Invoked command in '/home/giacomo/IR_LABS/Assignments/ws_07_assignments/build/ir_base' returned '0': CMAKE_PREFIX_PATH=${CMAKE_PREFIX_PATH}:/opt/ros/jazzy DEBUGINFOD_URLS=https://debuginfod.ubuntu.com /usr/bin/cmake --install /home/giacomo/IR_LABS/Assignments/ws_07_assignments/build/ir_base
[0.448s] Level 1:colcon.colcon_core.environment:checking '/home/giacomo/IR_LABS/Assignments/ws_07_assignments/install/ir_base' for CMake config files
[0.450s] Level 1:colcon.colcon_core.shell:create_environment_hook('ir_base', 'cmake_prefix_path')
[0.450s] INFO:colcon.colcon_core.shell:Creating environment hook '/home/giacomo/IR_LABS/Assignments/ws_07_assignments/install/ir_base/share/ir_base/hook/cmake_prefix_path.ps1'
[0.451s] INFO:colcon.colcon_core.shell:Creating environment descriptor '/home/giacomo/IR_LABS/Assignments/ws_07_assignments/install/ir_base/share/ir_base/hook/cmake_prefix_path.dsv'
[0.451s] INFO:colcon.colcon_core.shell:Creating environment hook '/home/giacomo/IR_LABS/Assignments/ws_07_assignments/install/ir_base/share/ir_base/hook/cmake_prefix_path.sh'
[0.452s] Level 1:colcon.colcon_core.environment:checking '/home/giacomo/IR_LABS/Assignments/ws_07_assignments/install/ir_base/bin'
[0.453s] Level 1:colcon.colcon_core.environment:checking '/home/giacomo/IR_LABS/Assignments/ws_07_assignments/install/ir_base/lib/pkgconfig/ir_base.pc'
[0.453s] Level 1:colcon.colcon_core.environment:checking '/home/giacomo/IR_LABS/Assignments/ws_07_assignments/install/ir_base/lib/python3.12/site-packages'
[0.453s] Level 1:colcon.colcon_core.environment:checking '/home/giacomo/IR_LABS/Assignments/ws_07_assignments/install/ir_base/bin'
[0.454s] INFO:colcon.colcon_core.shell:Creating package script '/home/giacomo/IR_LABS/Assignments/ws_07_assignments/install/ir_base/share/ir_base/package.ps1'
[0.455s] INFO:colcon.colcon_core.shell:Creating package descriptor '/home/giacomo/IR_LABS/Assignments/ws_07_assignments/install/ir_base/share/ir_base/package.dsv'
[0.456s] INFO:colcon.colcon_core.shell:Creating package script '/home/giacomo/IR_LABS/Assignments/ws_07_assignments/install/ir_base/share/ir_base/package.sh'
[0.457s] INFO:colcon.colcon_core.shell:Creating package script '/home/giacomo/IR_LABS/Assignments/ws_07_assignments/install/ir_base/share/ir_base/package.bash'
[0.457s] INFO:colcon.colcon_core.shell:Creating package script '/home/giacomo/IR_LABS/Assignments/ws_07_assignments/install/ir_base/share/ir_base/package.zsh'
[0.457s] Level 1:colcon.colcon_core.environment:create_file_with_runtime_dependencies(/home/giacomo/IR_LABS/Assignments/ws_07_assignments/install/ir_base/share/colcon-core/packages/ir_base)
[0.458s] Level 1:colcon.colcon_core.environment:create_environment_scripts_only(ir_base)
[0.458s] Level 1:colcon.colcon_core.environment:checking '/home/giacomo/IR_LABS/Assignments/ws_07_assignments/install/ir_base' for CMake module files
[0.459s] Level 1:colcon.colcon_core.environment:checking '/home/giacomo/IR_LABS/Assignments/ws_07_assignments/install/ir_base' for CMake config files
[0.460s] Level 1:colcon.colcon_core.shell:create_environment_hook('ir_base', 'cmake_prefix_path')
[0.460s] INFO:colcon.colcon_core.shell:Creating environment hook '/home/giacomo/IR_LABS/Assignments/ws_07_assignments/install/ir_base/share/ir_base/hook/cmake_prefix_path.ps1'
[0.461s] INFO:colcon.colcon_core.shell:Creating environment descriptor '/home/giacomo/IR_LABS/Assignments/ws_07_assignments/install/ir_base/share/ir_base/hook/cmake_prefix_path.dsv'
[0.485s] INFO:colcon.colcon_core.shell:Creating environment hook '/home/giacomo/IR_LABS/Assignments/ws_07_assignments/install/ir_base/share/ir_base/hook/cmake_prefix_path.sh'
[0.486s] Level 1:colcon.colcon_core.environment:checking '/home/giacomo/IR_LABS/Assignments/ws_07_assignments/install/ir_base/bin'
[0.486s] Level 1:colcon.colcon_core.environment:checking '/home/giacomo/IR_LABS/Assignments/ws_07_assignments/install/ir_base/lib/pkgconfig/ir_base.pc'
[0.486s] Level 1:colcon.colcon_core.environment:checking '/home/giacomo/IR_LABS/Assignments/ws_07_assignments/install/ir_base/lib/python3.12/site-packages'
[0.487s] Level 1:colcon.colcon_core.environment:checking '/home/giacomo/IR_LABS/Assignments/ws_07_assignments/install/ir_base/bin'
[0.487s] INFO:colcon.colcon_core.shell:Creating package script '/home/giacomo/IR_LABS/Assignments/ws_07_assignments/install/ir_base/share/ir_base/package.ps1'
[0.487s] INFO:colcon.colcon_core.shell:Creating package descriptor '/home/giacomo/IR_LABS/Assignments/ws_07_assignments/install/ir_base/share/ir_base/package.dsv'
[0.488s] INFO:colcon.colcon_core.shell:Creating package script '/home/giacomo/IR_LABS/Assignments/ws_07_assignments/install/ir_base/share/ir_base/package.sh'
[0.488s] INFO:colcon.colcon_core.shell:Creating package script '/home/giacomo/IR_LABS/Assignments/ws_07_assignments/install/ir_base/share/ir_base/package.bash'
[0.489s] INFO:colcon.colcon_core.shell:Creating package script '/home/giacomo/IR_LABS/Assignments/ws_07_assignments/install/ir_base/share/ir_base/package.zsh'
[0.489s] Level 1:colcon.colcon_core.environment:create_file_with_runtime_dependencies(/home/giacomo/IR_LABS/Assignments/ws_07_assignments/install/ir_base/share/colcon-core/packages/ir_base)
[0.496s] DEBUG:colcon.colcon_core.event_handler.log_command:Invoking command in '/home/giacomo/IR_LABS/Assignments/ws_07_assignments/build/ir_movit_config': CMAKE_PREFIX_PATH=/home/giacomo/IR_LABS/Assignments/ws_07_assignments/install/ir_desription:/home/giacomo/IR_LABS/Assignments/ws_07_assignments/install/ir_movit_config:/home/giacomo/IR_LABS/Assignments/ws_07_assignments/install/ir_launch:/home/giacomo/IR_LABS/Assignments/ws_07_assignments/install/ir_base:/home/giacomo/IR_LABS/Assignments/ws_07_assignments/install/assignment_1_07:/home/giacomo/IR_LABS/Assignments/ws_07_assignments/install/apriltag_ros:/opt/ros/jazzy/opt/gz_sim_vendor:/opt/ros/jazzy/opt/gz_sensors_vendor:/opt/ros/jazzy/opt/gz_physics_vendor:/opt/ros/jazzy/opt/sdformat_vendor:/opt/ros/jazzy/opt/gz_gui_vendor:/opt/ros/jazzy/opt/gz_transport_vendor:/opt/ros/jazzy/opt/gz_rendering_vendor:/opt/ros/jazzy/opt/gz_plugin_vendor:/opt/ros/jazzy/opt/gz_fuel_tools_vendor:/opt/ros/jazzy/opt/gz_msgs_vendor:/opt/ros/jazzy/opt/gz_common_vendor:/opt/ros/jazzy/opt/gz_math_vendor:/opt/ros/jazzy/opt/gz_utils_vendor:/opt/ros/jazzy/opt/gz_tools_vendor:/opt/ros/jazzy/opt/gz_ogre_next_vendor:/opt/ros/jazzy/opt/gz_dartsim_vendor:/opt/ros/jazzy/opt/gz_cmake_vendor:/opt/ros/jazzy DEBUGINFOD_URLS=https://debuginfod.ubuntu.com /usr/bin/cmake --build /home/giacomo/IR_LABS/Assignments/ws_07_assignments/build/ir_movit_config -- -j16 -l16
[0.496s] DEBUG:colcon.colcon_core.event_handler.log_command:Invoked command in '/home/giacomo/IR_LABS/Assignments/ws_07_assignments/build/apriltag_ros' returned '0': CMAKE_PREFIX_PATH=${CMAKE_PREFIX_PATH}:/opt/ros/jazzy DEBUGINFOD_URLS=https://debuginfod.ubuntu.com /usr/bin/cmake --build /home/giacomo/IR_LABS/Assignments/ws_07_assignments/build/apriltag_ros -- -j16 -l16
[0.498s] DEBUG:colcon.colcon_core.event_handler.log_command:Invoking command in '/home/giacomo/IR_LABS/Assignments/ws_07_assignments/build/apriltag_ros': CMAKE_PREFIX_PATH=${CMAKE_PREFIX_PATH}:/opt/ros/jazzy DEBUGINFOD_URLS=https://debuginfod.ubuntu.com /usr/bin/cmake --install /home/giacomo/IR_LABS/Assignments/ws_07_assignments/build/apriltag_ros
[0.512s] Level 1:colcon.colcon_core.environment:create_environment_scripts_only(apriltag_ros)
[0.512s] DEBUG:colcon.colcon_core.event_handler.log_command:Invoked command in '/home/giacomo/IR_LABS/Assignments/ws_07_assignments/build/apriltag_ros' returned '0': CMAKE_PREFIX_PATH=${CMAKE_PREFIX_PATH}:/opt/ros/jazzy DEBUGINFOD_URLS=https://debuginfod.ubuntu.com /usr/bin/cmake --install /home/giacomo/IR_LABS/Assignments/ws_07_assignments/build/apriltag_ros
[0.513s] Level 1:colcon.colcon_core.environment:checking '/home/giacomo/IR_LABS/Assignments/ws_07_assignments/install/apriltag_ros' for CMake module files
[0.514s] Level 1:colcon.colcon_core.environment:checking '/home/giacomo/IR_LABS/Assignments/ws_07_assignments/install/apriltag_ros' for CMake config files
[0.514s] Level 1:colcon.colcon_core.shell:create_environment_hook('apriltag_ros', 'cmake_prefix_path')
[0.514s] INFO:colcon.colcon_core.shell:Creating environment hook '/home/giacomo/IR_LABS/Assignments/ws_07_assignments/install/apriltag_ros/share/apriltag_ros/hook/cmake_prefix_path.ps1'
[0.515s] INFO:colcon.colcon_core.shell:Creating environment descriptor '/home/giacomo/IR_LABS/Assignments/ws_07_assignments/install/apriltag_ros/share/apriltag_ros/hook/cmake_prefix_path.dsv'
[0.516s] INFO:colcon.colcon_core.shell:Creating environment hook '/home/giacomo/IR_LABS/Assignments/ws_07_assignments/install/apriltag_ros/share/apriltag_ros/hook/cmake_prefix_path.sh'
[0.516s] Level 1:colcon.colcon_core.environment:checking '/home/giacomo/IR_LABS/Assignments/ws_07_assignments/install/apriltag_ros/lib'
[0.517s] Level 1:colcon.colcon_core.shell:create_environment_hook('apriltag_ros', 'ld_library_path_lib')
[0.517s] INFO:colcon.colcon_core.shell:Creating environment hook '/home/giacomo/IR_LABS/Assignments/ws_07_assignments/install/apriltag_ros/share/apriltag_ros/hook/ld_library_path_lib.ps1'
[0.517s] INFO:colcon.colcon_core.shell:Creating environment descriptor '/home/giacomo/IR_LABS/Assignments/ws_07_assignments/install/apriltag_ros/share/apriltag_ros/hook/ld_library_path_lib.dsv'
[0.518s] INFO:colcon.colcon_core.shell:Creating environment hook '/home/giacomo/IR_LABS/Assignments/ws_07_assignments/install/apriltag_ros/share/apriltag_ros/hook/ld_library_path_lib.sh'
[0.518s] Level 1:colcon.colcon_core.environment:checking '/home/giacomo/IR_LABS/Assignments/ws_07_assignments/install/apriltag_ros/bin'
[0.518s] Level 1:colcon.colcon_core.environment:checking '/home/giacomo/IR_LABS/Assignments/ws_07_assignments/install/apriltag_ros/lib/pkgconfig/apriltag_ros.pc'
[0.519s] Level 1:colcon.colcon_core.environment:checking '/home/giacomo/IR_LABS/Assignments/ws_07_assignments/install/apriltag_ros/lib/python3.12/site-packages'
[0.519s] Level 1:colcon.colcon_core.environment:checking '/home/giacomo/IR_LABS/Assignments/ws_07_assignments/install/apriltag_ros/bin'
[0.519s] INFO:colcon.colcon_core.shell:Creating package script '/home/giacomo/IR_LABS/Assignments/ws_07_assignments/install/apriltag_ros/share/apriltag_ros/package.ps1'
[0.520s] INFO:colcon.colcon_core.shell:Creating package descriptor '/home/giacomo/IR_LABS/Assignments/ws_07_assignments/install/apriltag_ros/share/apriltag_ros/package.dsv'
[0.521s] INFO:colcon.colcon_core.shell:Creating package script '/home/giacomo/IR_LABS/Assignments/ws_07_assignments/install/apriltag_ros/share/apriltag_ros/package.sh'
[0.521s] INFO:colcon.colcon_core.shell:Creating package script '/home/giacomo/IR_LABS/Assignments/ws_07_assignments/install/apriltag_ros/share/apriltag_ros/package.bash'
[0.521s] INFO:colcon.colcon_core.shell:Creating package script '/home/giacomo/IR_LABS/Assignments/ws_07_assignments/install/apriltag_ros/share/apriltag_ros/package.zsh'
[0.522s] Level 1:colcon.colcon_core.environment:create_file_with_runtime_dependencies(/home/giacomo/IR_LABS/Assignments/ws_07_assignments/install/apriltag_ros/share/colcon-core/packages/apriltag_ros)
[0.522s] Level 1:colcon.colcon_core.environment:create_environment_scripts_only(apriltag_ros)
[0.522s] Level 1:colcon.colcon_core.environment:checking '/home/giacomo/IR_LABS/Assignments/ws_07_assignments/install/apriltag_ros' for CMake module files
[0.523s] Level 1:colcon.colcon_core.environment:checking '/home/giacomo/IR_LABS/Assignments/ws_07_assignments/install/apriltag_ros' for CMake config files
[0.523s] Level 1:colcon.colcon_core.shell:create_environment_hook('apriltag_ros', 'cmake_prefix_path')
[0.523s] INFO:colcon.colcon_core.shell:Creating environment hook '/home/giacomo/IR_LABS/Assignments/ws_07_assignments/install/apriltag_ros/share/apriltag_ros/hook/cmake_prefix_path.ps1'
[0.524s] INFO:colcon.colcon_core.shell:Creating environment descriptor '/home/giacomo/IR_LABS/Assignments/ws_07_assignments/install/apriltag_ros/share/apriltag_ros/hook/cmake_prefix_path.dsv'
[0.524s] INFO:colcon.colcon_core.shell:Creating environment hook '/home/giacomo/IR_LABS/Assignments/ws_07_assignments/install/apriltag_ros/share/apriltag_ros/hook/cmake_prefix_path.sh'
[0.525s] Level 1:colcon.colcon_core.environment:checking '/home/giacomo/IR_LABS/Assignments/ws_07_assignments/install/apriltag_ros/lib'
[0.525s] Level 1:colcon.colcon_core.shell:create_environment_hook('apriltag_ros', 'ld_library_path_lib')
[0.525s] INFO:colcon.colcon_core.shell:Creating environment hook '/home/giacomo/IR_LABS/Assignments/ws_07_assignments/install/apriltag_ros/share/apriltag_ros/hook/ld_library_path_lib.ps1'
[0.525s] INFO:colcon.colcon_core.shell:Creating environment descriptor '/home/giacomo/IR_LABS/Assignments/ws_07_assignments/install/apriltag_ros/share/apriltag_ros/hook/ld_library_path_lib.dsv'
[0.526s] INFO:colcon.colcon_core.shell:Creating environment hook '/home/giacomo/IR_LABS/Assignments/ws_07_assignments/install/apriltag_ros/share/apriltag_ros/hook/ld_library_path_lib.sh'
[0.526s] Level 1:colcon.colcon_core.environment:checking '/home/giacomo/IR_LABS/Assignments/ws_07_assignments/install/apriltag_ros/bin'
[0.526s] Level 1:colcon.colcon_core.environment:checking '/home/giacomo/IR_LABS/Assignments/ws_07_assignments/install/apriltag_ros/lib/pkgconfig/apriltag_ros.pc'
[0.526s] Level 1:colcon.colcon_core.environment:checking '/home/giacomo/IR_LABS/Assignments/ws_07_assignments/install/apriltag_ros/lib/python3.12/site-packages'
[0.526s] Level 1:colcon.colcon_core.environment:checking '/home/giacomo/IR_LABS/Assignments/ws_07_assignments/install/apriltag_ros/bin'
[0.527s] INFO:colcon.colcon_core.shell:Creating package script '/home/giacomo/IR_LABS/Assignments/ws_07_assignments/install/apriltag_ros/share/apriltag_ros/package.ps1'
[0.527s] INFO:colcon.colcon_core.shell:Creating package descriptor '/home/giacomo/IR_LABS/Assignments/ws_07_assignments/install/apriltag_ros/share/apriltag_ros/package.dsv'
[0.528s] INFO:colcon.colcon_core.shell:Creating package script '/home/giacomo/IR_LABS/Assignments/ws_07_assignments/install/apriltag_ros/share/apriltag_ros/package.sh'
[0.528s] INFO:colcon.colcon_core.shell:Creating package script '/home/giacomo/IR_LABS/Assignments/ws_07_assignments/install/apriltag_ros/share/apriltag_ros/package.bash'
[0.529s] INFO:colcon.colcon_core.shell:Creating package script '/home/giacomo/IR_LABS/Assignments/ws_07_assignments/install/apriltag_ros/share/apriltag_ros/package.zsh'
[0.530s] Level 1:colcon.colcon_core.environment:create_file_with_runtime_dependencies(/home/giacomo/IR_LABS/Assignments/ws_07_assignments/install/apriltag_ros/share/colcon-core/packages/apriltag_ros)
[0.592s] DEBUG:colcon.colcon_core.event_handler.log_command:Invoked command in '/home/giacomo/IR_LABS/Assignments/ws_07_assignments/build/ir_movit_config' returned '0': CMAKE_PREFIX_PATH=/home/giacomo/IR_LABS/Assignments/ws_07_assignments/install/ir_desription:/home/giacomo/IR_LABS/Assignments/ws_07_assignments/install/ir_movit_config:/home/giacomo/IR_LABS/Assignments/ws_07_assignments/install/ir_launch:/home/giacomo/IR_LABS/Assignments/ws_07_assignments/install/ir_base:/home/giacomo/IR_LABS/Assignments/ws_07_assignments/install/assignment_1_07:/home/giacomo/IR_LABS/Assignments/ws_07_assignments/install/apriltag_ros:/opt/ros/jazzy/opt/gz_sim_vendor:/opt/ros/jazzy/opt/gz_sensors_vendor:/opt/ros/jazzy/opt/gz_physics_vendor:/opt/ros/jazzy/opt/sdformat_vendor:/opt/ros/jazzy/opt/gz_gui_vendor:/opt/ros/jazzy/opt/gz_transport_vendor:/opt/ros/jazzy/opt/gz_rendering_vendor:/opt/ros/jazzy/opt/gz_plugin_vendor:/opt/ros/jazzy/opt/gz_fuel_tools_vendor:/opt/ros/jazzy/opt/gz_msgs_vendor:/opt/ros/jazzy/opt/gz_common_vendor:/opt/ros/jazzy/opt/gz_math_vendor:/opt/ros/jazzy/opt/gz_utils_vendor:/opt/ros/jazzy/opt/gz_tools_vendor:/opt/ros/jazzy/opt/gz_ogre_next_vendor:/opt/ros/jazzy/opt/gz_dartsim_vendor:/opt/ros/jazzy/opt/gz_cmake_vendor:/opt/ros/jazzy DEBUGINFOD_URLS=https://debuginfod.ubuntu.com /usr/bin/cmake --build /home/giacomo/IR_LABS/Assignments/ws_07_assignments/build/ir_movit_config -- -j16 -l16
[0.595s] DEBUG:colcon.colcon_core.event_handler.log_command:Invoking command in '/home/giacomo/IR_LABS/Assignments/ws_07_assignments/build/ir_movit_config': CMAKE_PREFIX_PATH=/home/giacomo/IR_LABS/Assignments/ws_07_assignments/install/ir_desription:/home/giacomo/IR_LABS/Assignments/ws_07_assignments/install/ir_movit_config:/home/giacomo/IR_LABS/Assignments/ws_07_assignments/install/ir_launch:/home/giacomo/IR_LABS/Assignments/ws_07_assignments/install/ir_base:/home/giacomo/IR_LABS/Assignments/ws_07_assignments/install/assignment_1_07:/home/giacomo/IR_LABS/Assignments/ws_07_assignments/install/apriltag_ros:/opt/ros/jazzy/opt/gz_sim_vendor:/opt/ros/jazzy/opt/gz_sensors_vendor:/opt/ros/jazzy/opt/gz_physics_vendor:/opt/ros/jazzy/opt/sdformat_vendor:/opt/ros/jazzy/opt/gz_gui_vendor:/opt/ros/jazzy/opt/gz_transport_vendor:/opt/ros/jazzy/opt/gz_rendering_vendor:/opt/ros/jazzy/opt/gz_plugin_vendor:/opt/ros/jazzy/opt/gz_fuel_tools_vendor:/opt/ros/jazzy/opt/gz_msgs_vendor:/opt/ros/jazzy/opt/gz_common_vendor:/opt/ros/jazzy/opt/gz_math_vendor:/opt/ros/jazzy/opt/gz_utils_vendor:/opt/ros/jazzy/opt/gz_tools_vendor:/opt/ros/jazzy/opt/gz_ogre_next_vendor:/opt/ros/jazzy/opt/gz_dartsim_vendor:/opt/ros/jazzy/opt/gz_cmake_vendor:/opt/ros/jazzy DEBUGINFOD_URLS=https://debuginfod.ubuntu.com /usr/bin/cmake --install /home/giacomo/IR_LABS/Assignments/ws_07_assignments/build/ir_movit_config
[0.613s] Level 1:colcon.colcon_core.environment:create_environment_scripts_only(ir_movit_config)
[0.613s] Level 1:colcon.colcon_core.environment:checking '/home/giacomo/IR_LABS/Assignments/ws_07_assignments/install/ir_movit_config' for CMake module files
[0.615s] DEBUG:colcon.colcon_core.event_handler.log_command:Invoked command in '/home/giacomo/IR_LABS/Assignments/ws_07_assignments/build/ir_movit_config' returned '0': CMAKE_PREFIX_PATH=/home/giacomo/IR_LABS/Assignments/ws_07_assignments/install/ir_desription:/home/giacomo/IR_LABS/Assignments/ws_07_assignments/install/ir_movit_config:/home/giacomo/IR_LABS/Assignments/ws_07_assignments/install/ir_launch:/home/giacomo/IR_LABS/Assignments/ws_07_assignments/install/ir_base:/home/giacomo/IR_LABS/Assignments/ws_07_assignments/install/assignment_1_07:/home/giacomo/IR_LABS/Assignments/ws_07_assignments/install/apriltag_ros:/opt/ros/jazzy/opt/gz_sim_vendor:/opt/ros/jazzy/opt/gz_sensors_vendor:/opt/ros/jazzy/opt/gz_physics_vendor:/opt/ros/jazzy/opt/sdformat_vendor:/opt/ros/jazzy/opt/gz_gui_vendor:/opt/ros/jazzy/opt/gz_transport_vendor:/opt/ros/jazzy/opt/gz_rendering_vendor:/opt/ros/jazzy/opt/gz_plugin_vendor:/opt/ros/jazzy/opt/gz_fuel_tools_vendor:/opt/ros/jazzy/opt/gz_msgs_vendor:/opt/ros/jazzy/opt/gz_common_vendor:/opt/ros/jazzy/opt/gz_math_vendor:/opt/ros/jazzy/opt/gz_utils_vendor:/opt/ros/jazzy/opt/gz_tools_vendor:/opt/ros/jazzy/opt/gz_ogre_next_vendor:/opt/ros/jazzy/opt/gz_dartsim_vendor:/opt/ros/jazzy/opt/gz_cmake_vendor:/opt/ros/jazzy DEBUGINFOD_URLS=https://debuginfod.ubuntu.com /usr/bin/cmake --install /home/giacomo/IR_LABS/Assignments/ws_07_assignments/build/ir_movit_config
[0.615s] Level 1:colcon.colcon_core.environment:checking '/home/giacomo/IR_LABS/Assignments/ws_07_assignments/install/ir_movit_config' for CMake config files
[0.615s] Level 1:colcon.colcon_core.shell:create_environment_hook('ir_movit_config', 'cmake_prefix_path')
[0.616s] INFO:colcon.colcon_core.shell:Creating environment hook '/home/giacomo/IR_LABS/Assignments/ws_07_assignments/install/ir_movit_config/share/ir_movit_config/hook/cmake_prefix_path.ps1'
[0.616s] INFO:colcon.colcon_core.shell:Creating environment descriptor '/home/giacomo/IR_LABS/Assignments/ws_07_assignments/install/ir_movit_config/share/ir_movit_config/hook/cmake_prefix_path.dsv'
[0.617s] INFO:colcon.colcon_core.shell:Creating environment hook '/home/giacomo/IR_LABS/Assignments/ws_07_assignments/install/ir_movit_config/share/ir_movit_config/hook/cmake_prefix_path.sh'
[0.617s] Level 1:colcon.colcon_core.environment:checking '/home/giacomo/IR_LABS/Assignments/ws_07_assignments/install/ir_movit_config/lib'
[0.618s] Level 1:colcon.colcon_core.environment:checking '/home/giacomo/IR_LABS/Assignments/ws_07_assignments/install/ir_movit_config/bin'
[0.618s] Level 1:colcon.colcon_core.environment:checking '/home/giacomo/IR_LABS/Assignments/ws_07_assignments/install/ir_movit_config/lib/pkgconfig/ir_movit_config.pc'
[0.618s] Level 1:colcon.colcon_core.environment:checking '/home/giacomo/IR_LABS/Assignments/ws_07_assignments/install/ir_movit_config/lib/python3.12/site-packages'
[0.619s] Level 1:colcon.colcon_core.environment:checking '/home/giacomo/IR_LABS/Assignments/ws_07_assignments/install/ir_movit_config/bin'
[0.619s] INFO:colcon.colcon_core.shell:Creating package script '/home/giacomo/IR_LABS/Assignments/ws_07_assignments/install/ir_movit_config/share/ir_movit_config/package.ps1'
[0.620s] INFO:colcon.colcon_core.shell:Creating package descriptor '/home/giacomo/IR_LABS/Assignments/ws_07_assignments/install/ir_movit_config/share/ir_movit_config/package.dsv'
[0.620s] INFO:colcon.colcon_core.shell:Creating package script '/home/giacomo/IR_LABS/Assignments/ws_07_assignments/install/ir_movit_config/share/ir_movit_config/package.sh'
[0.621s] INFO:colcon.colcon_core.shell:Creating package script '/home/giacomo/IR_LABS/Assignments/ws_07_assignments/install/ir_movit_config/share/ir_movit_config/package.bash'
[0.621s] INFO:colcon.colcon_core.shell:Creating package script '/home/giacomo/IR_LABS/Assignments/ws_07_assignments/install/ir_movit_config/share/ir_movit_config/package.zsh'
[0.622s] Level 1:colcon.colcon_core.environment:create_file_with_runtime_dependencies(/home/giacomo/IR_LABS/Assignments/ws_07_assignments/install/ir_movit_config/share/colcon-core/packages/ir_movit_config)
[0.622s] Level 1:colcon.colcon_core.environment:create_environment_scripts_only(ir_movit_config)
[0.622s] Level 1:colcon.colcon_core.environment:checking '/home/giacomo/IR_LABS/Assignments/ws_07_assignments/install/ir_movit_config' for CMake module files
[0.623s] Level 1:colcon.colcon_core.environment:checking '/home/giacomo/IR_LABS/Assignments/ws_07_assignments/install/ir_movit_config' for CMake config files
[0.623s] Level 1:colcon.colcon_core.shell:create_environment_hook('ir_movit_config', 'cmake_prefix_path')
[0.623s] INFO:colcon.colcon_core.shell:Creating environment hook '/home/giacomo/IR_LABS/Assignments/ws_07_assignments/install/ir_movit_config/share/ir_movit_config/hook/cmake_prefix_path.ps1'
[0.623s] INFO:colcon.colcon_core.shell:Creating environment descriptor '/home/giacomo/IR_LABS/Assignments/ws_07_assignments/install/ir_movit_config/share/ir_movit_config/hook/cmake_prefix_path.dsv'
[0.624s] INFO:colcon.colcon_core.shell:Creating environment hook '/home/giacomo/IR_LABS/Assignments/ws_07_assignments/install/ir_movit_config/share/ir_movit_config/hook/cmake_prefix_path.sh'
[0.624s] Level 1:colcon.colcon_core.environment:checking '/home/giacomo/IR_LABS/Assignments/ws_07_assignments/install/ir_movit_config/lib'
[0.624s] Level 1:colcon.colcon_core.environment:checking '/home/giacomo/IR_LABS/Assignments/ws_07_assignments/install/ir_movit_config/bin'
[0.624s] Level 1:colcon.colcon_core.environment:checking '/home/giacomo/IR_LABS/Assignments/ws_07_assignments/install/ir_movit_config/lib/pkgconfig/ir_movit_config.pc'
[0.624s] Level 1:colcon.colcon_core.environment:checking '/home/giacomo/IR_LABS/Assignments/ws_07_assignments/install/ir_movit_config/lib/python3.12/site-packages'
[0.625s] Level 1:colcon.colcon_core.environment:checking '/home/giacomo/IR_LABS/Assignments/ws_07_assignments/install/ir_movit_config/bin'
[0.625s] INFO:colcon.colcon_core.shell:Creating package script '/home/giacomo/IR_LABS/Assignments/ws_07_assignments/install/ir_movit_config/share/ir_movit_config/package.ps1'
[0.626s] INFO:colcon.colcon_core.shell:Creating package descriptor '/home/giacomo/IR_LABS/Assignments/ws_07_assignments/install/ir_movit_config/share/ir_movit_config/package.dsv'
[0.626s] INFO:colcon.colcon_core.shell:Creating package script '/home/giacomo/IR_LABS/Assignments/ws_07_assignments/install/ir_movit_config/share/ir_movit_config/package.sh'
[0.627s] INFO:colcon.colcon_core.shell:Creating package script '/home/giacomo/IR_LABS/Assignments/ws_07_assignments/install/ir_movit_config/share/ir_movit_config/package.bash'
[0.627s] INFO:colcon.colcon_core.shell:Creating package script '/home/giacomo/IR_LABS/Assignments/ws_07_assignments/install/ir_movit_config/share/ir_movit_config/package.zsh'
[0.627s] Level 1:colcon.colcon_core.environment:create_file_with_runtime_dependencies(/home/giacomo/IR_LABS/Assignments/ws_07_assignments/install/ir_movit_config/share/colcon-core/packages/ir_movit_config)
[6.672s] DEBUG:colcon.colcon_core.event_handler.log_command:Invoked command in '/home/giacomo/IR_LABS/Assignments/ws_07_assignments/build/assignment_1_07' returned '2': CMAKE_PREFIX_PATH=${CMAKE_PREFIX_PATH}:/opt/ros/jazzy DEBUGINFOD_URLS=https://debuginfod.ubuntu.com /usr/bin/cmake --build /home/giacomo/IR_LABS/Assignments/ws_07_assignments/build/assignment_1_07 -- -j16 -l16
[6.673s] Level 1:colcon.colcon_core.environment:create_environment_scripts_only(assignment_1_07)
[6.673s] Level 1:colcon.colcon_core.environment:checking '/home/giacomo/IR_LABS/Assignments/ws_07_assignments/install/assignment_1_07' for CMake module files
[6.673s] Level 1:colcon.colcon_core.environment:checking '/home/giacomo/IR_LABS/Assignments/ws_07_assignments/install/assignment_1_07' for CMake config files
[6.674s] Level 1:colcon.colcon_core.shell:create_environment_hook('assignment_1_07', 'cmake_prefix_path')
[6.674s] INFO:colcon.colcon_core.shell:Creating environment hook '/home/giacomo/IR_LABS/Assignments/ws_07_assignments/install/assignment_1_07/share/assignment_1_07/hook/cmake_prefix_path.ps1'
[6.674s] INFO:colcon.colcon_core.shell:Creating environment descriptor '/home/giacomo/IR_LABS/Assignments/ws_07_assignments/install/assignment_1_07/share/assignment_1_07/hook/cmake_prefix_path.dsv'
[6.675s] INFO:colcon.colcon_core.shell:Creating environment hook '/home/giacomo/IR_LABS/Assignments/ws_07_assignments/install/assignment_1_07/share/assignment_1_07/hook/cmake_prefix_path.sh'
[6.675s] Level 1:colcon.colcon_core.environment:checking '/home/giacomo/IR_LABS/Assignments/ws_07_assignments/install/assignment_1_07/bin'
[6.676s] Level 1:colcon.colcon_core.environment:checking '/home/giacomo/IR_LABS/Assignments/ws_07_assignments/install/assignment_1_07/lib/pkgconfig/assignment_1_07.pc'
[6.676s] Level 1:colcon.colcon_core.environment:checking '/home/giacomo/IR_LABS/Assignments/ws_07_assignments/install/assignment_1_07/lib/python3.12/site-packages'
[6.676s] Level 1:colcon.colcon_core.environment:checking '/home/giacomo/IR_LABS/Assignments/ws_07_assignments/install/assignment_1_07/bin'
[6.676s] INFO:colcon.colcon_core.shell:Creating package script '/home/giacomo/IR_LABS/Assignments/ws_07_assignments/install/assignment_1_07/share/assignment_1_07/package.ps1'
[6.677s] INFO:colcon.colcon_core.shell:Creating package descriptor '/home/giacomo/IR_LABS/Assignments/ws_07_assignments/install/assignment_1_07/share/assignment_1_07/package.dsv'
[6.677s] INFO:colcon.colcon_core.shell:Creating package script '/home/giacomo/IR_LABS/Assignments/ws_07_assignments/install/assignment_1_07/share/assignment_1_07/package.sh'
[6.677s] INFO:colcon.colcon_core.shell:Creating package script '/home/giacomo/IR_LABS/Assignments/ws_07_assignments/install/assignment_1_07/share/assignment_1_07/package.bash'
[6.678s] INFO:colcon.colcon_core.shell:Creating package script '/home/giacomo/IR_LABS/Assignments/ws_07_assignments/install/assignment_1_07/share/assignment_1_07/package.zsh'
[6.678s] Level 1:colcon.colcon_core.environment:create_file_with_runtime_dependencies(/home/giacomo/IR_LABS/Assignments/ws_07_assignments/install/assignment_1_07/share/colcon-core/packages/assignment_1_07)
[6.689s] DEBUG:colcon.colcon_parallel_executor.executor.parallel:closing loop
[6.689s] DEBUG:colcon.colcon_parallel_executor.executor.parallel:loop closed
[6.689s] DEBUG:colcon.colcon_parallel_executor.executor.parallel:run_until_complete finished with '2'
[6.689s] DEBUG:colcon.colcon_core.event_reactor:joining thread
[6.699s] INFO:colcon.colcon_core.plugin_system:Skipping extension 'colcon_notification.desktop_notification.terminal_notifier': Not used on non-Darwin systems
[6.699s] INFO:colcon.colcon_core.plugin_system:Skipping extension 'colcon_notification.desktop_notification.win32': Not used on non-Windows systems
[6.699s] INFO:colcon.colcon_notification.desktop_notification:Sending desktop notification using 'notify2'
[6.713s] DEBUG:colcon.colcon_core.event_reactor:joined thread
[6.713s] INFO:colcon.colcon_core.shell:Creating prefix script '/home/giacomo/IR_LABS/Assignments/ws_07_assignments/install/local_setup.ps1'
[6.715s] INFO:colcon.colcon_core.shell:Creating prefix util module '/home/giacomo/IR_LABS/Assignments/ws_07_assignments/install/_local_setup_util_ps1.py'
[6.717s] INFO:colcon.colcon_core.shell:Creating prefix chain script '/home/giacomo/IR_LABS/Assignments/ws_07_assignments/install/setup.ps1'
[6.718s] INFO:colcon.colcon_core.shell:Creating prefix script '/home/giacomo/IR_LABS/Assignments/ws_07_assignments/install/local_setup.sh'
[6.719s] INFO:colcon.colcon_core.shell:Creating prefix util module '/home/giacomo/IR_LABS/Assignments/ws_07_assignments/install/_local_setup_util_sh.py'
[6.719s] INFO:colcon.colcon_core.shell:Creating prefix chain script '/home/giacomo/IR_LABS/Assignments/ws_07_assignments/install/setup.sh'
[6.721s] INFO:colcon.colcon_core.shell:Creating prefix script '/home/giacomo/IR_LABS/Assignments/ws_07_assignments/install/local_setup.bash'
[6.721s] INFO:colcon.colcon_core.shell:Creating prefix chain script '/home/giacomo/IR_LABS/Assignments/ws_07_assignments/install/setup.bash'
[6.723s] INFO:colcon.colcon_core.shell:Creating prefix script '/home/giacomo/IR_LABS/Assignments/ws_07_assignments/install/local_setup.zsh'
[6.724s] INFO:colcon.colcon_core.shell:Creating prefix chain script '/home/giacomo/IR_LABS/Assignments/ws_07_assignments/install/setup.zsh'
