[0.027s] Invoking command in '/home/giacomo/IR_LABS/Assignments/ws_07_assignments/build/ir_launch': CMAKE_PREFIX_PATH=${CMAKE_PREFIX_PATH}:/opt/ros/jazzy DEBUGINFOD_URLS=https://debuginfod.ubuntu.com /usr/bin/cmake --build /home/giacomo/IR_LABS/Assignments/ws_07_assignments/build/ir_launch -- -j16 -l16
[0.079s] Invoked command in '/home/giacomo/IR_LABS/Assignments/ws_07_assignments/build/ir_launch' returned '0': CMAKE_PREFIX_PATH=${CMAKE_PREFIX_PATH}:/opt/ros/jazzy DEBUGINFOD_URLS=https://debuginfod.ubuntu.com /usr/bin/cmake --build /home/giacomo/IR_LABS/Assignments/ws_07_assignments/build/ir_launch -- -j16 -l16
[0.083s] Invoking command in '/home/giacomo/IR_LABS/Assignments/ws_07_assignments/build/ir_launch': CMAKE_PREFIX_PATH=${CMAKE_PREFIX_PATH}:/opt/ros/jazzy DEBUGINFOD_URLS=https://debuginfod.ubuntu.com /usr/bin/cmake --install /home/giacomo/IR_LABS/Assignments/ws_07_assignments/build/ir_launch
[0.111s] -- Install configuration: ""
[0.115s] -- Up-to-date: /home/giacomo/IR_LABS/Assignments/ws_07_assignments/install/ir_launch/share/ament_index/resource_index/package_run_dependencies/ir_launch
[0.115s] -- Up-to-date: /home/giacomo/IR_LABS/Assignments/ws_07_assignments/install/ir_launch/share/ament_index/resource_index/parent_prefix_path/ir_launch
[0.116s] -- Up-to-date: /home/giacomo/IR_LABS/Assignments/ws_07_assignments/install/ir_launch/share/ir_launch/environment/ament_prefix_path.sh
[0.116s] -- Up-to-date: /home/giacomo/IR_LABS/Assignments/ws_07_assignments/install/ir_launch/share/ir_launch/environment/ament_prefix_path.dsv
[0.117s] -- Up-to-date: /home/giacomo/IR_LABS/Assignments/ws_07_assignments/install/ir_launch/share/ir_launch/environment/path.sh
[0.117s] -- Up-to-date: /home/giacomo/IR_LABS/Assignments/ws_07_assignments/install/ir_launch/share/ir_launch/environment/path.dsv
[0.119s] -- Up-to-date: /home/giacomo/IR_LABS/Assignments/ws_07_assignments/install/ir_launch/share/ir_launch/local_setup.bash
[0.119s] -- Up-to-date: /home/giacomo/IR_LABS/Assignments/ws_07_assignments/install/ir_launch/share/ir_launch/local_setup.sh
[0.119s] -- Up-to-date: /home/giacomo/IR_LABS/Assignments/ws_07_assignments/install/ir_launch/share/ir_launch/local_setup.zsh
[0.119s] -- Up-to-date: /home/giacomo/IR_LABS/Assignments/ws_07_assignments/install/ir_launch/share/ir_launch/local_setup.dsv
[0.119s] -- Installing: /home/giacomo/IR_LABS/Assignments/ws_07_assignments/install/ir_launch/share/ir_launch/package.dsv
[0.122s] -- Up-to-date: /home/giacomo/IR_LABS/Assignments/ws_07_assignments/install/ir_launch/share/ament_index/resource_index/packages/ir_launch
[0.122s] -- Up-to-date: /home/giacomo/IR_LABS/Assignments/ws_07_assignments/install/ir_launch/share/ir_launch/cmake/ir_launchConfig.cmake
[0.123s] -- Up-to-date: /home/giacomo/IR_LABS/Assignments/ws_07_assignments/install/ir_launch/share/ir_launch/cmake/ir_launchConfig-version.cmake
[0.123s] -- Up-to-date: /home/giacomo/IR_LABS/Assignments/ws_07_assignments/install/ir_launch/share/ir_launch/package.xml
[0.123s] -- Up-to-date: /home/giacomo/IR_LABS/Assignments/ws_07_assignments/install/ir_launch/share/ir_launch/launch
[0.123s] -- Up-to-date: /home/giacomo/IR_LABS/Assignments/ws_07_assignments/install/ir_launch/share/ir_launch/launch/assignment_1.launch.py
[0.123s] -- Up-to-date: /home/giacomo/IR_LABS/Assignments/ws_07_assignments/install/ir_launch/share/ir_launch/launch/exercise_4.launch.py
[0.123s] -- Up-to-date: /home/giacomo/IR_LABS/Assignments/ws_07_assignments/install/ir_launch/share/ir_launch/launch/spawn_tb3_launch.py
[0.123s] -- Up-to-date: /home/giacomo/IR_LABS/Assignments/ws_07_assignments/install/ir_launch/share/ir_launch/launch/assignment_2.launch.py
[0.140s] Invoked command in '/home/giacomo/IR_LABS/Assignments/ws_07_assignments/build/ir_launch' returned '0': CMAKE_PREFIX_PATH=${CMAKE_PREFIX_PATH}:/opt/ros/jazzy DEBUGINFOD_URLS=https://debuginfod.ubuntu.com /usr/bin/cmake --install /home/giacomo/IR_LABS/Assignments/ws_07_assignments/build/ir_launch
