[0.020s] Invoking command in '/home/salvatore/Desktop/IR_assignment_1_07/build/apriltag_ros': CMAKE_PREFIX_PATH=${CMAKE_PREFIX_PATH}:/opt/ros/jazzy DEBUGINFOD_URLS=https://debuginfod.ubuntu.com /usr/bin/cmake /home/salvatore/Desktop/IR_assignment_1_07/src/ir_2526/apriltag_ros -DCMAKE_INSTALL_PREFIX=/home/salvatore/Desktop/IR_assignment_1_07/install/apriltag_ros
[0.077s] -- The C compiler identification is GNU 13.3.0
[0.140s] -- The CXX compiler identification is GNU 13.3.0
[0.157s] -- Detecting C compiler ABI info
[0.245s] -- Detecting C compiler ABI info - done
[0.262s] -- Check for working C compiler: /usr/bin/cc - skipped
[0.262s] -- Detecting C compile features
[0.263s] -- Detecting C compile features - done
[0.272s] -- Detecting CXX compiler ABI info
[0.370s] -- Detecting CXX compiler ABI info - done
[0.380s] -- Check for working CXX compiler: /usr/bin/c++ - skipped
[0.380s] -- Detecting CXX compile features
[0.380s] -- Detecting CXX compile features - done
[0.385s] -- Found rclcpp: 28.1.12 (/opt/ros/jazzy/share/rclcpp/cmake)
[0.556s] -- Found Python3: /usr/bin/python3 (found version "3.12.3") found components: Interpreter 
[0.764s] -- Found rosidl_generator_c: 4.6.6 (/opt/ros/jazzy/share/rosidl_generator_c/cmake)
[0.785s] -- Found rosidl_generator_cpp: 4.6.6 (/opt/ros/jazzy/share/rosidl_generator_cpp/cmake)
[0.809s] -- Using all available rosidl_typesupport_c: rosidl_typesupport_fastrtps_c;rosidl_typesupport_introspection_c
[0.836s] -- Using all available rosidl_typesupport_cpp: rosidl_typesupport_fastrtps_cpp;rosidl_typesupport_introspection_cpp
[0.958s] -- Found rmw_implementation_cmake: 7.3.2 (/opt/ros/jazzy/share/rmw_implementation_cmake/cmake)
[0.965s] -- Found rmw_fastrtps_cpp: 8.4.3 (/opt/ros/jazzy/share/rmw_fastrtps_cpp/cmake)
[1.071s] -- Found OpenSSL: /usr/lib/x86_64-linux-gnu/libcrypto.so (found version "3.0.13")  
[1.097s] -- Found FastRTPS: /opt/ros/jazzy/include (Required is at least version "2.13") 
[1.125s] -- Using RMW implementation 'rmw_fastrtps_cpp' as default
[1.236s] -- Found rclcpp_components: 28.1.12 (/opt/ros/jazzy/share/rclcpp_components/cmake)
[1.283s] -- Found sensor_msgs: 5.3.6 (/opt/ros/jazzy/share/sensor_msgs/cmake)
[1.367s] -- Found apriltag_msgs: 2.0.1 (/opt/ros/jazzy/share/apriltag_msgs/cmake)
[1.385s] -- Found tf2_ros: 0.36.14 (/opt/ros/jazzy/share/tf2_ros/cmake)
[1.500s] -- Found image_transport: 5.1.7 (/opt/ros/jazzy/share/image_transport/cmake)
[1.516s] -- Found cv_bridge: 4.1.0 (/opt/ros/jazzy/share/cv_bridge/cmake)
[1.538s] -- Performing Test CMAKE_HAVE_LIBC_PTHREAD
[1.623s] -- Performing Test CMAKE_HAVE_LIBC_PTHREAD - Success
[1.625s] -- Found Threads: TRUE  
[1.628s] -- Found OpenCV: /usr (found version "4.6.0") found components: core calib3d 
[1.643s] -- Found ament_lint_auto: 0.17.3 (/opt/ros/jazzy/share/ament_lint_auto/cmake)
[1.758s] -- Added test 'cppcheck' to perform static code analysis on C / C++ code
[1.758s] -- Configured cppcheck include dirs: 
[1.758s] -- Configured cppcheck exclude dirs and/or files: 
[1.759s] -- Configuring done (1.7s)
[1.783s] -- Generating done (0.0s)
[1.791s] -- Build files have been written to: /home/salvatore/Desktop/IR_assignment_1_07/build/apriltag_ros
[1.804s] Invoked command in '/home/salvatore/Desktop/IR_assignment_1_07/build/apriltag_ros' returned '0': CMAKE_PREFIX_PATH=${CMAKE_PREFIX_PATH}:/opt/ros/jazzy DEBUGINFOD_URLS=https://debuginfod.ubuntu.com /usr/bin/cmake /home/salvatore/Desktop/IR_assignment_1_07/src/ir_2526/apriltag_ros -DCMAKE_INSTALL_PREFIX=/home/salvatore/Desktop/IR_assignment_1_07/install/apriltag_ros
[1.804s] Invoking command in '/home/salvatore/Desktop/IR_assignment_1_07/build/apriltag_ros': CMAKE_PREFIX_PATH=${CMAKE_PREFIX_PATH}:/opt/ros/jazzy DEBUGINFOD_URLS=https://debuginfod.ubuntu.com /usr/bin/cmake --build /home/salvatore/Desktop/IR_assignment_1_07/build/apriltag_ros -- -j12 -l12
[1.855s] [ 20%] [32mBuilding CXX object CMakeFiles/tags.dir/src/tag_functions.cpp.o[0m
[1.856s] [ 20%] [32mBuilding CXX object CMakeFiles/conversion.dir/src/conversion.cpp.o[0m
[1.859s] [ 30%] [32mBuilding CXX object CMakeFiles/apriltag_node.dir/rclcpp_components/node_main_apriltag_node.cpp.o[0m
[2.405s] [ 40%] [32m[1mLinking CXX static library libtags.a[0m
[2.441s] [ 40%] Built target tags
[3.590s] [ 50%] [32m[1mLinking CXX static library libconversion.a[0m
[3.631s] [ 50%] Built target conversion
[3.655s] [ 60%] [32mBuilding CXX object CMakeFiles/pose_estimation.dir/src/pose_estimation.cpp.o[0m
[5.083s] [ 70%] [32m[1mLinking CXX executable apriltag_node[0m
[5.222s] [ 70%] Built target apriltag_node
[5.389s] [ 80%] [32m[1mLinking CXX static library libpose_estimation.a[0m
[5.427s] [ 80%] Built target pose_estimation
[5.450s] [ 90%] [32mBuilding CXX object CMakeFiles/AprilTagNode.dir/src/AprilTagNode.cpp.o[0m
[12.577s] [100%] [32m[1mLinking CXX shared library libAprilTagNode.so[0m
[12.856s] [100%] Built target AprilTagNode
[12.866s] Invoked command in '/home/salvatore/Desktop/IR_assignment_1_07/build/apriltag_ros' returned '0': CMAKE_PREFIX_PATH=${CMAKE_PREFIX_PATH}:/opt/ros/jazzy DEBUGINFOD_URLS=https://debuginfod.ubuntu.com /usr/bin/cmake --build /home/salvatore/Desktop/IR_assignment_1_07/build/apriltag_ros -- -j12 -l12
[12.867s] Invoking command in '/home/salvatore/Desktop/IR_assignment_1_07/build/apriltag_ros': CMAKE_PREFIX_PATH=${CMAKE_PREFIX_PATH}:/opt/ros/jazzy DEBUGINFOD_URLS=https://debuginfod.ubuntu.com /usr/bin/cmake --install /home/salvatore/Desktop/IR_assignment_1_07/build/apriltag_ros
[12.875s] -- Install configuration: ""
[12.875s] -- Installing: /home/salvatore/Desktop/IR_assignment_1_07/install/apriltag_ros/lib/apriltag_ros/apriltag_node
[12.876s] -- Set non-toolchain portion of runtime path of "/home/salvatore/Desktop/IR_assignment_1_07/install/apriltag_ros/lib/apriltag_ros/apriltag_node" to ""
[12.876s] -- Installing: /home/salvatore/Desktop/IR_assignment_1_07/install/apriltag_ros/share/apriltag_ros/environment/library_path.sh
[12.876s] -- Installing: /home/salvatore/Desktop/IR_assignment_1_07/install/apriltag_ros/share/apriltag_ros/environment/library_path.dsv
[12.876s] -- Installing: /home/salvatore/Desktop/IR_assignment_1_07/install/apriltag_ros/lib/libAprilTagNode.so
[12.879s] -- Set non-toolchain portion of runtime path of "/home/salvatore/Desktop/IR_assignment_1_07/install/apriltag_ros/lib/libAprilTagNode.so" to ""
[12.879s] -- Installing: /home/salvatore/Desktop/IR_assignment_1_07/install/apriltag_ros/share/apriltag_ros/cfg
[12.879s] -- Installing: /home/salvatore/Desktop/IR_assignment_1_07/install/apriltag_ros/share/apriltag_ros/cfg/qos_overrides.yaml
[12.879s] -- Installing: /home/salvatore/Desktop/IR_assignment_1_07/install/apriltag_ros/share/apriltag_ros/cfg/tags_36h11.yaml
[12.880s] -- Installing: /home/salvatore/Desktop/IR_assignment_1_07/install/apriltag_ros/share/apriltag_ros/launch
[12.880s] -- Installing: /home/salvatore/Desktop/IR_assignment_1_07/install/apriltag_ros/share/apriltag_ros/launch/camera_36h11.launch.yml
[12.880s] -- Installing: /home/salvatore/Desktop/IR_assignment_1_07/install/apriltag_ros/share/ament_index/resource_index/package_run_dependencies/apriltag_ros
[12.880s] -- Installing: /home/salvatore/Desktop/IR_assignment_1_07/install/apriltag_ros/share/ament_index/resource_index/parent_prefix_path/apriltag_ros
[12.880s] -- Installing: /home/salvatore/Desktop/IR_assignment_1_07/install/apriltag_ros/share/apriltag_ros/environment/ament_prefix_path.sh
[12.880s] -- Installing: /home/salvatore/Desktop/IR_assignment_1_07/install/apriltag_ros/share/apriltag_ros/environment/ament_prefix_path.dsv
[12.880s] -- Installing: /home/salvatore/Desktop/IR_assignment_1_07/install/apriltag_ros/share/apriltag_ros/environment/path.sh
[12.880s] -- Installing: /home/salvatore/Desktop/IR_assignment_1_07/install/apriltag_ros/share/apriltag_ros/environment/path.dsv
[12.880s] -- Installing: /home/salvatore/Desktop/IR_assignment_1_07/install/apriltag_ros/share/apriltag_ros/local_setup.bash
[12.881s] -- Installing: /home/salvatore/Desktop/IR_assignment_1_07/install/apriltag_ros/share/apriltag_ros/local_setup.sh
[12.881s] -- Installing: /home/salvatore/Desktop/IR_assignment_1_07/install/apriltag_ros/share/apriltag_ros/local_setup.zsh
[12.881s] -- Installing: /home/salvatore/Desktop/IR_assignment_1_07/install/apriltag_ros/share/apriltag_ros/local_setup.dsv
[12.881s] -- Installing: /home/salvatore/Desktop/IR_assignment_1_07/install/apriltag_ros/share/apriltag_ros/package.dsv
[12.881s] -- Installing: /home/salvatore/Desktop/IR_assignment_1_07/install/apriltag_ros/share/ament_index/resource_index/packages/apriltag_ros
[12.881s] -- Installing: /home/salvatore/Desktop/IR_assignment_1_07/install/apriltag_ros/share/ament_index/resource_index/rclcpp_components/apriltag_ros
[12.881s] -- Installing: /home/salvatore/Desktop/IR_assignment_1_07/install/apriltag_ros/share/apriltag_ros/cmake/apriltag_rosConfig.cmake
[12.882s] -- Installing: /home/salvatore/Desktop/IR_assignment_1_07/install/apriltag_ros/share/apriltag_ros/cmake/apriltag_rosConfig-version.cmake
[12.882s] -- Installing: /home/salvatore/Desktop/IR_assignment_1_07/install/apriltag_ros/share/apriltag_ros/package.xml
[12.884s] Invoked command in '/home/salvatore/Desktop/IR_assignment_1_07/build/apriltag_ros' returned '0': CMAKE_PREFIX_PATH=${CMAKE_PREFIX_PATH}:/opt/ros/jazzy DEBUGINFOD_URLS=https://debuginfod.ubuntu.com /usr/bin/cmake --install /home/salvatore/Desktop/IR_assignment_1_07/build/apriltag_ros
