[0.009s] Invoking command in '/home/giacomo/IR_LABS/Assignments/ws_07_assignments/build/assignment_1_07': CMAKE_PREFIX_PATH=${CMAKE_PREFIX_PATH}:/opt/ros/jazzy DEBUGINFOD_URLS=https://debuginfod.ubuntu.com /usr/bin/cmake --build /home/giacomo/IR_LABS/Assignments/ws_07_assignments/build/assignment_1_07 -- -j16 -l16
[0.062s] [ 50%] Built target goal_selector
[0.064s] [ 75%] [32mBuilding CXX object CMakeFiles/nav2_orchestrator.dir/src/nav2_orchestrator.cpp.o[0m
[3.774s] [100%] [32m[1mLinking CXX executable nav2_orchestrator[0m
[3.961s] [100%] Built target nav2_orchestrator
[3.971s] Invoked command in '/home/giacomo/IR_LABS/Assignments/ws_07_assignments/build/assignment_1_07' returned '0': CMAKE_PREFIX_PATH=${CMAKE_PREFIX_PATH}:/opt/ros/jazzy DEBUGINFOD_URLS=https://debuginfod.ubuntu.com /usr/bin/cmake --build /home/giacomo/IR_LABS/Assignments/ws_07_assignments/build/assignment_1_07 -- -j16 -l16
[3.979s] Invoking command in '/home/giacomo/IR_LABS/Assignments/ws_07_assignments/build/assignment_1_07': CMAKE_PREFIX_PATH=${CMAKE_PREFIX_PATH}:/opt/ros/jazzy DEBUGINFOD_URLS=https://debuginfod.ubuntu.com /usr/bin/cmake --install /home/giacomo/IR_LABS/Assignments/ws_07_assignments/build/assignment_1_07
[3.986s] -- Install configuration: ""
[3.986s] -- Up-to-date: /home/giacomo/IR_LABS/Assignments/ws_07_assignments/install/assignment_1_07/lib/assignment_1_07/goal_selector
[3.986s] -- Installing: /home/giacomo/IR_LABS/Assignments/ws_07_assignments/install/assignment_1_07/lib/assignment_1_07/nav2_orchestrator
[3.988s] -- Set non-toolchain portion of runtime path of "/home/giacomo/IR_LABS/Assignments/ws_07_assignments/install/assignment_1_07/lib/assignment_1_07/nav2_orchestrator" to ""
[3.988s] -- Up-to-date: /home/giacomo/IR_LABS/Assignments/ws_07_assignments/install/assignment_1_07/share/assignment_1_07//launch
[3.988s] -- Up-to-date: /home/giacomo/IR_LABS/Assignments/ws_07_assignments/install/assignment_1_07/share/assignment_1_07//launch/global.launch.py
[3.988s] -- Up-to-date: /home/giacomo/IR_LABS/Assignments/ws_07_assignments/install/assignment_1_07/share/assignment_1_07//config
[3.988s] -- Up-to-date: /home/giacomo/IR_LABS/Assignments/ws_07_assignments/install/assignment_1_07/share/assignment_1_07//config/apriltag_params.yaml
[3.988s] -- Up-to-date: /home/giacomo/IR_LABS/Assignments/ws_07_assignments/install/assignment_1_07/share/ament_index/resource_index/package_run_dependencies/assignment_1_07
[3.988s] -- Up-to-date: /home/giacomo/IR_LABS/Assignments/ws_07_assignments/install/assignment_1_07/share/ament_index/resource_index/parent_prefix_path/assignment_1_07
[3.988s] -- Up-to-date: /home/giacomo/IR_LABS/Assignments/ws_07_assignments/install/assignment_1_07/share/assignment_1_07/environment/ament_prefix_path.sh
[3.988s] -- Up-to-date: /home/giacomo/IR_LABS/Assignments/ws_07_assignments/install/assignment_1_07/share/assignment_1_07/environment/ament_prefix_path.dsv
[3.988s] -- Up-to-date: /home/giacomo/IR_LABS/Assignments/ws_07_assignments/install/assignment_1_07/share/assignment_1_07/environment/path.sh
[3.988s] -- Up-to-date: /home/giacomo/IR_LABS/Assignments/ws_07_assignments/install/assignment_1_07/share/assignment_1_07/environment/path.dsv
[3.988s] -- Up-to-date: /home/giacomo/IR_LABS/Assignments/ws_07_assignments/install/assignment_1_07/share/assignment_1_07/local_setup.bash
[3.988s] -- Up-to-date: /home/giacomo/IR_LABS/Assignments/ws_07_assignments/install/assignment_1_07/share/assignment_1_07/local_setup.sh
[3.989s] -- Up-to-date: /home/giacomo/IR_LABS/Assignments/ws_07_assignments/install/assignment_1_07/share/assignment_1_07/local_setup.zsh
[3.989s] -- Up-to-date: /home/giacomo/IR_LABS/Assignments/ws_07_assignments/install/assignment_1_07/share/assignment_1_07/local_setup.dsv
[3.989s] -- Installing: /home/giacomo/IR_LABS/Assignments/ws_07_assignments/install/assignment_1_07/share/assignment_1_07/package.dsv
[3.989s] -- Up-to-date: /home/giacomo/IR_LABS/Assignments/ws_07_assignments/install/assignment_1_07/share/ament_index/resource_index/packages/assignment_1_07
[3.989s] -- Up-to-date: /home/giacomo/IR_LABS/Assignments/ws_07_assignments/install/assignment_1_07/share/assignment_1_07/cmake/assignment_1_07Config.cmake
[3.989s] -- Up-to-date: /home/giacomo/IR_LABS/Assignments/ws_07_assignments/install/assignment_1_07/share/assignment_1_07/cmake/assignment_1_07Config-version.cmake
[3.989s] -- Up-to-date: /home/giacomo/IR_LABS/Assignments/ws_07_assignments/install/assignment_1_07/share/assignment_1_07/package.xml
[3.990s] Invoked command in '/home/giacomo/IR_LABS/Assignments/ws_07_assignments/build/assignment_1_07' returned '0': CMAKE_PREFIX_PATH=${CMAKE_PREFIX_PATH}:/opt/ros/jazzy DEBUGINFOD_URLS=https://debuginfod.ubuntu.com /usr/bin/cmake --install /home/giacomo/IR_LABS/Assignments/ws_07_assignments/build/assignment_1_07
