[0.011s] Invoking command in '/home/giacomo/IR_LABS/Assignments/ws_07_assignments/build/ir_launch': CMAKE_PREFIX_PATH=${CMAKE_PREFIX_PATH}:/opt/ros/jazzy DEBUGINFOD_URLS=https://debuginfod.ubuntu.com /usr/bin/cmake /home/giacomo/IR_LABS/Assignments/ws_07_assignments/src/ir_2526/ir_launch -DCMAKE_INSTALL_PREFIX=/home/giacomo/IR_LABS/Assignments/ws_07_assignments/install/ir_launch
[0.171s] -- The C compiler identification is GNU 13.3.0
[0.221s] -- The CXX compiler identification is GNU 13.3.0
[0.235s] -- Detecting C compiler ABI info
[0.297s] -- Detecting C compiler ABI info - done
[0.303s] -- Check for working C compiler: /usr/bin/cc - skipped
[0.305s] -- Detecting C compile features
[0.305s] -- Detecting C compile features - done
[0.313s] -- Detecting CXX compiler ABI info
[0.387s] -- Detecting CXX compiler ABI info - done
[0.393s] -- Check for working CXX compiler: /usr/bin/c++ - skipped
[0.394s] -- Detecting CXX compile features
[0.394s] -- Detecting CXX compile features - done
[0.401s] -- Found ament_cmake: 2.5.4 (/opt/ros/jazzy/share/ament_cmake/cmake)
[0.522s] -- Found Python3: /usr/bin/python3 (found version "3.12.3") found components: Interpreter 
[0.620s] -- Found ament_lint_auto: 0.17.3 (/opt/ros/jazzy/share/ament_lint_auto/cmake)
[0.710s] -- Added test 'flake8' to check Python code syntax and style conventions
[0.710s] -- Configured 'flake8' exclude dirs and/or files: 
[0.711s] -- Added test 'lint_cmake' to check CMake code style
[0.711s] -- Added test 'pep257' to check Python code against some of the docstring style conventions in PEP 257
[0.712s] -- Added test 'xmllint' to check XML markup files
[0.714s] -- Configuring done (0.7s)
[0.715s] -- Generating done (0.0s)
[0.716s] -- Build files have been written to: /home/giacomo/IR_LABS/Assignments/ws_07_assignments/build/ir_launch
[0.720s] Invoked command in '/home/giacomo/IR_LABS/Assignments/ws_07_assignments/build/ir_launch' returned '0': CMAKE_PREFIX_PATH=${CMAKE_PREFIX_PATH}:/opt/ros/jazzy DEBUGINFOD_URLS=https://debuginfod.ubuntu.com /usr/bin/cmake /home/giacomo/IR_LABS/Assignments/ws_07_assignments/src/ir_2526/ir_launch -DCMAKE_INSTALL_PREFIX=/home/giacomo/IR_LABS/Assignments/ws_07_assignments/install/ir_launch
[0.722s] Invoking command in '/home/giacomo/IR_LABS/Assignments/ws_07_assignments/build/ir_launch': CMAKE_PREFIX_PATH=${CMAKE_PREFIX_PATH}:/opt/ros/jazzy DEBUGINFOD_URLS=https://debuginfod.ubuntu.com /usr/bin/cmake --build /home/giacomo/IR_LABS/Assignments/ws_07_assignments/build/ir_launch -- -j16 -l16
[0.751s] Invoked command in '/home/giacomo/IR_LABS/Assignments/ws_07_assignments/build/ir_launch' returned '0': CMAKE_PREFIX_PATH=${CMAKE_PREFIX_PATH}:/opt/ros/jazzy DEBUGINFOD_URLS=https://debuginfod.ubuntu.com /usr/bin/cmake --build /home/giacomo/IR_LABS/Assignments/ws_07_assignments/build/ir_launch -- -j16 -l16
[0.759s] Invoking command in '/home/giacomo/IR_LABS/Assignments/ws_07_assignments/build/ir_launch': CMAKE_PREFIX_PATH=${CMAKE_PREFIX_PATH}:/opt/ros/jazzy DEBUGINFOD_URLS=https://debuginfod.ubuntu.com /usr/bin/cmake --install /home/giacomo/IR_LABS/Assignments/ws_07_assignments/build/ir_launch
[0.764s] -- Install configuration: ""
[0.764s] -- Installing: /home/giacomo/IR_LABS/Assignments/ws_07_assignments/install/ir_launch/share/ament_index/resource_index/package_run_dependencies/ir_launch
[0.764s] -- Installing: /home/giacomo/IR_LABS/Assignments/ws_07_assignments/install/ir_launch/share/ament_index/resource_index/parent_prefix_path/ir_launch
[0.764s] -- Installing: /home/giacomo/IR_LABS/Assignments/ws_07_assignments/install/ir_launch/share/ir_launch/environment/ament_prefix_path.sh
[0.764s] -- Installing: /home/giacomo/IR_LABS/Assignments/ws_07_assignments/install/ir_launch/share/ir_launch/environment/ament_prefix_path.dsv
[0.764s] -- Installing: /home/giacomo/IR_LABS/Assignments/ws_07_assignments/install/ir_launch/share/ir_launch/environment/path.sh
[0.765s] -- Installing: /home/giacomo/IR_LABS/Assignments/ws_07_assignments/install/ir_launch/share/ir_launch/environment/path.dsv
[0.765s] -- Installing: /home/giacomo/IR_LABS/Assignments/ws_07_assignments/install/ir_launch/share/ir_launch/local_setup.bash
[0.765s] -- Installing: /home/giacomo/IR_LABS/Assignments/ws_07_assignments/install/ir_launch/share/ir_launch/local_setup.sh
[0.765s] -- Installing: /home/giacomo/IR_LABS/Assignments/ws_07_assignments/install/ir_launch/share/ir_launch/local_setup.zsh
[0.765s] -- Installing: /home/giacomo/IR_LABS/Assignments/ws_07_assignments/install/ir_launch/share/ir_launch/local_setup.dsv
[0.765s] -- Installing: /home/giacomo/IR_LABS/Assignments/ws_07_assignments/install/ir_launch/share/ir_launch/package.dsv
[0.765s] -- Installing: /home/giacomo/IR_LABS/Assignments/ws_07_assignments/install/ir_launch/share/ament_index/resource_index/packages/ir_launch
[0.765s] -- Installing: /home/giacomo/IR_LABS/Assignments/ws_07_assignments/install/ir_launch/share/ir_launch/cmake/ir_launchConfig.cmake
[0.765s] -- Installing: /home/giacomo/IR_LABS/Assignments/ws_07_assignments/install/ir_launch/share/ir_launch/cmake/ir_launchConfig-version.cmake
[0.765s] -- Installing: /home/giacomo/IR_LABS/Assignments/ws_07_assignments/install/ir_launch/share/ir_launch/package.xml
[0.765s] -- Installing: /home/giacomo/IR_LABS/Assignments/ws_07_assignments/install/ir_launch/share/ir_launch/launch
[0.765s] -- Installing: /home/giacomo/IR_LABS/Assignments/ws_07_assignments/install/ir_launch/share/ir_launch/launch/assignment_1.launch.py
[0.765s] -- Installing: /home/giacomo/IR_LABS/Assignments/ws_07_assignments/install/ir_launch/share/ir_launch/launch/exercise_4.launch.py
[0.765s] -- Installing: /home/giacomo/IR_LABS/Assignments/ws_07_assignments/install/ir_launch/share/ir_launch/launch/spawn_tb3_launch.py
[0.765s] -- Installing: /home/giacomo/IR_LABS/Assignments/ws_07_assignments/install/ir_launch/share/ir_launch/launch/assignment_2.launch.py
[0.766s] Invoked command in '/home/giacomo/IR_LABS/Assignments/ws_07_assignments/build/ir_launch' returned '0': CMAKE_PREFIX_PATH=${CMAKE_PREFIX_PATH}:/opt/ros/jazzy DEBUGINFOD_URLS=https://debuginfod.ubuntu.com /usr/bin/cmake --install /home/giacomo/IR_LABS/Assignments/ws_07_assignments/build/ir_launch
